******************************************************************************
                  TI ARM Linker PC v20.2.6                     
******************************************************************************
>> Linked Wed Sep 28 19:16:47 2022

OUTPUT FILE NAME:   <EJEMPLOS.out>
ENTRY POINT SYMBOL: "_c_int00_noargs"  address: 00000869


MEMORY CONFIGURATION

         name            origin    length      used     unused   attr    fill
----------------------  --------  ---------  --------  --------  ----  --------
  FLASH                 00000000   00100000  00000bc8  000ff438  R  X
  SRAM                  20000000   00040000  00001074  0003ef8c  RW X


SEGMENT ALLOCATION MAP

run origin  load origin   length   init length attrs members
----------  ----------- ---------- ----------- ----- -------
00000000    00000000    00000bc8   00000bc8    r-x
  00000000    00000000    00000208   00000208    r-- .intvecs
  00000208    00000208    00000744   00000744    r-x .text
  0000094c    0000094c    00000254   00000254    r-- .const
  00000ba0    00000ba0    00000028   00000028    r-- .cinit
20000000    20000000    00001074   00000000    rw-
  20000000    20000000    00001000   00000000    rw- .stack
  20001000    20001000    00000074   00000000    rw- .data


SECTION ALLOCATION MAP

 output                                  attributes/
section   page    origin      length       input sections
--------  ----  ----------  ----------   ----------------
.intvecs   0    00000000    00000208     
                  00000000    00000208     tm4c1294ncpdt_startup_ccs.obj (.intvecs)

.text      0    00000208    00000744     
                  00000208    00000200     driverlib.lib : sysctl.obj (.text:SysCtlClockFreqSet)
                  00000408    0000016c                   : gpio.obj (.text:GPIOPadConfigSet)
                  00000574    00000130     EJEMPLO2_1819.obj (.text)
                  000006a4    0000009c     rtsv7M4_T_le_v4SPD16_eabi.lib : memcpy_t2.asm.obj (.text)
                  00000740    00000068                                   : copy_decompress_lzss.c.obj (.text:decompress:lzss:__TI_decompress_lzss)
                  000007a8    00000048     driverlib.lib : sysctl.obj (.text:_SysCtlFrequencyGet)
                  000007f0    00000044     rtsv7M4_T_le_v4SPD16_eabi.lib : autoinit.c.obj (.text:__TI_auto_init_nobinit_nopinit:__TI_auto_init_nobinit_nopinit)
                  00000834    00000034     driverlib.lib : sysctl.obj (.text:SysCtlPeripheralEnable)
                  00000868    00000034     rtsv7M4_T_le_v4SPD16_eabi.lib : boot_cortex_m.c.obj (.text:_c_int00_noargs:_c_int00_noargs)
                  0000089c    0000002c     driverlib.lib : gpio.obj (.text:GPIODirModeSet)
                  000008c8    00000020                   : sysctl.obj (.text:_SysCtlMemTimingGet)
                  000008e8    0000001a                   : gpio.obj (.text:GPIOPinTypeGPIOOutput)
                  00000902    00000016                   : gpio.obj (.text:GPIOPinTypeGPIOInput)
                  00000918    0000000e     rtsv7M4_T_le_v4SPD16_eabi.lib : copy_decompress_none.c.obj (.text:decompress:none:__TI_decompress_none)
                  00000926    0000000c     tm4c1294ncpdt_startup_ccs.obj (.text)
                  00000932    00000006     driverlib.lib : gpio.obj (.text:GPIOPinRead)
                  00000938    00000006                   : gpio.obj (.text:GPIOPinWrite)
                  0000093e    00000006                   : sysctl.obj (.text:SysCtlDelay)
                  00000944    00000004     rtsv7M4_T_le_v4SPD16_eabi.lib : pre_init.c.obj (.text:_system_pre_init)
                  00000948    00000004                                   : exit.c.obj (.text:abort:abort)

.const     0    0000094c    00000254     
                  0000094c    000001b0     driverlib.lib : sysctl.obj (.const:g_pppui32XTALtoVCO)
                  00000afc    0000006c                   : sysctl.obj (.const:g_pui32Xtals)
                  00000b68    00000030                   : sysctl.obj (.const:g_sXTALtoMEMTIM)
                  00000b98    00000008                   : sysctl.obj (.const:g_pui32VCOFrequencies)

.cinit     0    00000ba0    00000028     
                  00000ba0    00000018     (.cinit..data.load) [load image, compression = lzss]
                  00000bb8    00000008     (__TI_handler_table)
                  00000bc0    00000008     (__TI_cinit_table)

.init_array 
*          0    00000000    00000000     UNINITIALIZED

.data      0    20001000    00000074     UNINITIALIZED
                  20001000    00000070     EJEMPLO2_1819.obj (.data:LED)
                  20001070    00000004     EJEMPLO2_1819.obj (.data)

.stack     0    20000000    00001000     UNINITIALIZED
                  20000000    00000004     rtsv7M4_T_le_v4SPD16_eabi.lib : boot_cortex_m.c.obj (.stack)
                  20000004    00000ffc     --HOLE--

__llvm_prf_cnts 
*          0    20000000    00000000     UNINITIALIZED

MODULE SUMMARY

       Module                          code   ro data   rw data
       ------                          ----   -------   -------
    .\
       tm4c1294ncpdt_startup_ccs.obj   12     520       0      
       EJEMPLO2_1819.obj               304    0         116    
    +--+-------------------------------+------+---------+---------+
       Total:                          316    520       116    
                                                               
    D:/CodeComposer/ti/TivaWare_C_Series-2.2.0.295/driverlib/ccs/Debug/driverlib.lib
       sysctl.obj                      674    596       0      
       gpio.obj                        468    0         0      
    +--+-------------------------------+------+---------+---------+
       Total:                          1142   596       0      
                                                               
    D:\CodeComposer\ccs\tools\compiler\ti-cgt-arm_20.2.6.LTS\lib\rtsv7M4_T_le_v4SPD16_eabi.lib
       memcpy_t2.asm.obj               156    0         0      
       copy_decompress_lzss.c.obj      104    0         0      
       autoinit.c.obj                  68     0         0      
       boot_cortex_m.c.obj             52     0         0      
       copy_decompress_none.c.obj      14     0         0      
       exit.c.obj                      4      0         0      
       pre_init.c.obj                  4      0         0      
    +--+-------------------------------+------+---------+---------+
       Total:                          402    0         0      
                                                               
       Stack:                          0      0         4096   
       Linker Generated:               0      40        0      
    +--+-------------------------------+------+---------+---------+
       Grand Total:                    1860   1156      4212   


LINKER GENERATED COPY TABLES

__TI_cinit_table @ 00000bc0 records: 1, size/record: 8, table size: 8
	.data: load addr=00000ba0, load size=00000018 bytes, run addr=20001000, run size=00000074 bytes, compression=lzss


LINKER GENERATED HANDLER TABLE

__TI_handler_table @ 00000bb8 records: 2, size/record: 4, table size: 8
	index: 0, handler: __TI_decompress_lzss
	index: 1, handler: __TI_decompress_none


GLOBAL SYMBOLS: SORTED ALPHABETICALLY BY Name 

address   name                          
-------   ----                          
00000949  C$$EXIT                       
0000089d  GPIODirModeSet                
00000409  GPIOPadConfigSet              
00000933  GPIOPinRead                   
00000903  GPIOPinTypeGPIOInput          
000008e9  GPIOPinTypeGPIOOutput         
00000939  GPIOPinWrite                  
20001000  LED                           
00000927  ResetISR                      
00000209  SysCtlClockFreqSet            
0000093f  SysCtlDelay                   
00000835  SysCtlPeripheralEnable        
20001000  __STACK_END                   
00001000  __STACK_SIZE                  
20000200  __STACK_TOP                   
00000bc0  __TI_CINIT_Base               
00000bc8  __TI_CINIT_Limit              
00000bb8  __TI_Handler_Table_Base       
00000bc0  __TI_Handler_Table_Limit      
000007f1  __TI_auto_init_nobinit_nopinit
00000741  __TI_decompress_lzss          
00000919  __TI_decompress_none          
ffffffff  __TI_pprof_out_hndl           
ffffffff  __TI_prof_data_size           
ffffffff  __TI_prof_data_start          
00000000  __TI_static_base__            
000006a5  __aeabi_memcpy                
000006a5  __aeabi_memcpy4               
000006a5  __aeabi_memcpy8               
ffffffff  __binit__                     
ffffffff  __c_args__                    
UNDEFED   __mpu_init                    
20000000  __stack                       
20000000  __start___llvm_prf_cnts       
20000000  __stop___llvm_prf_cnts        
00000869  _c_int00_noargs               
UNDEFED   _system_post_cinit            
00000945  _system_pre_init              
00000949  abort                         
ffffffff  binit                         
00000000  g_pfnVectors                  
00000575  main                          
000006a5  memcpy                        
20001070  reloj                         


GLOBAL SYMBOLS: SORTED BY Symbol Address 

address   name                          
-------   ----                          
00000000  __TI_static_base__            
00000000  g_pfnVectors                  
00000209  SysCtlClockFreqSet            
00000409  GPIOPadConfigSet              
00000575  main                          
000006a5  __aeabi_memcpy                
000006a5  __aeabi_memcpy4               
000006a5  __aeabi_memcpy8               
000006a5  memcpy                        
00000741  __TI_decompress_lzss          
000007f1  __TI_auto_init_nobinit_nopinit
00000835  SysCtlPeripheralEnable        
00000869  _c_int00_noargs               
0000089d  GPIODirModeSet                
000008e9  GPIOPinTypeGPIOOutput         
00000903  GPIOPinTypeGPIOInput          
00000919  __TI_decompress_none          
00000927  ResetISR                      
00000933  GPIOPinRead                   
00000939  GPIOPinWrite                  
0000093f  SysCtlDelay                   
00000945  _system_pre_init              
00000949  C$$EXIT                       
00000949  abort                         
00000bb8  __TI_Handler_Table_Base       
00000bc0  __TI_CINIT_Base               
00000bc0  __TI_Handler_Table_Limit      
00000bc8  __TI_CINIT_Limit              
00001000  __STACK_SIZE                  
20000000  __stack                       
20000000  __start___llvm_prf_cnts       
20000000  __stop___llvm_prf_cnts        
20000200  __STACK_TOP                   
20001000  LED                           
20001000  __STACK_END                   
20001070  reloj                         
ffffffff  __TI_pprof_out_hndl           
ffffffff  __TI_prof_data_size           
ffffffff  __TI_prof_data_start          
ffffffff  __binit__                     
ffffffff  __c_args__                    
ffffffff  binit                         
UNDEFED   __mpu_init                    
UNDEFED   _system_post_cinit            

[44 symbols]
