******************************************************************************
                  TI ARM Linker PC v20.2.6                     
******************************************************************************
>> Linked Wed Nov  2 19:25:04 2022

OUTPUT FILE NAME:   <PRACTICA_4.out>
ENTRY POINT SYMBOL: "_c_int00_noargs"  address: 00014a65


MEMORY CONFIGURATION

         name            origin    length      used     unused   attr    fill
----------------------  --------  ---------  --------  --------  ----  --------
  FLASH                 00000000   00100000  000162ae  000e9d52  R  X
  SRAM                  20000000   00040000  000032a3  0003cd5d  RW X


SEGMENT ALLOCATION MAP

run origin  load origin   length   init length attrs members
----------  ----------- ---------- ----------- ----- -------
00000000    00000000    000162b8   000162b8    r-x
  00000000    00000000    00000208   00000208    r-- .intvecs
  00000208    00000208    00014b74   00014b74    r-x .text
  00014d80    00014d80    000014d2   000014d2    r-- .const
  00016258    00016258    00000060   00000060    r-- .cinit
20000000    20000000    000032a8   00000000    rw-
  20000000    20000000    0000026c   00000000    rw- .vtable
  20000270    20000270    00002000   00000000    rw- .stack
  20002270    20002270    00000bb7   00000000    rw- .bss
  20002e28    20002e28    00000480   00000000    rw- .data


SECTION ALLOCATION MAP

 output                                  attributes/
section   page    origin      length       input sections
--------  ----  ----------  ----------   ----------------
.intvecs   0    00000000    00000208     
                  00000000    00000208     tm4c1294ncpdt_startup_ccs.obj (.intvecs)

.text      0    00000208    00014b74     
                  00000208    0000d5e0     SENSORLIB2.lib : bmi160.obj (.text)
                  0000d7e8    00001e28                    : bme280.obj (.text)
                  0000f610    00001058     ft800_TIVA.obj (.text)
                  00010668    00000c44     SENSORLIB2.lib : bmi160_support.obj (.text)
                  000112ac    00000a4e     rtsv7M4_T_le_v4SPD16_eabi.lib : _printfi.c.obj (.text:__TI_printfi)
                  00011cfa    00000002                                   : div0.asm.obj (.text)
                  00011cfc    0000093c     analogico.obj (.text)
                  00012638    000004a0     HAL_I2C.obj (.text)
                  00012ad8    0000028c     SENSORLIB2.lib : bme280_support.obj (.text)
                  00012d64    00000270     rtsv7M4_T_le_v4SPD16_eabi.lib : _printfi.c.obj (.text:_pconv_a)
                  00012fd4    00000200     driverlib.lib : sysctl.obj (.text:SysCtlClockFreqSet)
                  000131d4    00000200     rtsv7M4_T_le_v4SPD16_eabi.lib : s_exp2.c.obj (.text:exp2)
                  000133d4    000001d0                                   : _printfi.c.obj (.text:_pconv_g)
                  000135a4    000001b6                                   : fd_add_t2.asm.obj (.text)
                  0001375a    00000002     --HOLE-- [fill = 0]
                  0001375c    0000016c     driverlib.lib : gpio.obj (.text:GPIOPadConfigSet)
                  000138c8    0000013c     rtsv7M4_T_le_v4SPD16_eabi.lib : _printfi.c.obj (.text:_pconv_e)
                  00013a04    00000136                                   : fd_div_t2.asm.obj (.text)
                  00013b3a    00000002     --HOLE-- [fill = 0]
                  00013b3c    00000124                                   : _printfi.c.obj (.text:fcvt)
                  00013c60    00000110                                   : s_scalbn.c.obj (.text:scalbn)
                  00013d70    000000fc                                   : fd_mul_t2.asm.obj (.text)
                  00013e6c    000000d8     SENSORLIB2.lib : HAL_OPT3001.obj (.text)
                  00013f44    000000b1     rtsv7M4_T_le_v4SPD16_eabi.lib : _printfi.c.obj (.text:_ltostr)
                  00013ff5    00000001     --HOLE-- [fill = 0]
                  00013ff6    0000009c                                   : memcpy_t2.asm.obj (.text)
                  00014092    00000096                                   : ull_div_t2.asm.obj (.text)
                  00014128    00000086                                   : fd_cmp_t2.asm.obj (.text:__aeabi_cdcmple)
                  000141ae    00000086                                   : fd_cmp_t2.asm.obj (.text:__aeabi_cdrcmple)
                  00014234    0000007a                                   : memset_t2.asm.obj (.text)
                  000142ae    0000006e                                   : _printfi.c.obj (.text:_mcpy)
                  0001431c    0000006e                                   : fd_tos_t2.asm.obj (.text)
                  0001438a    0000006e                                   : ll_div_t2.asm.obj (.text)
                  000143f8    00000068     driverlib.lib : interrupt.obj (.text:IntEnable)
                  00014460    00000068     rtsv7M4_T_le_v4SPD16_eabi.lib : copy_decompress_lzss.c.obj (.text:decompress:lzss:__TI_decompress_lzss)
                  000144c8    00000064                                   : s_frexp.c.obj (.text:frexp)
                  0001452c    00000060     driverlib.lib : timer.obj (.text:TimerConfigure)
                  0001458c    00000056     rtsv7M4_T_le_v4SPD16_eabi.lib : _printfi.c.obj (.text:_pconv_f)
                  000145e2    00000054                                   : _ltoa.c.obj (.text:__TI_ltoa)
                  00014636    00000052                                   : _printfi.c.obj (.text:_ecpy)
                  00014688    0000004c     driverlib.lib : gpio.obj (.text:GPIOPinConfigure)
                  000146d4    0000004c                   : i2c.obj (.text:I2CMasterInitExpClk)
                  00014720    0000004c                   : timer.obj (.text:_TimerIntNumberGet)
                  0001476c    0000004c     rtsv7M4_T_le_v4SPD16_eabi.lib : atoi.c.obj (.text:atoi)
                  000147b8    00000048     driverlib.lib : sysctl.obj (.text:SysCtlPeripheralClockGating)
                  00014800    00000048                   : sysctl.obj (.text:_SysCtlFrequencyGet)
                  00014848    00000048     rtsv7M4_T_le_v4SPD16_eabi.lib : fd_toi_t2.asm.obj (.text)
                  00014890    00000044                                   : autoinit.c.obj (.text:__TI_auto_init_nobinit_nopinit:__TI_auto_init_nobinit_nopinit)
                  000148d4    00000040                                   : sprintf.c.obj (.text:sprintf)
                  00014914    0000003e                                   : _printfi.c.obj (.text:_fcpy)
                  00014952    0000003c     driverlib.lib : ssi.obj (.text:SSIConfigSetExpClk)
                  0001498e    00000038     rtsv7M4_T_le_v4SPD16_eabi.lib : fs_tod_t2.asm.obj (.text)
                  000149c6    00000002     --HOLE-- [fill = 0]
                  000149c8    00000034     driverlib.lib : interrupt.obj (.text:IntRegister)
                  000149fc    00000034                   : sysctl.obj (.text:SysCtlPeripheralEnable)
                  00014a30    00000034                   : sysctl.obj (.text:SysCtlPeripheralSleepEnable)
                  00014a64    00000034     rtsv7M4_T_le_v4SPD16_eabi.lib : boot_cortex_m.c.obj (.text:_c_int00_noargs:_c_int00_noargs)
                  00014a98    0000002e                                   : i_tofd_t2.asm.obj (.text)
                  00014ac6    0000002c     driverlib.lib : gpio.obj (.text:GPIODirModeSet)
                  00014af2    00000002     --HOLE-- [fill = 0]
                  00014af4    00000020                   : sysctl.obj (.text:_SysCtlMemTimingGet)
                  00014b14    00000020     rtsv7M4_T_le_v4SPD16_eabi.lib : u_tofd_t2.asm.obj (.text)
                  00014b34    0000001c                                   : memccpy.c.obj (.text:memccpy)
                  00014b50    0000001a     driverlib.lib : gpio.obj (.text:GPIOPinTypeGPIOOutput)
                  00014b6a    0000001a     rtsv7M4_T_le_v4SPD16_eabi.lib : s_copysign.c.obj (.text:copysign)
                  00014b84    00000018     driverlib.lib : timer.obj (.text:TimerIntRegister)
                  00014b9c    00000018     rtsv7M4_T_le_v4SPD16_eabi.lib : sprintf.c.obj (.text:_outs)
                  00014bb4    00000018                                   : ll_mul_t2.asm.obj (.text)
                  00014bcc    00000016     driverlib.lib : gpio.obj (.text:GPIOPinTypeGPIOInput)
                  00014be2    00000016                   : gpio.obj (.text:GPIOPinTypeI2C)
                  00014bf8    00000016                   : gpio.obj (.text:GPIOPinTypeI2CSCL)
                  00014c0e    00000016                   : gpio.obj (.text:GPIOPinTypeSSI)
                  00014c24    00000016                   : i2c.obj (.text:I2CMasterErr)
                  00014c3a    00000016     rtsv7M4_T_le_v4SPD16_eabi.lib : strchr.c.obj (.text:strchr)
                  00014c50    00000014                                   : strlen.c.obj (.text:strlen)
                  00014c64    00000012     driverlib.lib : timer.obj (.text:TimerLoadSet)
                  00014c76    00000012                   : timer.obj (.text:TimerPrescaleSet)
                  00014c88    00000012     rtsv7M4_T_le_v4SPD16_eabi.lib : wcslen.c.obj (.text:wcslen)
                  00014c9a    00000010     driverlib.lib : interrupt.obj (.text:IntMasterEnable)
                  00014caa    0000000e                   : timer.obj (.text:TimerEnable)
                  00014cb8    0000000e     rtsv7M4_T_le_v4SPD16_eabi.lib : copy_decompress_none.c.obj (.text:decompress:none:__TI_decompress_none)
                  00014cc6    0000000c     driverlib.lib : cpu.obj (.text:CPUcpsie)
                  00014cd2    0000000c                   : ssi.obj (.text:SSIDataGet)
                  00014cde    0000000c     rtsv7M4_T_le_v4SPD16_eabi.lib : copy_zero_init.c.obj (.text:decompress:ZI:__TI_zero_init)
                  00014cea    0000000c     tm4c1294ncpdt_startup_ccs.obj (.text)
                  00014cf6    0000000a     driverlib.lib : i2c.obj (.text:I2CMasterEnable)
                  00014d00    0000000a                   : ssi.obj (.text:SSIDataPut)
                  00014d0a    0000000a                   : ssi.obj (.text:SSIEnable)
                  00014d14    0000000a     rtsv7M4_T_le_v4SPD16_eabi.lib : sprintf.c.obj (.text:_outc)
                  00014d1e    00000008     driverlib.lib : i2c.obj (.text:I2CMasterBusy)
                  00014d26    00000008                   : i2c.obj (.text:I2CMasterSlaveAddrSet)
                  00014d2e    00000008                   : ssi.obj (.text:SSIBusy)
                  00014d36    00000008                   : timer.obj (.text:TimerIntEnable)
                  00014d3e    00000002     --HOLE-- [fill = 0]
                  00014d40    00000008     rtsv7M4_T_le_v4SPD16_eabi.lib : errno.c.obj (.text:__aeabi_errno_addr)
                  00014d48    00000006     driverlib.lib : gpio.obj (.text:GPIOPinRead)
                  00014d4e    00000006                   : gpio.obj (.text:GPIOPinWrite)
                  00014d54    00000006                   : sysctl.obj (.text:SysCtlDelay)
                  00014d5a    00000006                   : timer.obj (.text:TimerClockSourceSet)
                  00014d60    00000004                   : cpu.obj (.text:CPUwfi)
                  00014d64    00000004                   : i2c.obj (.text:I2CMasterControl)
                  00014d68    00000004                   : i2c.obj (.text:I2CMasterDataGet)
                  00014d6c    00000004                   : i2c.obj (.text:I2CMasterDataPut)
                  00014d70    00000004                   : timer.obj (.text:TimerIntClear)
                  00014d74    00000004     rtsv7M4_T_le_v4SPD16_eabi.lib : pre_init.c.obj (.text:_system_pre_init)
                  00014d78    00000004                                   : exit.c.obj (.text:abort:abort)

.const     0    00014d80    000014d2     
                  00014d80    00001000     rtsv7M4_T_le_v4SPD16_eabi.lib : s_exp2.c.obj (.const:tbl)
                  00015d80    000001b0     driverlib.lib : sysctl.obj (.const:g_pppui32XTALtoVCO)
                  00015f30    00000101     rtsv7M4_T_le_v4SPD16_eabi.lib : ctype.c.obj (.const:.string:_ctypes_)
                  00016031    00000003     SENSORLIB2.lib : bmi160.obj (.const:.string:INVALID_OFFSET)
                  00016034    00000090     driverlib.lib : gpio.obj (.const:g_pui32GPIOBaseAddrs)
                  000160c4    0000006c                   : sysctl.obj (.const:g_pui32Xtals)
                  00016130    00000060                   : timer.obj (.const:g_ppui32TimerIntMap)
                  00016190    00000040                   : timer.obj (.const:g_ppui32TimerIntMapSnowflake)
                  000161d0    00000030                   : sysctl.obj (.const:g_sXTALtoMEMTIM)
                  00016200    00000018     analogico.obj (.const:REG_CAL)
                  00016218    00000014     driverlib.lib : interrupt.obj (.const:g_pui32EnRegs)
                  0001622c    0000000c     SENSORLIB2.lib : bmi160.obj (.const:yas532_version_ac_coef)
                  00016238    00000008     driverlib.lib : sysctl.obj (.const:g_pui32VCOFrequencies)
                  00016240    00000008     SENSORLIB2.lib : bmi160.obj (.const:v_calib_data$2)
                  00016248    00000005                    : bme280_support.obj (.const:.string:$P$T0$1)
                  0001624d    00000005                    : bmi160.obj (.const:.string:v_correct_u8$1)

.cinit     0    00016258    00000060     
                  00016258    00000026     (.cinit..data.load) [load image, compression = lzss]
                  0001627e    00000002     --HOLE-- [fill = 0]
                  00016280    0000000c     (__TI_handler_table)
                  0001628c    00000004     --HOLE-- [fill = 0]
                  00016290    00000008     (.cinit..bss.load) [load image, compression = zero_init]
                  00016298    00000008     (.cinit..vtable.load) [load image, compression = zero_init]
                  000162a0    00000018     (__TI_cinit_table)

.init_array 
*          0    00000000    00000000     UNINITIALIZED

.vtable    0    20000000    0000026c     UNINITIALIZED
                  20000000    0000026c     driverlib.lib : interrupt.obj (.vtable)

.bss       0    20002270    00000bb7     UNINITIALIZED
                  20002270    0000036c     (.common:accel_fifo)
                  200025dc    0000036c     (.common:gyro_fifo)
                  20002948    0000036c     (.common:mag_fifo)
                  20002cb4    00000070     SENSORLIB2.lib : bmi160.obj (.bss:yas532_data)
                  20002d24    00000050     (.common:string)
                  20002d74    0000003c     (.common:bme280)
                  20002db0    00000014     (.common:s_bmi160)
                  20002dc4    00000010                    : bmi160.obj (.bss:mag_trim)
                  20002dd4    00000006     (.common:accelxyz)
                  20002dda    00000006     (.common:gyroxyz)
                  20002de0    00000004                    : bmi160.obj (.bss)
                  20002de4    00000004     (.common:BufferXY)
                  20002de8    00000004     (.common:CS_PIN)
                  20002dec    00000004     (.common:CS_PORT)
                  20002df0    00000004     (.common:H_act)
                  20002df4    00000004     (.common:I2C_Base)
                  20002df8    00000004     (.common:PD_PIN)
                  20002dfc    00000004     (.common:PD_PORT)
                  20002e00    00000004     (.common:POSX)
                  20002e04    00000004     (.common:POSY)
                  20002e08    00000004     (.common:P_act)
                  20002e0c    00000004     (.common:PeriodoTimer)
                  20002e10    00000004     (.common:RELOJ)
                  20002e14    00000004     (.common:SSI_BASE)
                  20002e18    00000004     (.common:T_act)
                  20002e1c    00000004     (.common:lux)
                  20002e20    00000004     (.common:p_bme280)
                  20002e24    00000003                    : bmi160.obj (.bss:akm_asa_data)

.data      0    20002e28    00000480     UNINITIALIZED
                  20002e28    00000400     SENSORLIB2.lib : bmi160.obj (.data:v_fifo_data_u8)
                  20003228    00000050     analogico.obj (.data:LED_states)
                  20003278    00000024     analogico.obj (.data)
                  2000329c    00000008     SENSORLIB2.lib : bmi160.obj (.data)
                  200032a4    00000004     rtsv7M4_T_le_v4SPD16_eabi.lib : errno.c.obj (.data)

.stack     0    20000270    00002000     UNINITIALIZED
                  20000270    00000004     rtsv7M4_T_le_v4SPD16_eabi.lib : boot_cortex_m.c.obj (.stack)
                  20000274    00001ffc     --HOLE--

__llvm_prf_cnts 
*          0    20000000    00000000     UNINITIALIZED

MODULE SUMMARY

       Module                          code    ro data   rw data
       ------                          ----    -------   -------
    .\
       ft800_TIVA.obj                  4184    0         20     
       analogico.obj                   2364    24        232    
       HAL_I2C.obj                     1184    0         4      
       tm4c1294ncpdt_startup_ccs.obj   12      520       0      
    +--+-------------------------------+-------+---------+---------+
       Total:                          7744    544       256    
                                                                
    ../SENSORLIB2.lib
       bmi160.obj                      54752   28        3795   
       bme280.obj                      7720    0         4      
       bmi160_support.obj              3140    0         32     
       bme280_support.obj              652     5         60     
       HAL_OPT3001.obj                 216     0         0      
    +--+-------------------------------+-------+---------+---------+
       Total:                          66480   33        3891   
                                                                
    D:/CodeComposer/ti/TivaWare_C_Series-2.2.0.295/driverlib/ccs/Debug/driverlib.lib
       sysctl.obj                      798     596       0      
       interrupt.obj                   172     20        620    
       gpio.obj                        610     144       0      
       timer.obj                       264     160       0      
       i2c.obj                         136     0         0      
       ssi.obj                         100     0         0      
       cpu.obj                         16      0         0      
    +--+-------------------------------+-------+---------+---------+
       Total:                          2096    920       620    
                                                                
    D:\CodeComposer\ccs\tools\compiler\ti-cgt-arm_20.2.6.LTS\lib\rtsv7M4_T_le_v4SPD16_eabi.lib
       _printfi.c.obj                  4851    0         0      
       s_exp2.c.obj                    512     4096      0      
       fd_add_t2.asm.obj               438     0         0      
       fd_div_t2.asm.obj               310     0         0      
       s_scalbn.c.obj                  272     0         0      
       fd_cmp_t2.asm.obj               268     0         0      
       ctype.c.obj                     0       257       0      
       fd_mul_t2.asm.obj               252     0         0      
       memcpy_t2.asm.obj               156     0         0      
       ull_div_t2.asm.obj              150     0         0      
       memset_t2.asm.obj               122     0         0      
       fd_tos_t2.asm.obj               110     0         0      
       ll_div_t2.asm.obj               110     0         0      
       copy_decompress_lzss.c.obj      104     0         0      
       s_frexp.c.obj                   100     0         0      
       sprintf.c.obj                   98      0         0      
       _ltoa.c.obj                     84      0         0      
       atoi.c.obj                      76      0         0      
       fd_toi_t2.asm.obj               72      0         0      
       autoinit.c.obj                  68      0         0      
       fs_tod_t2.asm.obj               56      0         0      
       boot_cortex_m.c.obj             52      0         0      
       i_tofd_t2.asm.obj               46      0         0      
       u_tofd_t2.asm.obj               32      0         0      
       memccpy.c.obj                   28      0         0      
       s_copysign.c.obj                26      0         0      
       ll_mul_t2.asm.obj               24      0         0      
       strchr.c.obj                    22      0         0      
       strlen.c.obj                    20      0         0      
       wcslen.c.obj                    18      0         0      
       copy_decompress_none.c.obj      14      0         0      
       copy_zero_init.c.obj            12      0         0      
       errno.c.obj                     8       0         4      
       exit.c.obj                      4       0         0      
       pre_init.c.obj                  4       0         0      
       div0.asm.obj                    2       0         0      
    +--+-------------------------------+-------+---------+---------+
       Total:                          8521    4353      4      
                                                                
       Stack:                          0       0         8192   
       Linker Generated:               0       90        0      
    +--+-------------------------------+-------+---------+---------+
       Grand Total:                    84841   5940      12963  


LINKER GENERATED COPY TABLES

__TI_cinit_table @ 000162a0 records: 3, size/record: 8, table size: 24
	.data: load addr=00016258, load size=00000026 bytes, run addr=20002e28, run size=00000480 bytes, compression=lzss
	.bss: load addr=00016290, load size=00000008 bytes, run addr=20002270, run size=00000bb7 bytes, compression=zero_init
	.vtable: load addr=00016298, load size=00000008 bytes, run addr=20000000, run size=0000026c bytes, compression=zero_init


LINKER GENERATED HANDLER TABLE

__TI_handler_table @ 00016280 records: 3, size/record: 4, table size: 12
	index: 0, handler: __TI_zero_init
	index: 1, handler: __TI_decompress_lzss
	index: 2, handler: __TI_decompress_none


GLOBAL SYMBOLS: SORTED ALPHABETICALLY BY Name 

address   name                                                  
-------   ----                                                  
00012c23  BME280_I2C_bus_read                                   
00012bf7  BME280_I2C_bus_write                                  
00012c4f  BME280_SPI_bus_read                                   
00012cb5  BME280_SPI_bus_write                                  
00012d25  BME280_delay_msek                                     
00010225  Boton                                                 
20002de4  BufferXY                                              
00014d79  C$$EXIT                                               
2000328c  CMD_Offset                                            
00014cc7  CPUcpsie                                              
00014d61  CPUwfi                                                
20002de8  CS_PIN                                                
20002dec  CS_PORT                                               
0001045b  Calibra_touch                                         
00010139  ComBgcolor                                            
00010191  ComButton                                             
0001039f  ComCirculo                                            
0000fc5b  ComColor                                              
0000faf1  ComEsperaFin                                          
000100f7  ComFgcolor                                            
00011ea7  ComGauge                                              
000104c7  ComGradient                                           
000102b9  ComLine                                               
000103ff  ComLineWidth                                          
0000fce7  ComNum                                                
00010411  ComPointSize                                          
00011ef1  ComProgressBar                                        
00010305  ComRect                                               
000100ad  ComScrollbar                                          
00011f69  ComSlider                                             
0000fc95  ComTXT                                                
0000fd23  ComTeclas                                             
0000fc13  ComVertex2ff                                          
00010423  Com_Punto                                             
0000fbe5  Comando                                               
000126a7  Conf_Boosterpack                                      
0000f7af  Delay                                                 
00012639  Detecta_BP                                            
0000fdcd  Dibuja                                                
0000fd81  Ejecuta_Lista                                         
00010091  Esc_Reg                                               
0000fb63  EscribeRam16                                          
0000fb35  EscribeRam32                                          
0000fb91  EscribeRam8                                           
0000fbc3  EscribeRamTxt                                         
00012779  Espera_I2C                                            
000103db  Espera_pant                                           
0000fabf  FT800_IncCMDOffset                                    
0000fa39  FT800_SPI_HostCommand                                 
0000fa83  FT800_SPI_HostCommandDummyRead                        
0000f969  FT800_SPI_Read32                                      
0000fa0d  FT800_SPI_Read8                                       
0000f80f  FT800_SPI_SendAddressRD                               
0000f7b9  FT800_SPI_SendAddressWR                               
0000f8c9  FT800_SPI_Write16                                     
0000f873  FT800_SPI_Write32                                     
0000f8fb  FT800_SPI_Write8                                      
000105c9  Fadein                                                
00010585  Fadeout                                               
00010559  FinNota                                               
20003278  Flag_ints                                             
00014ac7  GPIODirModeSet                                        
0001375d  GPIOPadConfigSet                                      
00014689  GPIOPinConfigure                                      
00014d49  GPIOPinRead                                           
00014bcd  GPIOPinTypeGPIOInput                                  
00014b51  GPIOPinTypeGPIOOutput                                 
00014be3  GPIOPinTypeI2C                                        
00014bf9  GPIOPinTypeI2CSCL                                     
00014c0f  GPIOPinTypeSSI                                        
00014d4f  GPIOPinWrite                                          
0000f611  HAL_Init_SPI                                          
0000f775  HAL_SPI_CSHigh                                        
0000f763  HAL_SPI_CSLow                                         
0000f79b  HAL_SPI_PDhigh                                        
0000f789  HAL_SPI_PDlow                                         
0000f727  HAL_SPI_ReadWrite                                     
20002df0  H_act                                                 
00014d1f  I2CMasterBusy                                         
00014d65  I2CMasterControl                                      
00014d69  I2CMasterDataGet                                      
00014d6d  I2CMasterDataPut                                      
00014cf7  I2CMasterEnable                                       
00014c25  I2CMasterErr                                          
000146d5  I2CMasterInitExpClk                                   
00014d27  I2CMasterSlaveAddrSet                                 
20002df4  I2C_Base                                              
00012793  I2C_read16                                            
00012bc5  I2C_routine                                           
0001288f  I2C_setslave                                          
00012829  I2C_write16                                           
0000fdf9  Inicia_pantalla                                       
000143f9  IntEnable                                             
00014c9b  IntMasterEnable                                       
000149c9  IntRegister                                           
00011e1b  IntTimer1                                             
20003228  LED_states                                            
00010075  Lee_Reg                                               
00010041  Lee_pantalla                                          
0000fff5  Nueva_pantalla                                        
00013ebd  OPT3001_getLux                                        
00013e6d  OPT3001_init                                          
00013e99  OPT3001_readConfigReg                                 
00013e8d  OPT3001_readDeviceId                                  
00013eb1  OPT3001_readHighLimitReg                              
00013ea5  OPT3001_readLowLimitReg                               
00013e81  OPT3001_readManufacturerId                            
20002df8  PD_PIN                                                
20002dfc  PD_PORT                                               
20002e00  POSX                                                  
20002e04  POSY                                                  
20002e08  P_act                                                 
0000fd9b  PadFIFO                                               
20002e0c  PeriodoTimer                                          
00016200  REG_CAL                                               
20002e10  RELOJ                                                 
00014ceb  ResetISR                                              
00012be1  SPI_routine                                           
00014d2f  SSIBusy                                               
00014953  SSIConfigSetExpClk                                    
00014cd3  SSIDataGet                                            
00014d01  SSIDataPut                                            
00014d0b  SSIEnable                                             
20002e14  SSI_BASE                                              
00012fd5  SysCtlClockFreqSet                                    
00014d55  SysCtlDelay                                           
000147b9  SysCtlPeripheralClockGating                           
000149fd  SysCtlPeripheralEnable                                
00014a31  SysCtlPeripheralSleepEnable                           
00014d61  SysCtlSleep                                           
00011e0b  SysCtlSleepFake                                       
20002e18  T_act                                                 
0001273d  Test_I2C_Dir                                          
00014d5b  TimerClockSourceSet                                   
0001452d  TimerConfigure                                        
00014cab  TimerEnable                                           
00014d71  TimerIntClear                                         
00014d37  TimerIntEnable                                        
00014b85  TimerIntRegister                                      
00014c65  TimerLoadSet                                          
00014c77  TimerPrescaleSet                                      
00010523  TocaNota                                              
2000329c  V_bmm150_maual_auto_condition_u8                      
200032a0  V_fifo_time_U32                                       
00010505  VolNota                                               
20002270  __STACK_END                                           
00002000  __STACK_SIZE                                          
20000470  __STACK_TOP                                           
000162a0  __TI_CINIT_Base                                       
000162b8  __TI_CINIT_Limit                                      
00016280  __TI_Handler_Table_Base                               
0001628c  __TI_Handler_Table_Limit                              
00014891  __TI_auto_init_nobinit_nopinit                        
00014461  __TI_decompress_lzss                                  
00014cb9  __TI_decompress_none                                  
000145e3  __TI_ltoa                                             
ffffffff  __TI_pprof_out_hndl                                   
000112ad  __TI_printfi                                          
ffffffff  __TI_prof_data_size                                   
ffffffff  __TI_prof_data_start                                  
00000000  __TI_static_base__                                    
00014cdf  __TI_zero_init                                        
00014129  __aeabi_cdcmpeq                                       
00014129  __aeabi_cdcmple                                       
000141af  __aeabi_cdrcmple                                      
0001431d  __aeabi_d2f                                           
00014849  __aeabi_d2iz                                          
000135af  __aeabi_dadd                                          
00013a05  __aeabi_ddiv                                          
00013d71  __aeabi_dmul                                          
000135a5  __aeabi_dsub                                          
00014d41  __aeabi_errno_addr                                    
0001498f  __aeabi_f2d                                           
00014a99  __aeabi_i2d                                           
00011cfb  __aeabi_idiv0                                         
00011cfb  __aeabi_ldiv0                                         
0001438b  __aeabi_ldivmod                                       
00014bb5  __aeabi_lmul                                          
00014235  __aeabi_memclr                                        
00014235  __aeabi_memclr4                                       
00014235  __aeabi_memclr8                                       
00013ff7  __aeabi_memcpy                                        
00013ff7  __aeabi_memcpy4                                       
00013ff7  __aeabi_memcpy8                                       
00014237  __aeabi_memset                                        
00014237  __aeabi_memset4                                       
00014237  __aeabi_memset8                                       
00014b15  __aeabi_ui2d                                          
00014093  __aeabi_uldivmod                                      
ffffffff  __binit__                                             
ffffffff  __c_args__                                            
UNDEFED   __mpu_init                                            
20000270  __stack                                               
20000000  __start___llvm_prf_cnts                               
20000000  __stop___llvm_prf_cnts                                
00014a65  _c_int00_noargs                                       
00015f30  _ctypes_                                              
UNDEFED   _system_post_cinit                                    
00014d75  _system_pre_init                                      
00014d79  abort                                                 
20002270  accel_fifo                                            
20002dd4  accelxyz                                              
0001476d  atoi                                                  
ffffffff  binit                                                 
20002d74  bme280                                                
0000f165  bme280_compensate_humidity_double                     
0000db27  bme280_compensate_humidity_int32                      
0000dbdd  bme280_compensate_humidity_int32_sixteen_bit_output   
0000eec9  bme280_compensate_pressure_double                     
0000d9a1  bme280_compensate_pressure_int32                      
0000f36d  bme280_compensate_pressure_int64                      
0000f575  bme280_compensate_pressure_int64_twentyfour_bit_output
0000ed65  bme280_compensate_temperature_double                  
0000d89f  bme280_compensate_temperature_int32                   
0000d917  bme280_compensate_temperature_int32_sixteen_bit_output
0000f58f  bme280_compute_wait_time                              
00012ad9  bme280_data_readout_template                          
0000dcf7  bme280_get_calib_param                                
0000e7b7  bme280_get_filter                                     
0000eb1b  bme280_get_forced_uncomp_pressure_temperature_humidity
0000e213  bme280_get_oversamp_humidity                          
0000e05b  bme280_get_oversamp_pressure                          
0000de99  bme280_get_oversamp_temperature                       
0000e401  bme280_get_power_mode                                 
0000e609  bme280_get_spi3                                       
0000e96b  bme280_get_standby_durn                               
0000d7e9  bme280_init                                           
0000dc97  bme280_read_pressure_temperature_humidity             
0000ed1f  bme280_read_register                                  
0000dad1  bme280_read_uncomp_humidity                           
0000d941  bme280_read_uncomp_pressure                           
0000dc05  bme280_read_uncomp_pressure_temperature_humidity      
0000d83f  bme280_read_uncomp_temperature                        
0000e807  bme280_set_filter                                     
0000e26d  bme280_set_oversamp_humidity                          
0000e0b7  bme280_set_oversamp_pressure                          
0000def5  bme280_set_oversamp_temperature                       
0000e44f  bme280_set_power_mode                                 
0000e5c9  bme280_set_soft_rst                                   
0000e657  bme280_set_spi3                                       
0000e9bb  bme280_set_standby_durn                               
0000ecd9  bme280_write_register                                 
00007635  bmi160_accel_foc_trigger_xyz                          
0000ad35  bmi160_bmm150_mag_compensate_X                        
0000addf  bmi160_bmm150_mag_compensate_Y                        
0000ae89  bmi160_bmm150_mag_compensate_Z                        
0000acd9  bmi160_bmm150_mag_compensate_xyz                      
0000af29  bmi160_bmm150_mag_interface_init                      
0000b3cb  bmi160_bmm150_mag_set_power_mode                      
0000b1d5  bmi160_bmm150_mag_wakeup                              
0000c131  bmi160_bst_akm_compensate_X                           
0000c163  bmi160_bst_akm_compensate_Y                           
0000c195  bmi160_bst_akm_compensate_Z                           
0000c1c7  bmi160_bst_akm_compensate_xyz                         
0000bd29  bmi160_bst_akm_mag_interface_init                     
0000c215  bmi160_bst_akm_set_powermode                          
0000cbc5  bmi160_bst_yamaha_yas532_calib_values                 
0000c59f  bmi160_bst_yamaha_yas532_mag_interface_init           
0000d605  bmi160_bst_yas532_acquisition_command_register        
0000ca35  bmi160_bst_yas532_magnetic_measure_set_offset         
0000d18d  bmi160_bst_yas532_measurement_xyz_data                
0000d019  bmi160_bst_yas532_normal_measurement_data             
0000c8d5  bmi160_bst_yas532_set_initial_values                  
0000d6c9  bmi160_bst_yas532_set_offset                          
0000cf7d  bmi160_bst_yas532_xy1y2_to_linear                     
000096e5  bmi160_clear_step_counter                             
000106a5  bmi160_config_running_mode                            
00011269  bmi160_delay_ms                                       
00001929  bmi160_fifo_data                                      
000018c9  bmi160_fifo_length                                    
00001a41  bmi160_get_accel_bw                                   
00000f45  bmi160_get_accel_data_rdy                             
0000231b  bmi160_get_accel_fifo_filter_data                     
000087cf  bmi160_get_accel_offset_compensation_xaxis            
000088b5  bmi160_get_accel_offset_compensation_yaxis            
0000899f  bmi160_get_accel_offset_compensation_zaxis            
00008fff  bmi160_get_accel_offset_enable                        
00001963  bmi160_get_accel_output_data_rate                     
000005a5  bmi160_get_accel_power_mode_stat                      
00001bfd  bmi160_get_accel_range                                
000083c1  bmi160_get_accel_selftest_amp                         
0000820b  bmi160_get_accel_selftest_axis                        
000082e3  bmi160_get_accel_selftest_sign                        
00001b23  bmi160_get_accel_under_sampling_parameter             
00000ea9  bmi160_get_data_rdy_mag                               
000003d9  bmi160_get_drop_cmd_err                               
0000033d  bmi160_get_err_code                                   
00000475  bmi160_get_error_status                               
000002f1  bmi160_get_fatal_err                                  
000029c9  bmi160_get_fifo_accel_enable                          
00002253  bmi160_get_fifo_down_accel                            
000020ab  bmi160_get_fifo_down_gyro                             
00002aa9  bmi160_get_fifo_gyro_enable                           
00002815  bmi160_get_fifo_header_enable                         
000028ef  bmi160_get_fifo_mag_enable                            
00002483  bmi160_get_fifo_stop_on_full                          
00002723  bmi160_get_fifo_tag_intr1_enable                      
00002635  bmi160_get_fifo_tag_intr2_enable                      
0000255b  bmi160_get_fifo_time_enable                           
000023f5  bmi160_get_fifo_wm                                    
000071ff  bmi160_get_foc_accel_x                                
00007125  bmi160_get_foc_accel_y                                
0000705f  bmi160_get_foc_accel_z                                
0000787f  bmi160_get_foc_gyro_enable                            
00000e09  bmi160_get_foc_rdy                                    
00001e09  bmi160_get_gyro_bw                                    
00000ef7  bmi160_get_gyro_data_rdy                              
00002179  bmi160_get_gyro_fifo_filter_data                      
00008a85  bmi160_get_gyro_offset_compensation_xaxis             
00008c55  bmi160_get_gyro_offset_compensation_yaxis             
00008e2d  bmi160_get_gyro_offset_compensation_zaxis             
000090cf  bmi160_get_gyro_offset_enable                         
00001ced  bmi160_get_gyro_output_data_rate                      
00000557  bmi160_get_gyro_power_mode_stat                       
00001ee3  bmi160_get_gyro_range                                 
00000d6d  bmi160_get_gyro_selftest                              
0000849b  bmi160_get_gyro_selftest_start                        
00008057  bmi160_get_gyro_sleep_state                           
00007e9f  bmi160_get_gyro_sleep_trigger                         
00008131  bmi160_get_gyro_wakeup_intr                           
00007f77  bmi160_get_gyro_wakeup_trigger                        
00002b83  bmi160_get_i2c_device_addr                            
0000038b  bmi160_get_i2c_fail_err                               
00007ceb  bmi160_get_i2c_wdt_enable                             
00007c0b  bmi160_get_i2c_wdt_select                             
00007dc5  bmi160_get_if_mode                                    
00004317  bmi160_get_input_enable                               
00004811  bmi160_get_intr_any_motion                            
00005ee3  bmi160_get_intr_any_motion_durn                       
00006077  bmi160_get_intr_any_motion_thres                      
0000563d  bmi160_get_intr_data_rdy                              
00004b55  bmi160_get_intr_double_tap                            
00003c09  bmi160_get_intr_edge_ctrl                             
00003047  bmi160_get_intr_enable_0                              
000034b7  bmi160_get_intr_enable_1                              
0000391f  bmi160_get_intr_enable_2                              
00005321  bmi160_get_intr_fifo_full                             
000054ad  bmi160_get_intr_fifo_wm                               
00005005  bmi160_get_intr_flat                                  
00006ea7  bmi160_get_intr_flat_hold                             
00006f87  bmi160_get_intr_flat_hyst                             
00006dcf  bmi160_get_intr_flat_theta                            
00004685  bmi160_get_intr_high_g                                
00005dd7  bmi160_get_intr_high_g_durn                           
00005d0f  bmi160_get_intr_high_g_hyst                           
00005e5d  bmi160_get_intr_high_g_thres                          
00003d91  bmi160_get_intr_level                                 
000044a3  bmi160_get_intr_low_g                                 
00005a5b  bmi160_get_intr_low_g_durn                            
00005b67  bmi160_get_intr_low_g_hyst                            
00005c35  bmi160_get_intr_low_g_mode                            
00005ae1  bmi160_get_intr_low_g_thres                           
000058a3  bmi160_get_intr_low_high_source                       
00005981  bmi160_get_intr_motion_source                         
000049c9  bmi160_get_intr_nomotion                              
00004e73  bmi160_get_intr_orient                                
00006cf5  bmi160_get_intr_orient_axes_enable                    
0000699d  bmi160_get_intr_orient_blocking                       
00006a77  bmi160_get_intr_orient_hyst                           
000068bf  bmi160_get_intr_orient_mode                           
00006b3f  bmi160_get_intr_orient_theta                          
00006c17  bmi160_get_intr_orient_ud_enable                      
00003f23  bmi160_get_intr_output_type                           
00005191  bmi160_get_intr_pmu_trig                              
00006415  bmi160_get_intr_significant_motion_proof              
00006261  bmi160_get_intr_significant_motion_select             
0000633b  bmi160_get_intr_significant_motion_skip               
00004ce7  bmi160_get_intr_single_tap                            
00005faf  bmi160_get_intr_slow_no_motion_durn                   
00006183  bmi160_get_intr_slow_no_motion_select                 
000060fd  bmi160_get_intr_slow_no_motion_thres                  
000064ef  bmi160_get_intr_tap_durn                              
0000671f  bmi160_get_intr_tap_quiet                             
00006645  bmi160_get_intr_tap_shock                             
000057c9  bmi160_get_intr_tap_source                            
000067f9  bmi160_get_intr_tap_thres                             
0000423f  bmi160_get_latch_intr                                 
00002c4b  bmi160_get_mag_burst                                  
00000427  bmi160_get_mag_dada_rdy_err                           
00002ddd  bmi160_get_mag_manual_enable                          
00000dbb  bmi160_get_mag_manual_operation_stat                  
00002d11  bmi160_get_mag_offset                                 
00001fbb  bmi160_get_mag_output_data_rate                       
00000505  bmi160_get_mag_power_mode_stat                        
00002eb5  bmi160_get_mag_read_addr                              
00002f3b  bmi160_get_mag_write_addr                             
00002fc1  bmi160_get_mag_write_data                             
00008707  bmi160_get_nvm_counter                                
00007a59  bmi160_get_nvm_prog_enable                            
00000e57  bmi160_get_nvm_rdy                                    
000040af  bmi160_get_output_enable                              
00009825  bmi160_get_paging_enable                              
0000d7cf  bmi160_get_ptr                                        
000098ff  bmi160_get_pullup_configuration                       
00000d11  bmi160_get_sensor_time                                
0000863b  bmi160_get_spare0_trim                                
00007b33  bmi160_get_spi3                                       
00008575  bmi160_get_spi_enable                                 
0000102d  bmi160_get_stat0_any_motion_intr                      
000010c9  bmi160_get_stat0_double_tap_intr                      
000011b9  bmi160_get_stat0_flat_intr                            
00001165  bmi160_get_stat0_orient_intr                          
0000107b  bmi160_get_stat0_pmu_trigger_intr                     
00000fdf  bmi160_get_stat0_significant_intr                     
00001117  bmi160_get_stat0_single_tap_intr                      
00000f93  bmi160_get_stat0_step_intr                            
000012a3  bmi160_get_stat1_data_rdy_intr                        
000012f1  bmi160_get_stat1_fifo_full_intr                       
0000133f  bmi160_get_stat1_fifo_wm_intr                         
00001207  bmi160_get_stat1_high_g_intr                          
00001255  bmi160_get_stat1_low_g_intr                           
0000138d  bmi160_get_stat1_nomotion_intr                        
000013db  bmi160_get_stat2_any_motion_first_x                   
00001427  bmi160_get_stat2_any_motion_first_y                   
00001475  bmi160_get_stat2_any_motion_first_z                   
000014c9  bmi160_get_stat2_any_motion_sign                      
00001517  bmi160_get_stat2_tap_first_x                          
00001565  bmi160_get_stat2_tap_first_y                          
000015b3  bmi160_get_stat2_tap_first_z                          
00001601  bmi160_get_stat2_tap_sign                             
00001827  bmi160_get_stat3_flat                                 
0000164f  bmi160_get_stat3_high_g_first_x                       
0000169b  bmi160_get_stat3_high_g_first_y                       
000016e9  bmi160_get_stat3_high_g_first_z                       
00001737  bmi160_get_stat3_high_g_sign                          
00001785  bmi160_get_stat3_orient_xy                            
000017d9  bmi160_get_stat3_orient_z                             
000091eb  bmi160_get_step_config                                
000093bd  bmi160_get_step_counter_enable                        
00003b39  bmi160_get_step_detector_enable                       
0000974b  bmi160_get_target_page                                
00001875  bmi160_get_temp                                       
000111cb  bmi160_i2c_burst_read                                 
0001119f  bmi160_i2c_bus_read                                   
00011201  bmi160_i2c_bus_write                                  
00000209  bmi160_init                                           
00010669  bmi160_initialize_sensor                              
000110ed  bmi160_interrupt_configuration                        
00009515  bmi160_map_significant_motion_intr                    
000095fd  bmi160_map_step_detector_intr                         
00000ba1  bmi160_read_accel_x                                   
00000c9d  bmi160_read_accel_xyz                                 
00000bf5  bmi160_read_accel_y                                   
00000c49  bmi160_read_accel_z                                   
0000b885  bmi160_read_bmm150_mag_trim                           
0000c049  bmi160_read_bst_akm_sensitivity_data                  
000099dd  bmi160_read_fifo_header_data                          
0000a3ad  bmi160_read_fifo_headerless_mode                      
00000a2d  bmi160_read_gyro_x                                    
00000b29  bmi160_read_gyro_xyz                                  
00000a81  bmi160_read_gyro_y                                    
00000ad5  bmi160_read_gyro_z                                    
000007fd  bmi160_read_mag_r                                     
000005f3  bmi160_read_mag_x                                     
00000867  bmi160_read_mag_xyz                                   
00000971  bmi160_read_mag_xyzr                                  
000006a1  bmi160_read_mag_y                                     
0000074f  bmi160_read_mag_z                                     
000002ad  bmi160_read_reg                                       
00009197  bmi160_read_step_count                                
00001a8f  bmi160_set_accel_bw                                   
00002369  bmi160_set_accel_fifo_filter_data                     
000072dd  bmi160_set_accel_foc_trigger                          
0000881b  bmi160_set_accel_offset_compensation_xaxis            
00008901  bmi160_set_accel_offset_compensation_yaxis            
000089eb  bmi160_set_accel_offset_compensation_zaxis            
0000904d  bmi160_set_accel_offset_enable                        
000019af  bmi160_set_accel_output_data_rate                     
00001c49  bmi160_set_accel_range                                
0000840f  bmi160_set_accel_selftest_amp                         
00008257  bmi160_set_accel_selftest_axis                        
00008335  bmi160_set_accel_selftest_sign                        
00001b71  bmi160_set_accel_under_sampling_parameter             
0000b2a5  bmi160_set_bmm150_mag_and_secondary_if_power_mode     
0000b529  bmi160_set_bmm150_mag_presetmode                      
0000c439  bmi160_set_bst_akm_and_secondary_if_powermode         
00009711  bmi160_set_command_register                           
00002a17  bmi160_set_fifo_accel_enable                          
000022a1  bmi160_set_fifo_down_accel                            
000020f7  bmi160_set_fifo_down_gyro                             
00002af7  bmi160_set_fifo_gyro_enable                           
00002863  bmi160_set_fifo_header_enable                         
0000293d  bmi160_set_fifo_mag_enable                            
000024cf  bmi160_set_fifo_stop_on_full                          
00002775  bmi160_set_fifo_tag_intr1_enable                      
00002683  bmi160_set_fifo_tag_intr2_enable                      
000025a9  bmi160_set_fifo_time_enable                           
00002449  bmi160_set_fifo_wm                                    
0000724d  bmi160_set_foc_accel_x                                
00007173  bmi160_set_foc_accel_y                                
000070ab  bmi160_set_foc_accel_z                                
000078cd  bmi160_set_foc_gyro_enable                            
00001e57  bmi160_set_gyro_bw                                    
000021c7  bmi160_set_gyro_fifo_filter_data                      
00008b39  bmi160_set_gyro_offset_compensation_xaxis             
00008d11  bmi160_set_gyro_offset_compensation_yaxis             
00008ee3  bmi160_set_gyro_offset_compensation_zaxis             
0000911d  bmi160_set_gyro_offset_enable                         
00001d39  bmi160_set_gyro_output_data_rate                      
00001f2f  bmi160_set_gyro_range                                 
000084e9  bmi160_set_gyro_selftest_start                        
000080a5  bmi160_set_gyro_sleep_state                           
00007eeb  bmi160_set_gyro_sleep_trigger                         
0000817f  bmi160_set_gyro_wakeup_intr                           
00007fc5  bmi160_set_gyro_wakeup_trigger                        
00002bd1  bmi160_set_i2c_device_addr                            
00007d39  bmi160_set_i2c_wdt_enable                             
00007c59  bmi160_set_i2c_wdt_select                             
00007e13  bmi160_set_if_mode                                    
000043b1  bmi160_set_input_enable                               
000048ab  bmi160_set_intr_any_motion                            
00005f2f  bmi160_set_intr_any_motion_durn                       
000060c3  bmi160_set_intr_any_motion_thres                      
000056d7  bmi160_set_intr_data_rdy                              
00004bef  bmi160_set_intr_double_tap                            
00003c9f  bmi160_set_intr_edge_ctrl                             
000031dd  bmi160_set_intr_enable_0                              
00003645  bmi160_set_intr_enable_1                              
000039e7  bmi160_set_intr_enable_2                              
000053bb  bmi160_set_intr_fifo_full                             
00005547  bmi160_set_intr_fifo_wm                               
0000509f  bmi160_set_intr_flat                                  
00006ef5  bmi160_set_intr_flat_hold                             
00006fd3  bmi160_set_intr_flat_hyst                             
00006e1b  bmi160_set_intr_flat_theta                            
0000471f  bmi160_set_intr_high_g                                
00005e23  bmi160_set_intr_high_g_durn                           
00005d5d  bmi160_set_intr_high_g_hyst                           
00005ea9  bmi160_set_intr_high_g_thres                          
00003e2b  bmi160_set_intr_level                                 
00004537  bmi160_set_intr_low_g                                 
00005aa7  bmi160_set_intr_low_g_durn                            
00005bb3  bmi160_set_intr_low_g_hyst                            
00005c83  bmi160_set_intr_low_g_mode                            
00005b2d  bmi160_set_intr_low_g_thres                           
000058f5  bmi160_set_intr_low_high_source                       
000059cf  bmi160_set_intr_motion_source                         
00004a63  bmi160_set_intr_nomotion                              
00004f0d  bmi160_set_intr_orient                                
00006d43  bmi160_set_intr_orient_axes_enable                    
000069eb  bmi160_set_intr_orient_blocking                       
00006ac5  bmi160_set_intr_orient_hyst                           
00006911  bmi160_set_intr_orient_mode                           
00006b8b  bmi160_set_intr_orient_theta                          
00006c69  bmi160_set_intr_orient_ud_enable                      
00003fbd  bmi160_set_intr_output_type                           
00005227  bmi160_set_intr_pmu_trig                              
00006463  bmi160_set_intr_significant_motion_proof              
000062af  bmi160_set_intr_significant_motion_select             
00006389  bmi160_set_intr_significant_motion_skip               
00004d81  bmi160_set_intr_single_tap                            
00005ffd  bmi160_set_intr_slow_no_motion_durn                   
000061cf  bmi160_set_intr_slow_no_motion_select                 
00006149  bmi160_set_intr_slow_no_motion_thres                  
0000653b  bmi160_set_intr_tap_durn                              
0000676d  bmi160_set_intr_tap_quiet                             
00006693  bmi160_set_intr_tap_shock                             
00005817  bmi160_set_intr_tap_source                            
00006845  bmi160_set_intr_tap_thres                             
0000428b  bmi160_set_latch_intr                                 
00002c97  bmi160_set_mag_burst                                  
00002e2b  bmi160_set_mag_manual_enable                          
00002d5f  bmi160_set_mag_offset                                 
00002007  bmi160_set_mag_output_data_rate                       
00002f01  bmi160_set_mag_read_addr                              
00002f87  bmi160_set_mag_write_addr                             
0000300d  bmi160_set_mag_write_data                             
00008755  bmi160_set_nvm_counter                                
00007aa7  bmi160_set_nvm_prog_enable                            
00004149  bmi160_set_output_enable                              
00009873  bmi160_set_paging_enable                              
0000994d  bmi160_set_pullup_configuration                       
0000868d  bmi160_set_spare0_trim                                
00007b7f  bmi160_set_spi3                                       
000085c1  bmi160_set_spi_enable                                 
000092a9  bmi160_set_step_config                                
0000940b  bmi160_set_step_counter_enable                        
00003b8f  bmi160_set_step_detector_enable                       
00009497  bmi160_set_step_mode                                  
00009799  bmi160_set_target_page                                
0001122d  bmi160_spi_bus_read                                   
0001124b  bmi160_spi_bus_write                                  
00000269  bmi160_write_reg                                      
20003280  chipid                                                
20003284  cmdBufferRd                                           
20003288  cmdBufferWr                                           
00012085  control_leds                                          
00014b6b  copysign                                              
00014b6b  copysignl                                             
0001228d  dibuja_pantalla                                       
200032a4  errno                                                 
000131d5  exp2                                                  
000131d5  exp2l                                                 
000144c9  frexp                                                 
000144c9  frexpl                                                
20000000  g_pfnRAMVectors                                       
00000000  g_pfnVectors                                          
20003290  g_s32ActualTemp                                       
20003298  g_u32ActualHumity                                     
20003294  g_u32ActualPress                                      
200025dc  gyro_fifo                                             
20002dda  gyroxyz                                               
00011167  i2c_routine                                           
00013c61  ldexp                                                 
00013c61  ldexpl                                                
00011e3b  lee_sensores                                          
20002e1c  lux                                                   
20002948  mag_fifo                                              
00011cfd  main                                                  
00014b35  memccpy                                               
00013ff7  memcpy                                                
0001423d  memset                                                
20002e20  p_bme280                                              
000129b5  readI2C                                               
2000327c  ref_luz                                               
20002db0  s_bmi160                                              
00013c61  scalbn                                                
00013c61  scalbnl                                               
00011189  spi_routine                                           
000148d5  sprintf                                               
00014c3b  strchr                                                
20002d24  string                                                
00014c51  strlen                                                
20003279  t                                                     
00012207  update_LEDs                                           
20002e28  v_fifo_data_u8                                        
00014c89  wcslen                                                
000128b1  writeI2C                                              


GLOBAL SYMBOLS: SORTED BY Symbol Address 

address   name                                                  
-------   ----                                                  
00000000  __TI_static_base__                                    
00000000  g_pfnVectors                                          
00000209  bmi160_init                                           
00000269  bmi160_write_reg                                      
000002ad  bmi160_read_reg                                       
000002f1  bmi160_get_fatal_err                                  
0000033d  bmi160_get_err_code                                   
0000038b  bmi160_get_i2c_fail_err                               
000003d9  bmi160_get_drop_cmd_err                               
00000427  bmi160_get_mag_dada_rdy_err                           
00000475  bmi160_get_error_status                               
00000505  bmi160_get_mag_power_mode_stat                        
00000557  bmi160_get_gyro_power_mode_stat                       
000005a5  bmi160_get_accel_power_mode_stat                      
000005f3  bmi160_read_mag_x                                     
000006a1  bmi160_read_mag_y                                     
0000074f  bmi160_read_mag_z                                     
000007fd  bmi160_read_mag_r                                     
00000867  bmi160_read_mag_xyz                                   
00000971  bmi160_read_mag_xyzr                                  
00000a2d  bmi160_read_gyro_x                                    
00000a81  bmi160_read_gyro_y                                    
00000ad5  bmi160_read_gyro_z                                    
00000b29  bmi160_read_gyro_xyz                                  
00000ba1  bmi160_read_accel_x                                   
00000bf5  bmi160_read_accel_y                                   
00000c49  bmi160_read_accel_z                                   
00000c9d  bmi160_read_accel_xyz                                 
00000d11  bmi160_get_sensor_time                                
00000d6d  bmi160_get_gyro_selftest                              
00000dbb  bmi160_get_mag_manual_operation_stat                  
00000e09  bmi160_get_foc_rdy                                    
00000e57  bmi160_get_nvm_rdy                                    
00000ea9  bmi160_get_data_rdy_mag                               
00000ef7  bmi160_get_gyro_data_rdy                              
00000f45  bmi160_get_accel_data_rdy                             
00000f93  bmi160_get_stat0_step_intr                            
00000fdf  bmi160_get_stat0_significant_intr                     
0000102d  bmi160_get_stat0_any_motion_intr                      
0000107b  bmi160_get_stat0_pmu_trigger_intr                     
000010c9  bmi160_get_stat0_double_tap_intr                      
00001117  bmi160_get_stat0_single_tap_intr                      
00001165  bmi160_get_stat0_orient_intr                          
000011b9  bmi160_get_stat0_flat_intr                            
00001207  bmi160_get_stat1_high_g_intr                          
00001255  bmi160_get_stat1_low_g_intr                           
000012a3  bmi160_get_stat1_data_rdy_intr                        
000012f1  bmi160_get_stat1_fifo_full_intr                       
0000133f  bmi160_get_stat1_fifo_wm_intr                         
0000138d  bmi160_get_stat1_nomotion_intr                        
000013db  bmi160_get_stat2_any_motion_first_x                   
00001427  bmi160_get_stat2_any_motion_first_y                   
00001475  bmi160_get_stat2_any_motion_first_z                   
000014c9  bmi160_get_stat2_any_motion_sign                      
00001517  bmi160_get_stat2_tap_first_x                          
00001565  bmi160_get_stat2_tap_first_y                          
000015b3  bmi160_get_stat2_tap_first_z                          
00001601  bmi160_get_stat2_tap_sign                             
0000164f  bmi160_get_stat3_high_g_first_x                       
0000169b  bmi160_get_stat3_high_g_first_y                       
000016e9  bmi160_get_stat3_high_g_first_z                       
00001737  bmi160_get_stat3_high_g_sign                          
00001785  bmi160_get_stat3_orient_xy                            
000017d9  bmi160_get_stat3_orient_z                             
00001827  bmi160_get_stat3_flat                                 
00001875  bmi160_get_temp                                       
000018c9  bmi160_fifo_length                                    
00001929  bmi160_fifo_data                                      
00001963  bmi160_get_accel_output_data_rate                     
000019af  bmi160_set_accel_output_data_rate                     
00001a41  bmi160_get_accel_bw                                   
00001a8f  bmi160_set_accel_bw                                   
00001b23  bmi160_get_accel_under_sampling_parameter             
00001b71  bmi160_set_accel_under_sampling_parameter             
00001bfd  bmi160_get_accel_range                                
00001c49  bmi160_set_accel_range                                
00001ced  bmi160_get_gyro_output_data_rate                      
00001d39  bmi160_set_gyro_output_data_rate                      
00001e09  bmi160_get_gyro_bw                                    
00001e57  bmi160_set_gyro_bw                                    
00001ee3  bmi160_get_gyro_range                                 
00001f2f  bmi160_set_gyro_range                                 
00001fbb  bmi160_get_mag_output_data_rate                       
00002000  __STACK_SIZE                                          
00002007  bmi160_set_mag_output_data_rate                       
000020ab  bmi160_get_fifo_down_gyro                             
000020f7  bmi160_set_fifo_down_gyro                             
00002179  bmi160_get_gyro_fifo_filter_data                      
000021c7  bmi160_set_gyro_fifo_filter_data                      
00002253  bmi160_get_fifo_down_accel                            
000022a1  bmi160_set_fifo_down_accel                            
0000231b  bmi160_get_accel_fifo_filter_data                     
00002369  bmi160_set_accel_fifo_filter_data                     
000023f5  bmi160_get_fifo_wm                                    
00002449  bmi160_set_fifo_wm                                    
00002483  bmi160_get_fifo_stop_on_full                          
000024cf  bmi160_set_fifo_stop_on_full                          
0000255b  bmi160_get_fifo_time_enable                           
000025a9  bmi160_set_fifo_time_enable                           
00002635  bmi160_get_fifo_tag_intr2_enable                      
00002683  bmi160_set_fifo_tag_intr2_enable                      
00002723  bmi160_get_fifo_tag_intr1_enable                      
00002775  bmi160_set_fifo_tag_intr1_enable                      
00002815  bmi160_get_fifo_header_enable                         
00002863  bmi160_set_fifo_header_enable                         
000028ef  bmi160_get_fifo_mag_enable                            
0000293d  bmi160_set_fifo_mag_enable                            
000029c9  bmi160_get_fifo_accel_enable                          
00002a17  bmi160_set_fifo_accel_enable                          
00002aa9  bmi160_get_fifo_gyro_enable                           
00002af7  bmi160_set_fifo_gyro_enable                           
00002b83  bmi160_get_i2c_device_addr                            
00002bd1  bmi160_set_i2c_device_addr                            
00002c4b  bmi160_get_mag_burst                                  
00002c97  bmi160_set_mag_burst                                  
00002d11  bmi160_get_mag_offset                                 
00002d5f  bmi160_set_mag_offset                                 
00002ddd  bmi160_get_mag_manual_enable                          
00002e2b  bmi160_set_mag_manual_enable                          
00002eb5  bmi160_get_mag_read_addr                              
00002f01  bmi160_set_mag_read_addr                              
00002f3b  bmi160_get_mag_write_addr                             
00002f87  bmi160_set_mag_write_addr                             
00002fc1  bmi160_get_mag_write_data                             
0000300d  bmi160_set_mag_write_data                             
00003047  bmi160_get_intr_enable_0                              
000031dd  bmi160_set_intr_enable_0                              
000034b7  bmi160_get_intr_enable_1                              
00003645  bmi160_set_intr_enable_1                              
0000391f  bmi160_get_intr_enable_2                              
000039e7  bmi160_set_intr_enable_2                              
00003b39  bmi160_get_step_detector_enable                       
00003b8f  bmi160_set_step_detector_enable                       
00003c09  bmi160_get_intr_edge_ctrl                             
00003c9f  bmi160_set_intr_edge_ctrl                             
00003d91  bmi160_get_intr_level                                 
00003e2b  bmi160_set_intr_level                                 
00003f23  bmi160_get_intr_output_type                           
00003fbd  bmi160_set_intr_output_type                           
000040af  bmi160_get_output_enable                              
00004149  bmi160_set_output_enable                              
0000423f  bmi160_get_latch_intr                                 
0000428b  bmi160_set_latch_intr                                 
00004317  bmi160_get_input_enable                               
000043b1  bmi160_set_input_enable                               
000044a3  bmi160_get_intr_low_g                                 
00004537  bmi160_set_intr_low_g                                 
00004685  bmi160_get_intr_high_g                                
0000471f  bmi160_set_intr_high_g                                
00004811  bmi160_get_intr_any_motion                            
000048ab  bmi160_set_intr_any_motion                            
000049c9  bmi160_get_intr_nomotion                              
00004a63  bmi160_set_intr_nomotion                              
00004b55  bmi160_get_intr_double_tap                            
00004bef  bmi160_set_intr_double_tap                            
00004ce7  bmi160_get_intr_single_tap                            
00004d81  bmi160_set_intr_single_tap                            
00004e73  bmi160_get_intr_orient                                
00004f0d  bmi160_set_intr_orient                                
00005005  bmi160_get_intr_flat                                  
0000509f  bmi160_set_intr_flat                                  
00005191  bmi160_get_intr_pmu_trig                              
00005227  bmi160_set_intr_pmu_trig                              
00005321  bmi160_get_intr_fifo_full                             
000053bb  bmi160_set_intr_fifo_full                             
000054ad  bmi160_get_intr_fifo_wm                               
00005547  bmi160_set_intr_fifo_wm                               
0000563d  bmi160_get_intr_data_rdy                              
000056d7  bmi160_set_intr_data_rdy                              
000057c9  bmi160_get_intr_tap_source                            
00005817  bmi160_set_intr_tap_source                            
000058a3  bmi160_get_intr_low_high_source                       
000058f5  bmi160_set_intr_low_high_source                       
00005981  bmi160_get_intr_motion_source                         
000059cf  bmi160_set_intr_motion_source                         
00005a5b  bmi160_get_intr_low_g_durn                            
00005aa7  bmi160_set_intr_low_g_durn                            
00005ae1  bmi160_get_intr_low_g_thres                           
00005b2d  bmi160_set_intr_low_g_thres                           
00005b67  bmi160_get_intr_low_g_hyst                            
00005bb3  bmi160_set_intr_low_g_hyst                            
00005c35  bmi160_get_intr_low_g_mode                            
00005c83  bmi160_set_intr_low_g_mode                            
00005d0f  bmi160_get_intr_high_g_hyst                           
00005d5d  bmi160_set_intr_high_g_hyst                           
00005dd7  bmi160_get_intr_high_g_durn                           
00005e23  bmi160_set_intr_high_g_durn                           
00005e5d  bmi160_get_intr_high_g_thres                          
00005ea9  bmi160_set_intr_high_g_thres                          
00005ee3  bmi160_get_intr_any_motion_durn                       
00005f2f  bmi160_set_intr_any_motion_durn                       
00005faf  bmi160_get_intr_slow_no_motion_durn                   
00005ffd  bmi160_set_intr_slow_no_motion_durn                   
00006077  bmi160_get_intr_any_motion_thres                      
000060c3  bmi160_set_intr_any_motion_thres                      
000060fd  bmi160_get_intr_slow_no_motion_thres                  
00006149  bmi160_set_intr_slow_no_motion_thres                  
00006183  bmi160_get_intr_slow_no_motion_select                 
000061cf  bmi160_set_intr_slow_no_motion_select                 
00006261  bmi160_get_intr_significant_motion_select             
000062af  bmi160_set_intr_significant_motion_select             
0000633b  bmi160_get_intr_significant_motion_skip               
00006389  bmi160_set_intr_significant_motion_skip               
00006415  bmi160_get_intr_significant_motion_proof              
00006463  bmi160_set_intr_significant_motion_proof              
000064ef  bmi160_get_intr_tap_durn                              
0000653b  bmi160_set_intr_tap_durn                              
00006645  bmi160_get_intr_tap_shock                             
00006693  bmi160_set_intr_tap_shock                             
0000671f  bmi160_get_intr_tap_quiet                             
0000676d  bmi160_set_intr_tap_quiet                             
000067f9  bmi160_get_intr_tap_thres                             
00006845  bmi160_set_intr_tap_thres                             
000068bf  bmi160_get_intr_orient_mode                           
00006911  bmi160_set_intr_orient_mode                           
0000699d  bmi160_get_intr_orient_blocking                       
000069eb  bmi160_set_intr_orient_blocking                       
00006a77  bmi160_get_intr_orient_hyst                           
00006ac5  bmi160_set_intr_orient_hyst                           
00006b3f  bmi160_get_intr_orient_theta                          
00006b8b  bmi160_set_intr_orient_theta                          
00006c17  bmi160_get_intr_orient_ud_enable                      
00006c69  bmi160_set_intr_orient_ud_enable                      
00006cf5  bmi160_get_intr_orient_axes_enable                    
00006d43  bmi160_set_intr_orient_axes_enable                    
00006dcf  bmi160_get_intr_flat_theta                            
00006e1b  bmi160_set_intr_flat_theta                            
00006ea7  bmi160_get_intr_flat_hold                             
00006ef5  bmi160_set_intr_flat_hold                             
00006f87  bmi160_get_intr_flat_hyst                             
00006fd3  bmi160_set_intr_flat_hyst                             
0000705f  bmi160_get_foc_accel_z                                
[...]
0000c8d5  bmi160_bst_yas532_set_initial_values                  
0000ca35  bmi160_bst_yas532_magnetic_measure_set_offset         
0000cbc5  bmi160_bst_yamaha_yas532_calib_values                 
0000cf7d  bmi160_bst_yas532_xy1y2_to_linear                     
0000d019  bmi160_bst_yas532_normal_measurement_data             
0000d18d  bmi160_bst_yas532_measurement_xyz_data                
0000d605  bmi160_bst_yas532_acquisition_command_register        
0000d6c9  bmi160_bst_yas532_set_offset                          
0000d7cf  bmi160_get_ptr                                        
0000d7e9  bme280_init                                           
0000d83f  bme280_read_uncomp_temperature                        
0000d89f  bme280_compensate_temperature_int32                   
0000d917  bme280_compensate_temperature_int32_sixteen_bit_output
0000d941  bme280_read_uncomp_pressure                           
0000d9a1  bme280_compensate_pressure_int32                      
0000dad1  bme280_read_uncomp_humidity                           
0000db27  bme280_compensate_humidity_int32                      
0000dbdd  bme280_compensate_humidity_int32_sixteen_bit_output   
0000dc05  bme280_read_uncomp_pressure_temperature_humidity      
0000dc97  bme280_read_pressure_temperature_humidity             
0000dcf7  bme280_get_calib_param                                
0000de99  bme280_get_oversamp_temperature                       
0000def5  bme280_set_oversamp_temperature                       
0000e05b  bme280_get_oversamp_pressure                          
0000e0b7  bme280_set_oversamp_pressure                          
0000e213  bme280_get_oversamp_humidity                          
0000e26d  bme280_set_oversamp_humidity                          
0000e401  bme280_get_power_mode                                 
0000e44f  bme280_set_power_mode                                 
0000e5c9  bme280_set_soft_rst                                   
0000e609  bme280_get_spi3                                       
0000e657  bme280_set_spi3                                       
0000e7b7  bme280_get_filter                                     
0000e807  bme280_set_filter                                     
0000e96b  bme280_get_standby_durn                               
0000e9bb  bme280_set_standby_durn                               
0000eb1b  bme280_get_forced_uncomp_pressure_temperature_humidity
0000ecd9  bme280_write_register                                 
0000ed1f  bme280_read_register                                  
0000ed65  bme280_compensate_temperature_double                  
0000eec9  bme280_compensate_pressure_double                     
0000f165  bme280_compensate_humidity_double                     
0000f36d  bme280_compensate_pressure_int64                      
0000f575  bme280_compensate_pressure_int64_twentyfour_bit_output
0000f58f  bme280_compute_wait_time                              
0000f611  HAL_Init_SPI                                          
0000f727  HAL_SPI_ReadWrite                                     
0000f763  HAL_SPI_CSLow                                         
0000f775  HAL_SPI_CSHigh                                        
0000f789  HAL_SPI_PDlow                                         
0000f79b  HAL_SPI_PDhigh                                        
0000f7af  Delay                                                 
0000f7b9  FT800_SPI_SendAddressWR                               
0000f80f  FT800_SPI_SendAddressRD                               
0000f873  FT800_SPI_Write32                                     
0000f8c9  FT800_SPI_Write16                                     
0000f8fb  FT800_SPI_Write8                                      
0000f969  FT800_SPI_Read32                                      
0000fa0d  FT800_SPI_Read8                                       
0000fa39  FT800_SPI_HostCommand                                 
0000fa83  FT800_SPI_HostCommandDummyRead                        
0000fabf  FT800_IncCMDOffset                                    
0000faf1  ComEsperaFin                                          
0000fb35  EscribeRam32                                          
0000fb63  EscribeRam16                                          
0000fb91  EscribeRam8                                           
0000fbc3  EscribeRamTxt                                         
0000fbe5  Comando                                               
0000fc13  ComVertex2ff                                          
0000fc5b  ComColor                                              
0000fc95  ComTXT                                                
0000fce7  ComNum                                                
0000fd23  ComTeclas                                             
0000fd81  Ejecuta_Lista                                         
0000fd9b  PadFIFO                                               
0000fdcd  Dibuja                                                
0000fdf9  Inicia_pantalla                                       
0000fff5  Nueva_pantalla                                        
00010041  Lee_pantalla                                          
00010075  Lee_Reg                                               
00010091  Esc_Reg                                               
000100ad  ComScrollbar                                          
000100f7  ComFgcolor                                            
00010139  ComBgcolor                                            
00010191  ComButton                                             
00010225  Boton                                                 
000102b9  ComLine                                               
00010305  ComRect                                               
0001039f  ComCirculo                                            
000103db  Espera_pant                                           
000103ff  ComLineWidth                                          
00010411  ComPointSize                                          
00010423  Com_Punto                                             
0001045b  Calibra_touch                                         
000104c7  ComGradient                                           
00010505  VolNota                                               
00010523  TocaNota                                              
00010559  FinNota                                               
00010585  Fadeout                                               
000105c9  Fadein                                                
00010669  bmi160_initialize_sensor                              
000106a5  bmi160_config_running_mode                            
000110ed  bmi160_interrupt_configuration                        
00011167  i2c_routine                                           
00011189  spi_routine                                           
0001119f  bmi160_i2c_bus_read                                   
000111cb  bmi160_i2c_burst_read                                 
00011201  bmi160_i2c_bus_write                                  
0001122d  bmi160_spi_bus_read                                   
0001124b  bmi160_spi_bus_write                                  
00011269  bmi160_delay_ms                                       
000112ad  __TI_printfi                                          
00011cfb  __aeabi_idiv0                                         
00011cfb  __aeabi_ldiv0                                         
00011cfd  main                                                  
00011e0b  SysCtlSleepFake                                       
00011e1b  IntTimer1                                             
00011e3b  lee_sensores                                          
00011ea7  ComGauge                                              
00011ef1  ComProgressBar                                        
00011f69  ComSlider                                             
00012085  control_leds                                          
00012207  update_LEDs                                           
0001228d  dibuja_pantalla                                       
00012639  Detecta_BP                                            
000126a7  Conf_Boosterpack                                      
0001273d  Test_I2C_Dir                                          
00012779  Espera_I2C                                            
00012793  I2C_read16                                            
00012829  I2C_write16                                           
0001288f  I2C_setslave                                          
000128b1  writeI2C                                              
000129b5  readI2C                                               
00012ad9  bme280_data_readout_template                          
00012bc5  I2C_routine                                           
00012be1  SPI_routine                                           
00012bf7  BME280_I2C_bus_write                                  
00012c23  BME280_I2C_bus_read                                   
00012c4f  BME280_SPI_bus_read                                   
00012cb5  BME280_SPI_bus_write                                  
00012d25  BME280_delay_msek                                     
00012fd5  SysCtlClockFreqSet                                    
000131d5  exp2                                                  
000131d5  exp2l                                                 
000135a5  __aeabi_dsub                                          
000135af  __aeabi_dadd                                          
0001375d  GPIOPadConfigSet                                      
00013a05  __aeabi_ddiv                                          
00013c61  ldexp                                                 
00013c61  ldexpl                                                
00013c61  scalbn                                                
00013c61  scalbnl                                               
00013d71  __aeabi_dmul                                          
00013e6d  OPT3001_init                                          
00013e81  OPT3001_readManufacturerId                            
00013e8d  OPT3001_readDeviceId                                  
00013e99  OPT3001_readConfigReg                                 
00013ea5  OPT3001_readLowLimitReg                               
00013eb1  OPT3001_readHighLimitReg                              
00013ebd  OPT3001_getLux                                        
00013ff7  __aeabi_memcpy                                        
00013ff7  __aeabi_memcpy4                                       
00013ff7  __aeabi_memcpy8                                       
00013ff7  memcpy                                                
00014093  __aeabi_uldivmod                                      
00014129  __aeabi_cdcmpeq                                       
00014129  __aeabi_cdcmple                                       
000141af  __aeabi_cdrcmple                                      
00014235  __aeabi_memclr                                        
00014235  __aeabi_memclr4                                       
00014235  __aeabi_memclr8                                       
00014237  __aeabi_memset                                        
00014237  __aeabi_memset4                                       
00014237  __aeabi_memset8                                       
0001423d  memset                                                
0001431d  __aeabi_d2f                                           
0001438b  __aeabi_ldivmod                                       
000143f9  IntEnable                                             
00014461  __TI_decompress_lzss                                  
000144c9  frexp                                                 
000144c9  frexpl                                                
0001452d  TimerConfigure                                        
000145e3  __TI_ltoa                                             
00014689  GPIOPinConfigure                                      
000146d5  I2CMasterInitExpClk                                   
0001476d  atoi                                                  
000147b9  SysCtlPeripheralClockGating                           
00014849  __aeabi_d2iz                                          
00014891  __TI_auto_init_nobinit_nopinit                        
000148d5  sprintf                                               
00014953  SSIConfigSetExpClk                                    
0001498f  __aeabi_f2d                                           
000149c9  IntRegister                                           
000149fd  SysCtlPeripheralEnable                                
00014a31  SysCtlPeripheralSleepEnable                           
00014a65  _c_int00_noargs                                       
00014a99  __aeabi_i2d                                           
00014ac7  GPIODirModeSet                                        
00014b15  __aeabi_ui2d                                          
00014b35  memccpy                                               
00014b51  GPIOPinTypeGPIOOutput                                 
00014b6b  copysign                                              
00014b6b  copysignl                                             
00014b85  TimerIntRegister                                      
00014bb5  __aeabi_lmul                                          
00014bcd  GPIOPinTypeGPIOInput                                  
00014be3  GPIOPinTypeI2C                                        
00014bf9  GPIOPinTypeI2CSCL                                     
00014c0f  GPIOPinTypeSSI                                        
00014c25  I2CMasterErr                                          
00014c3b  strchr                                                
00014c51  strlen                                                
00014c65  TimerLoadSet                                          
00014c77  TimerPrescaleSet                                      
00014c89  wcslen                                                
00014c9b  IntMasterEnable                                       
00014cab  TimerEnable                                           
00014cb9  __TI_decompress_none                                  
00014cc7  CPUcpsie                                              
00014cd3  SSIDataGet                                            
00014cdf  __TI_zero_init                                        
00014ceb  ResetISR                                              
00014cf7  I2CMasterEnable                                       
00014d01  SSIDataPut                                            
00014d0b  SSIEnable                                             
00014d1f  I2CMasterBusy                                         
00014d27  I2CMasterSlaveAddrSet                                 
00014d2f  SSIBusy                                               
00014d37  TimerIntEnable                                        
00014d41  __aeabi_errno_addr                                    
00014d49  GPIOPinRead                                           
00014d4f  GPIOPinWrite                                          
00014d55  SysCtlDelay                                           
00014d5b  TimerClockSourceSet                                   
00014d61  CPUwfi                                                
00014d61  SysCtlSleep                                           
00014d65  I2CMasterControl                                      
00014d69  I2CMasterDataGet                                      
00014d6d  I2CMasterDataPut                                      
00014d71  TimerIntClear                                         
00014d75  _system_pre_init                                      
00014d79  C$$EXIT                                               
00014d79  abort                                                 
00015f30  _ctypes_                                              
00016200  REG_CAL                                               
00016280  __TI_Handler_Table_Base                               
0001628c  __TI_Handler_Table_Limit                              
000162a0  __TI_CINIT_Base                                       
000162b8  __TI_CINIT_Limit                                      
20000000  __start___llvm_prf_cnts                               
20000000  __stop___llvm_prf_cnts                                
20000000  g_pfnRAMVectors                                       
20000270  __stack                                               
20000470  __STACK_TOP                                           
20002270  __STACK_END                                           
20002270  accel_fifo                                            
200025dc  gyro_fifo                                             
20002948  mag_fifo                                              
20002d24  string                                                
20002d74  bme280                                                
20002db0  s_bmi160                                              
20002dd4  accelxyz                                              
20002dda  gyroxyz                                               
20002de4  BufferXY                                              
20002de8  CS_PIN                                                
20002dec  CS_PORT                                               
20002df0  H_act                                                 
20002df4  I2C_Base                                              
20002df8  PD_PIN                                                
20002dfc  PD_PORT                                               
20002e00  POSX                                                  
20002e04  POSY                                                  
20002e08  P_act                                                 
20002e0c  PeriodoTimer                                          
20002e10  RELOJ                                                 
20002e14  SSI_BASE                                              
20002e18  T_act                                                 
20002e1c  lux                                                   
20002e20  p_bme280                                              
20002e28  v_fifo_data_u8                                        
20003228  LED_states                                            
20003278  Flag_ints                                             
20003279  t                                                     
2000327c  ref_luz                                               
20003280  chipid                                                
20003284  cmdBufferRd                                           
20003288  cmdBufferWr                                           
2000328c  CMD_Offset                                            
20003290  g_s32ActualTemp                                       
20003294  g_u32ActualPress                                      
20003298  g_u32ActualHumity                                     
2000329c  V_bmm150_maual_auto_condition_u8                      
200032a0  V_fifo_time_U32                                       
200032a4  errno                                                 
ffffffff  __TI_pprof_out_hndl                                   
ffffffff  __TI_prof_data_size                                   
ffffffff  __TI_prof_data_start                                  
ffffffff  __binit__                                             
ffffffff  __c_args__                                            
ffffffff  binit                                                 
UNDEFED   __mpu_init                                            
UNDEFED   _system_post_cinit                                    

[628 symbols]
