******************************************************************************
                  TI ARM Linker PC v20.2.6                     
******************************************************************************
>> Linked Sat Oct  8 17:23:56 2022

OUTPUT FILE NAME:   <PRACTICA_2.out>
ENTRY POINT SYMBOL: "_c_int00_noargs"  address: 00001331


MEMORY CONFIGURATION

         name            origin    length      used     unused   attr    fill
----------------------  --------  ---------  --------  --------  ----  --------
  FLASH                 00000000   00100000  0000198e  000fe672  R  X
  SRAM                  20000000   00040000  000012ad  0003ed53  RW X


SEGMENT ALLOCATION MAP

run origin  load origin   length   init length attrs members
----------  ----------- ---------- ----------- ----- -------
00000000    00000000    00001990   00001990    r-x
  00000000    00000000    00000208   00000208    r-- .intvecs
  00000208    00000208    00001376   00001376    r-x .text
  00001580    00001580    000003c8   000003c8    r-- .const
  00001948    00001948    00000048   00000048    r-- .cinit
20000000    20000000    000012b4   00000000    rw-
  20000000    20000000    0000026c   00000000    rw- .vtable
  20000270    20000270    00001000   00000000    rw- .stack
  20001270    20001270    00000031   00000000    rw- .data
  200012a4    200012a4    00000010   00000000    rw- .bss


SECTION ALLOCATION MAP

 output                                  attributes/
section   page    origin      length       input sections
--------  ----  ----------  ----------   ----------------
.intvecs   0    00000000    00000208     
                  00000000    00000208     tm4c1294ncpdt_startup_ccs.obj (.intvecs)

.text      0    00000208    00001376     
                  00000208    000004a8     uartstdio.obj (.text)
                  000006b0    00000480     ejercicio2.obj (.text)
                  00000b30    00000200     driverlib.lib : sysctl.obj (.text:SysCtlClockFreqSet)
                  00000d30    0000016c                   : gpio.obj (.text:GPIOPadConfigSet)
                  00000e9c    0000009c     rtsv7M4_T_le_v4SPD16_eabi.lib : memcpy_t2.asm.obj (.text)
                  00000f38    00000068     driverlib.lib : interrupt.obj (.text:IntEnable)
                  00000fa0    00000068     rtsv7M4_T_le_v4SPD16_eabi.lib : copy_decompress_lzss.c.obj (.text:decompress:lzss:__TI_decompress_lzss)
                  00001008    00000060     driverlib.lib : timer.obj (.text:TimerConfigure)
                  00001068    0000004c                   : gpio.obj (.text:GPIOPinConfigure)
                  000010b4    0000004c                   : timer.obj (.text:_TimerIntNumberGet)
                  00001100    00000048                   : sysctl.obj (.text:SysCtlPeripheralClockGating)
                  00001148    00000048                   : sysctl.obj (.text:_SysCtlFrequencyGet)
                  00001190    00000046                   : uart.obj (.text:UARTConfigSetExpClk)
                  000011d6    00000002     rtsv7M4_T_le_v4SPD16_eabi.lib : div0.asm.obj (.text)
                  000011d8    00000044                                   : autoinit.c.obj (.text:__TI_auto_init_nobinit_nopinit:__TI_auto_init_nobinit_nopinit)
                  0000121c    00000040                                   : u_divt2.asm.obj (.text)
                  0000125c    00000038     driverlib.lib : sysctl.obj (.text:SysCtlPeripheralPresent)
                  00001294    00000034                   : interrupt.obj (.text:IntRegister)
                  000012c8    00000034                   : sysctl.obj (.text:SysCtlPeripheralEnable)
                  000012fc    00000034                   : sysctl.obj (.text:SysCtlPeripheralSleepEnable)
                  00001330    00000034     rtsv7M4_T_le_v4SPD16_eabi.lib : boot_cortex_m.c.obj (.text:_c_int00_noargs:_c_int00_noargs)
                  00001364    0000002c     driverlib.lib : gpio.obj (.text:GPIODirModeSet)
                  00001390    00000022                   : pwm.obj (.text:PWMGenConfigure)
                  000013b2    00000002     --HOLE-- [fill = 0]
                  000013b4    00000020                   : uart.obj (.text:UARTDisable)
                  000013d4    00000020                   : sysctl.obj (.text:_SysCtlMemTimingGet)
                  000013f4    0000001e                   : pwm.obj (.text:PWMPulseWidthSet)
                  00001412    0000001c     rtsv7M4_T_le_v4SPD16_eabi.lib : copy_zero_init.c.obj (.text:decompress:ZI:__TI_zero_init_nomemset:__TI_zero_init_nomemset)
                  0000142e    00000018     driverlib.lib : timer.obj (.text:TimerIntRegister)
                  00001446    00000016                   : gpio.obj (.text:GPIOPinTypeGPIOInput)
                  0000145c    00000016                   : gpio.obj (.text:GPIOPinTypePWM)
                  00001472    00000016                   : gpio.obj (.text:GPIOPinTypeUART)
                  00001488    00000014                   : pwm.obj (.text:PWMClockSet)
                  0000149c    00000014                   : uart.obj (.text:UARTEnable)
                  000014b0    00000012                   : pwm.obj (.text:PWMOutputState)
                  000014c2    00000012                   : timer.obj (.text:TimerLoadSet)
                  000014d4    00000012                   : timer.obj (.text:TimerPrescaleSet)
                  000014e6    00000010                   : interrupt.obj (.text:IntMasterEnable)
                  000014f6    00000010                   : pwm.obj (.text:PWMGenPeriodSet)
                  00001506    0000000e                   : timer.obj (.text:TimerEnable)
                  00001514    0000000e     rtsv7M4_T_le_v4SPD16_eabi.lib : copy_decompress_none.c.obj (.text:decompress:none:__TI_decompress_none)
                  00001522    0000000c     driverlib.lib : cpu.obj (.text:CPUcpsie)
                  0000152e    0000000c                   : pwm.obj (.text:PWMGenEnable)
                  0000153a    0000000c     tm4c1294ncpdt_startup_ccs.obj (.text)
                  00001546    0000000a     driverlib.lib : uart.obj (.text:UARTCharGet)
                  00001550    0000000a                   : uart.obj (.text:UARTCharPut)
                  0000155a    00000008                   : timer.obj (.text:TimerIntEnable)
                  00001562    00000006                   : gpio.obj (.text:GPIOPinRead)
                  00001568    00000006                   : timer.obj (.text:TimerClockSourceSet)
                  0000156e    00000004                   : cpu.obj (.text:CPUwfi)
                  00001572    00000004                   : timer.obj (.text:TimerIntClear)
                  00001576    00000004     rtsv7M4_T_le_v4SPD16_eabi.lib : pre_init.c.obj (.text:_system_pre_init)
                  0000157a    00000004                                   : exit.c.obj (.text:abort:abort)

.const     0    00001580    000003c8     
                  00001580    000001b0     driverlib.lib : sysctl.obj (.const:g_pppui32XTALtoVCO)
                  00001730    00000090                   : gpio.obj (.const:g_pui32GPIOBaseAddrs)
                  000017c0    0000006c                   : sysctl.obj (.const:g_pui32Xtals)
                  0000182c    00000060                   : timer.obj (.const:g_ppui32TimerIntMap)
                  0000188c    00000040                   : timer.obj (.const:g_ppui32TimerIntMapSnowflake)
                  000018cc    00000030                   : sysctl.obj (.const:g_sXTALtoMEMTIM)
                  000018fc    00000014                   : interrupt.obj (.const:g_pui32EnRegs)
                  00001910    00000012     uartstdio.obj (.const:.string)
                  00001922    00000002     --HOLE-- [fill = 0]
                  00001924    0000000c     uartstdio.obj (.const:g_ui32UARTBase)
                  00001930    0000000c     uartstdio.obj (.const:g_ui32UARTPeriph)
                  0000193c    00000008     driverlib.lib : sysctl.obj (.const:g_pui32VCOFrequencies)
                  00001944    00000004     uartstdio.obj (.const)

.cinit     0    00001948    00000048     
                  00001948    0000000f     (.cinit..data.load) [load image, compression = lzss]
                  00001957    00000001     --HOLE-- [fill = 0]
                  00001958    0000000c     (__TI_handler_table)
                  00001964    00000004     --HOLE-- [fill = 0]
                  00001968    00000008     (.cinit..bss.load) [load image, compression = zero_init]
                  00001970    00000008     (.cinit..vtable.load) [load image, compression = zero_init]
                  00001978    00000018     (__TI_cinit_table)

.init_array 
*          0    00000000    00000000     UNINITIALIZED

.vtable    0    20000000    0000026c     UNINITIALIZED
                  20000000    0000026c     driverlib.lib : interrupt.obj (.vtable)

.data      0    20001270    00000031     UNINITIALIZED
                  20001270    0000002c     ejercicio2.obj (.data)
                  2000129c    00000005     uartstdio.obj (.data)

.bss       0    200012a4    00000010     UNINITIALIZED
                  200012a4    00000004     (.common:PeriodoPWM)
                  200012a8    00000004     (.common:PeriodoTimer)
                  200012ac    00000004     (.common:RELOJ)
                  200012b0    00000004     (.common:posicion)

.stack     0    20000270    00001000     UNINITIALIZED
                  20000270    00000004     rtsv7M4_T_le_v4SPD16_eabi.lib : boot_cortex_m.c.obj (.stack)
                  20000274    00000ffc     --HOLE--

__llvm_prf_cnts 
*          0    20000000    00000000     UNINITIALIZED

MODULE SUMMARY

       Module                          code   ro data   rw data
       ------                          ----   -------   -------
    .\
       uartstdio.obj                   1192   46        5      
       ejercicio2.obj                  1152   0         60     
       tm4c1294ncpdt_startup_ccs.obj   12     520       0      
    +--+-------------------------------+------+---------+---------+
       Total:                          2356   566       65     
                                                               
    D:/CodeComposer/ti/TivaWare_C_Series-2.2.0.295/driverlib/ccs/Debug/driverlib.lib
       sysctl.obj                      848    596       0      
       interrupt.obj                   172    20        620    
       gpio.obj                        556    144       0      
       timer.obj                       264    160       0      
       uart.obj                        142    0         0      
       pwm.obj                         130    0         0      
       cpu.obj                         16     0         0      
    +--+-------------------------------+------+---------+---------+
       Total:                          2128   920       620    
                                                               
    D:\CodeComposer\ccs\tools\compiler\ti-cgt-arm_20.2.6.LTS\lib\rtsv7M4_T_le_v4SPD16_eabi.lib
       memcpy_t2.asm.obj               156    0         0      
       copy_decompress_lzss.c.obj      104    0         0      
       autoinit.c.obj                  68     0         0      
       u_divt2.asm.obj                 64     0         0      
       boot_cortex_m.c.obj             52     0         0      
       copy_zero_init.c.obj            28     0         0      
       copy_decompress_none.c.obj      14     0         0      
       exit.c.obj                      4      0         0      
       pre_init.c.obj                  4      0         0      
       div0.asm.obj                    2      0         0      
    +--+-------------------------------+------+---------+---------+
       Total:                          496    0         0      
                                                               
       Stack:                          0      0         4096   
       Linker Generated:               0      67        0      
    +--+-------------------------------+------+---------+---------+
       Grand Total:                    4980   1553      4781   


LINKER GENERATED COPY TABLES

__TI_cinit_table @ 00001978 records: 3, size/record: 8, table size: 24
	.data: load addr=00001948, load size=0000000f bytes, run addr=20001270, run size=00000031 bytes, compression=lzss
	.bss: load addr=00001968, load size=00000008 bytes, run addr=200012a4, run size=00000010 bytes, compression=zero_init
	.vtable: load addr=00001970, load size=00000008 bytes, run addr=20000000, run size=0000026c bytes, compression=zero_init


LINKER GENERATED HANDLER TABLE

__TI_handler_table @ 00001958 records: 3, size/record: 4, table size: 12
	index: 0, handler: __TI_zero_init
	index: 1, handler: __TI_decompress_lzss
	index: 2, handler: __TI_decompress_none


GLOBAL SYMBOLS: SORTED ALPHABETICALLY BY Name 

address   name                          
-------   ----                          
0000157b  C$$EXIT                       
00001523  CPUcpsie                      
0000156f  CPUwfi                        
20001284  Flag_ints                     
00001365  GPIODirModeSet                
00000d31  GPIOPadConfigSet              
00001069  GPIOPinConfigure              
00001563  GPIOPinRead                   
00001447  GPIOPinTypeGPIOInput          
0000145d  GPIOPinTypePWM                
00001473  GPIOPinTypeUART               
00000f39  IntEnable                     
000014e7  IntMasterEnable               
00001295  IntRegister                   
000009f9  IntTimer1                     
20001270  Max_pos                       
20001274  Min_pos                       
00001489  PWMClockSet                   
00001391  PWMGenConfigure               
0000152f  PWMGenEnable                  
000014f7  PWMGenPeriodSet               
000014b1  PWMOutputState                
000013f5  PWMPulseWidthSet              
200012a4  PeriodoPWM                    
200012a8  PeriodoTimer                  
200012ac  RELOJ                         
0000153b  ResetISR                      
00000b31  SysCtlClockFreqSet            
00001101  SysCtlPeripheralClockGating   
000012c9  SysCtlPeripheralEnable        
0000125d  SysCtlPeripheralPresent       
000012fd  SysCtlPeripheralSleepEnable   
0000156f  SysCtlSleep                   
000009cd  SysCtlSleepFake               
00001569  TimerClockSourceSet           
00001009  TimerConfigure                
00001507  TimerEnable                   
00001573  TimerIntClear                 
0000155b  TimerIntEnable                
0000142f  TimerIntRegister              
000014c3  TimerLoadSet                  
000014d5  TimerPrescaleSet              
00001547  UARTCharGet                   
00001551  UARTCharPut                   
00001191  UARTConfigSetExpClk           
000013b5  UARTDisable                   
0000149d  UARTEnable                    
00000209  UARTStdioConfig               
00000359  UARTgetc                      
0000029f  UARTgets                      
0000067b  UARTprintf                    
00000381  UARTvprintf                   
0000024f  UARTwrite                     
20001270  __STACK_END                   
00001000  __STACK_SIZE                  
20000470  __STACK_TOP                   
00001978  __TI_CINIT_Base               
00001990  __TI_CINIT_Limit              
00001958  __TI_Handler_Table_Base       
00001964  __TI_Handler_Table_Limit      
000011d9  __TI_auto_init_nobinit_nopinit
00000fa1  __TI_decompress_lzss          
00001515  __TI_decompress_none          
ffffffff  __TI_pprof_out_hndl           
ffffffff  __TI_prof_data_size           
ffffffff  __TI_prof_data_start          
00000000  __TI_static_base__            
00001413  __TI_zero_init_nomemset       
000011d7  __aeabi_idiv0                 
000011d7  __aeabi_ldiv0                 
00000e9d  __aeabi_memcpy                
00000e9d  __aeabi_memcpy4               
00000e9d  __aeabi_memcpy8               
0000121d  __aeabi_uidiv                 
0000121d  __aeabi_uidivmod              
ffffffff  __binit__                     
ffffffff  __c_args__                    
UNDEFED   __mpu_init                    
20000270  __stack                       
20000000  __start___llvm_prf_cnts       
20000000  __stop___llvm_prf_cnts        
00001331  _c_int00_noargs               
UNDEFED   _system_post_cinit            
00001577  _system_pre_init              
0000157b  abort                         
ffffffff  binit                         
20001280  estado                        
20000000  g_pfnRAMVectors               
00000000  g_pfnVectors                  
20001290  horas                         
2000127c  i                             
000006b1  main                          
00000e9d  memcpy                        
20001294  min                           
20001288  piezaA                        
2000128c  piezaB                        
200012b0  posicion                      
20001298  seg                           
20001278  t                             


GLOBAL SYMBOLS: SORTED BY Symbol Address 

address   name                          
-------   ----                          
00000000  __TI_static_base__            
00000000  g_pfnVectors                  
00000209  UARTStdioConfig               
0000024f  UARTwrite                     
0000029f  UARTgets                      
00000359  UARTgetc                      
00000381  UARTvprintf                   
0000067b  UARTprintf                    
000006b1  main                          
000009cd  SysCtlSleepFake               
000009f9  IntTimer1                     
00000b31  SysCtlClockFreqSet            
00000d31  GPIOPadConfigSet              
00000e9d  __aeabi_memcpy                
00000e9d  __aeabi_memcpy4               
00000e9d  __aeabi_memcpy8               
00000e9d  memcpy                        
00000f39  IntEnable                     
00000fa1  __TI_decompress_lzss          
00001000  __STACK_SIZE                  
00001009  TimerConfigure                
00001069  GPIOPinConfigure              
00001101  SysCtlPeripheralClockGating   
00001191  UARTConfigSetExpClk           
000011d7  __aeabi_idiv0                 
000011d7  __aeabi_ldiv0                 
000011d9  __TI_auto_init_nobinit_nopinit
0000121d  __aeabi_uidiv                 
0000121d  __aeabi_uidivmod              
0000125d  SysCtlPeripheralPresent       
00001295  IntRegister                   
000012c9  SysCtlPeripheralEnable        
000012fd  SysCtlPeripheralSleepEnable   
00001331  _c_int00_noargs               
00001365  GPIODirModeSet                
00001391  PWMGenConfigure               
000013b5  UARTDisable                   
000013f5  PWMPulseWidthSet              
00001413  __TI_zero_init_nomemset       
0000142f  TimerIntRegister              
00001447  GPIOPinTypeGPIOInput          
0000145d  GPIOPinTypePWM                
00001473  GPIOPinTypeUART               
00001489  PWMClockSet                   
0000149d  UARTEnable                    
000014b1  PWMOutputState                
000014c3  TimerLoadSet                  
000014d5  TimerPrescaleSet              
000014e7  IntMasterEnable               
000014f7  PWMGenPeriodSet               
00001507  TimerEnable                   
00001515  __TI_decompress_none          
00001523  CPUcpsie                      
0000152f  PWMGenEnable                  
0000153b  ResetISR                      
00001547  UARTCharGet                   
00001551  UARTCharPut                   
0000155b  TimerIntEnable                
00001563  GPIOPinRead                   
00001569  TimerClockSourceSet           
0000156f  CPUwfi                        
0000156f  SysCtlSleep                   
00001573  TimerIntClear                 
00001577  _system_pre_init              
0000157b  C$$EXIT                       
0000157b  abort                         
00001958  __TI_Handler_Table_Base       
00001964  __TI_Handler_Table_Limit      
00001978  __TI_CINIT_Base               
00001990  __TI_CINIT_Limit              
20000000  __start___llvm_prf_cnts       
20000000  __stop___llvm_prf_cnts        
20000000  g_pfnRAMVectors               
20000270  __stack                       
20000470  __STACK_TOP                   
20001270  Max_pos                       
20001270  __STACK_END                   
20001274  Min_pos                       
20001278  t                             
2000127c  i                             
20001280  estado                        
20001284  Flag_ints                     
20001288  piezaA                        
2000128c  piezaB                        
20001290  horas                         
20001294  min                           
20001298  seg                           
200012a4  PeriodoPWM                    
200012a8  PeriodoTimer                  
200012ac  RELOJ                         
200012b0  posicion                      
ffffffff  __TI_pprof_out_hndl           
ffffffff  __TI_prof_data_size           
ffffffff  __TI_prof_data_start          
ffffffff  __binit__                     
ffffffff  __c_args__                    
ffffffff  binit                         
UNDEFED   __mpu_init                    
UNDEFED   _system_post_cinit            

[99 symbols]
