******************************************************************************
                  TI ARM Linker PC v20.2.6                     
******************************************************************************
>> Linked Sun Oct 23 00:50:10 2022

OUTPUT FILE NAME:   <PRACTICA_3.out>
ENTRY POINT SYMBOL: "_c_int00_noargs"  address: 00001e29


MEMORY CONFIGURATION

         name            origin    length      used     unused   attr    fill
----------------------  --------  ---------  --------  --------  ----  --------
  FLASH                 00000000   00100000  000023d2  000fdc2e  R  X
  SRAM                  20000000   00040000  000012a4  0003ed5c  RW X


SEGMENT ALLOCATION MAP

run origin  load origin   length   init length attrs members
----------  ----------- ---------- ----------- ----- -------
00000000    00000000    000023d8   000023d8    r-x
  00000000    00000000    00000208   00000208    r-- .intvecs
  00000208    00000208    00001dda   00001dda    r-x .text
  00001fe4    00001fe4    000003b0   000003b0    r-- .const
  00002398    00002398    00000040   00000040    r-- .cinit
20000000    20000000    000012a8   00000000    rw-
  20000000    20000000    0000026c   00000000    rw- .vtable
  20000270    20000270    00001000   00000000    rw- .stack
  20001270    20001270    00000028   00000000    rw- .bss
  20001298    20001298    00000010   00000000    rw- .data


SECTION ALLOCATION MAP

 output                                  attributes/
section   page    origin      length       input sections
--------  ----  ----------  ----------   ----------------
.intvecs   0    00000000    00000208     
                  00000000    00000208     tm4c1294ncpdt_startup_ccs.obj (.intvecs)

.text      0    00000208    00001dda     
                  00000208    00001058     ft800_TIVA.obj (.text)
                  00001260    0000044c     interfaz_F.obj (.text)
                  000016ac    00000200     driverlib.lib : sysctl.obj (.text:SysCtlClockFreqSet)
                  000018ac    0000016c                   : gpio.obj (.text:GPIOPadConfigSet)
                  00001a18    0000009c     rtsv7M4_T_le_v4SPD16_eabi.lib : memcpy_t2.asm.obj (.text)
                  00001ab4    00000068     driverlib.lib : interrupt.obj (.text:IntEnable)
                  00001b1c    00000068     rtsv7M4_T_le_v4SPD16_eabi.lib : copy_decompress_lzss.c.obj (.text:decompress:lzss:__TI_decompress_lzss)
                  00001b84    00000060     driverlib.lib : timer.obj (.text:TimerConfigure)
                  00001be4    0000004c                   : gpio.obj (.text:GPIOPinConfigure)
                  00001c30    0000004c                   : timer.obj (.text:_TimerIntNumberGet)
                  00001c7c    00000048                   : sysctl.obj (.text:SysCtlPeripheralClockGating)
                  00001cc4    00000048                   : sysctl.obj (.text:_SysCtlFrequencyGet)
                  00001d0c    00000044     rtsv7M4_T_le_v4SPD16_eabi.lib : autoinit.c.obj (.text:__TI_auto_init_nobinit_nopinit:__TI_auto_init_nobinit_nopinit)
                  00001d50    0000003c     driverlib.lib : ssi.obj (.text:SSIConfigSetExpClk)
                  00001d8c    00000034                   : interrupt.obj (.text:IntRegister)
                  00001dc0    00000034                   : sysctl.obj (.text:SysCtlPeripheralEnable)
                  00001df4    00000034                   : sysctl.obj (.text:SysCtlPeripheralSleepEnable)
                  00001e28    00000034     rtsv7M4_T_le_v4SPD16_eabi.lib : boot_cortex_m.c.obj (.text:_c_int00_noargs:_c_int00_noargs)
                  00001e5c    0000002c     driverlib.lib : gpio.obj (.text:GPIODirModeSet)
                  00001e88    00000020                   : sysctl.obj (.text:_SysCtlMemTimingGet)
                  00001ea8    0000001c     rtsv7M4_T_le_v4SPD16_eabi.lib : copy_zero_init.c.obj (.text:decompress:ZI:__TI_zero_init_nomemset:__TI_zero_init_nomemset)
                  00001ec4    0000001a     driverlib.lib : gpio.obj (.text:GPIOPinTypeGPIOOutput)
                  00001ede    00000018                   : timer.obj (.text:TimerIntRegister)
                  00001ef6    00000016                   : gpio.obj (.text:GPIOPinTypeGPIOInput)
                  00001f0c    00000016                   : gpio.obj (.text:GPIOPinTypeSSI)
                  00001f22    00000012                   : timer.obj (.text:TimerLoadSet)
                  00001f34    00000012                   : timer.obj (.text:TimerPrescaleSet)
                  00001f46    00000010                   : interrupt.obj (.text:IntMasterEnable)
                  00001f56    0000000e                   : timer.obj (.text:TimerEnable)
                  00001f64    0000000e     rtsv7M4_T_le_v4SPD16_eabi.lib : copy_decompress_none.c.obj (.text:decompress:none:__TI_decompress_none)
                  00001f72    0000000c     driverlib.lib : cpu.obj (.text:CPUcpsie)
                  00001f7e    0000000c                   : ssi.obj (.text:SSIDataGet)
                  00001f8a    0000000c     tm4c1294ncpdt_startup_ccs.obj (.text)
                  00001f96    0000000a     driverlib.lib : ssi.obj (.text:SSIDataPut)
                  00001fa0    0000000a                   : ssi.obj (.text:SSIEnable)
                  00001faa    00000008                   : ssi.obj (.text:SSIBusy)
                  00001fb2    00000008                   : timer.obj (.text:TimerIntEnable)
                  00001fba    00000006                   : gpio.obj (.text:GPIOPinRead)
                  00001fc0    00000006                   : gpio.obj (.text:GPIOPinWrite)
                  00001fc6    00000006                   : sysctl.obj (.text:SysCtlDelay)
                  00001fcc    00000006                   : timer.obj (.text:TimerClockSourceSet)
                  00001fd2    00000004                   : cpu.obj (.text:CPUwfi)
                  00001fd6    00000004                   : timer.obj (.text:TimerIntClear)
                  00001fda    00000004     rtsv7M4_T_le_v4SPD16_eabi.lib : pre_init.c.obj (.text:_system_pre_init)
                  00001fde    00000004                                   : exit.c.obj (.text:abort:abort)

.const     0    00001fe4    000003b0     
                  00001fe4    000001b0     driverlib.lib : sysctl.obj (.const:g_pppui32XTALtoVCO)
                  00002194    00000090                   : gpio.obj (.const:g_pui32GPIOBaseAddrs)
                  00002224    0000006c                   : sysctl.obj (.const:g_pui32Xtals)
                  00002290    00000060                   : timer.obj (.const:g_ppui32TimerIntMap)
                  000022f0    00000040                   : timer.obj (.const:g_ppui32TimerIntMapSnowflake)
                  00002330    00000030                   : sysctl.obj (.const:g_sXTALtoMEMTIM)
                  00002360    00000018     interfaz_F.obj (.const:REG_CAL)
                  00002378    00000014     driverlib.lib : interrupt.obj (.const:g_pui32EnRegs)
                  0000238c    00000008                   : sysctl.obj (.const:g_pui32VCOFrequencies)

.cinit     0    00002398    00000040     
                  00002398    0000000c     (__TI_handler_table)
                  000023a4    0000000b     (.cinit..data.load) [load image, compression = lzss]
                  000023af    00000001     --HOLE-- [fill = 0]
                  000023b0    00000008     (.cinit..bss.load) [load image, compression = zero_init]
                  000023b8    00000008     (.cinit..vtable.load) [load image, compression = zero_init]
                  000023c0    00000018     (__TI_cinit_table)

.init_array 
*          0    00000000    00000000     UNINITIALIZED

.vtable    0    20000000    0000026c     UNINITIALIZED
                  20000000    0000026c     driverlib.lib : interrupt.obj (.vtable)

.bss       0    20001270    00000028     UNINITIALIZED
                  20001270    00000004     (.common:BufferXY)
                  20001274    00000004     (.common:CS_PIN)
                  20001278    00000004     (.common:CS_PORT)
                  2000127c    00000004     (.common:PD_PIN)
                  20001280    00000004     (.common:PD_PORT)
                  20001284    00000004     (.common:POSX)
                  20001288    00000004     (.common:POSY)
                  2000128c    00000004     (.common:PeriodoTimer)
                  20001290    00000004     (.common:RELOJ)
                  20001294    00000004     (.common:SSI_BASE)

.data      0    20001298    00000010     UNINITIALIZED
                  20001298    00000010     interfaz_F.obj (.data)

.stack     0    20000270    00001000     UNINITIALIZED
                  20000270    00000004     rtsv7M4_T_le_v4SPD16_eabi.lib : boot_cortex_m.c.obj (.stack)
                  20000274    00000ffc     --HOLE--

__llvm_prf_cnts 
*          0    20000000    00000000     UNINITIALIZED

MODULE SUMMARY

       Module                          code   ro data   rw data
       ------                          ----   -------   -------
    .\
       ft800_TIVA.obj                  4184   0         20     
       interfaz_F.obj                  1100   24        36     
       tm4c1294ncpdt_startup_ccs.obj   12     520       0      
    +--+-------------------------------+------+---------+---------+
       Total:                          5296   544       56     
                                                               
    D:/CodeComposer/ti/TivaWare_C_Series-2.2.0.295/driverlib/ccs/Debug/driverlib.lib
       sysctl.obj                      798    596       0      
       interrupt.obj                   172    20        620    
       gpio.obj                        566    144       0      
       timer.obj                       264    160       0      
       ssi.obj                         100    0         0      
       cpu.obj                         16     0         0      
    +--+-------------------------------+------+---------+---------+
       Total:                          1916   920       620    
                                                               
    D:\CodeComposer\ccs\tools\compiler\ti-cgt-arm_20.2.6.LTS\lib\rtsv7M4_T_le_v4SPD16_eabi.lib
       memcpy_t2.asm.obj               156    0         0      
       copy_decompress_lzss.c.obj      104    0         0      
       autoinit.c.obj                  68     0         0      
       boot_cortex_m.c.obj             52     0         0      
       copy_zero_init.c.obj            28     0         0      
       copy_decompress_none.c.obj      14     0         0      
       exit.c.obj                      4      0         0      
       pre_init.c.obj                  4      0         0      
    +--+-------------------------------+------+---------+---------+
       Total:                          430    0         0      
                                                               
       Stack:                          0      0         4096   
       Linker Generated:               0      63        0      
    +--+-------------------------------+------+---------+---------+
       Grand Total:                    7642   1527      4772   


LINKER GENERATED COPY TABLES

__TI_cinit_table @ 000023c0 records: 3, size/record: 8, table size: 24
	.data: load addr=000023a4, load size=0000000b bytes, run addr=20001298, run size=00000010 bytes, compression=lzss
	.bss: load addr=000023b0, load size=00000008 bytes, run addr=20001270, run size=00000028 bytes, compression=zero_init
	.vtable: load addr=000023b8, load size=00000008 bytes, run addr=20000000, run size=0000026c bytes, compression=zero_init


LINKER GENERATED HANDLER TABLE

__TI_handler_table @ 00002398 records: 3, size/record: 4, table size: 12
	index: 0, handler: __TI_zero_init
	index: 1, handler: __TI_decompress_lzss
	index: 2, handler: __TI_decompress_none


GLOBAL SYMBOLS: SORTED ALPHABETICALLY BY Name 

address   name                          
-------   ----                          
00000e1d  Boton                         
20001270  BufferXY                      
00001fdf  C$$EXIT                       
200012a4  CMD_Offset                    
00001f73  CPUcpsie                      
00001fd3  CPUwfi                        
20001274  CS_PIN                        
20001278  CS_PORT                       
00001053  Calibra_touch                 
00000d31  ComBgcolor                    
00000d89  ComButton                     
00000f97  ComCirculo                    
00000853  ComColor                      
000006e9  ComEsperaFin                  
00000cef  ComFgcolor                    
000010bf  ComGradient                   
00000eb1  ComLine                       
00000ff7  ComLineWidth                  
000008df  ComNum                        
00001009  ComPointSize                  
00000efd  ComRect                       
00000ca5  ComScrollbar                  
0000088d  ComTXT                        
0000091b  ComTeclas                     
0000080b  ComVertex2ff                  
0000101b  Com_Punto                     
000007dd  Comando                       
000003a7  Delay                         
000009c5  Dibuja                        
00000979  Ejecuta_Lista                 
00000c89  Esc_Reg                       
0000075b  EscribeRam16                  
0000072d  EscribeRam32                  
00000789  EscribeRam8                   
000007bb  EscribeRamTxt                 
00000fd3  Espera_pant                   
000006b7  FT800_IncCMDOffset            
00000631  FT800_SPI_HostCommand         
0000067b  FT800_SPI_HostCommandDummyRead
00000561  FT800_SPI_Read32              
00000605  FT800_SPI_Read8               
00000407  FT800_SPI_SendAddressRD       
000003b1  FT800_SPI_SendAddressWR       
000004c1  FT800_SPI_Write16             
0000046b  FT800_SPI_Write32             
000004f3  FT800_SPI_Write8              
000011c1  Fadein                        
0000117d  Fadeout                       
00001151  FinNota                       
20001299  Flag_ints                     
00001e5d  GPIODirModeSet                
000018ad  GPIOPadConfigSet              
00001be5  GPIOPinConfigure              
00001fbb  GPIOPinRead                   
00001ef7  GPIOPinTypeGPIOInput          
00001ec5  GPIOPinTypeGPIOOutput         
00001f0d  GPIOPinTypeSSI                
00001fc1  GPIOPinWrite                  
00000209  HAL_Init_SPI                  
0000036d  HAL_SPI_CSHigh                
0000035b  HAL_SPI_CSLow                 
00000393  HAL_SPI_PDhigh                
00000381  HAL_SPI_PDlow                 
0000031f  HAL_SPI_ReadWrite             
000009f1  Inicia_pantalla               
00001ab5  IntEnable                     
00001f47  IntMasterEnable               
00001d8d  IntRegister                   
00001481  IntTimer1                     
00000c6d  Lee_Reg                       
00000c39  Lee_pantalla                  
00000bed  Nueva_pantalla                
2000127c  PD_PIN                        
20001280  PD_PORT                       
20001284  POSX                          
20001288  POSY                          
00000993  PadFIFO                       
2000128c  PeriodoTimer                  
00002360  REG_CAL                       
20001290  RELOJ                         
00001f8b  ResetISR                      
00001fab  SSIBusy                       
00001d51  SSIConfigSetExpClk            
00001f7f  SSIDataGet                    
00001f97  SSIDataPut                    
00001fa1  SSIEnable                     
20001294  SSI_BASE                      
000016ad  SysCtlClockFreqSet            
00001fc7  SysCtlDelay                   
00001c7d  SysCtlPeripheralClockGating   
00001dc1  SysCtlPeripheralEnable        
00001df5  SysCtlPeripheralSleepEnable   
00001fd3  SysCtlSleep                   
00001471  SysCtlSleepFake               
00001fcd  TimerClockSourceSet           
00001b85  TimerConfigure                
00001f57  TimerEnable                   
00001fd7  TimerIntClear                 
00001fb3  TimerIntEnable                
00001edf  TimerIntRegister              
00001f23  TimerLoadSet                  
00001f35  TimerPrescaleSet              
0000111b  TocaNota                      
000010fd  VolNota                       
20001270  __STACK_END                   
00001000  __STACK_SIZE                  
20000470  __STACK_TOP                   
000023c0  __TI_CINIT_Base               
000023d8  __TI_CINIT_Limit              
00002398  __TI_Handler_Table_Base       
000023a4  __TI_Handler_Table_Limit      
00001d0d  __TI_auto_init_nobinit_nopinit
00001b1d  __TI_decompress_lzss          
00001f65  __TI_decompress_none          
ffffffff  __TI_pprof_out_hndl           
ffffffff  __TI_prof_data_size           
ffffffff  __TI_prof_data_start          
00000000  __TI_static_base__            
00001ea9  __TI_zero_init_nomemset       
00001a19  __aeabi_memcpy                
00001a19  __aeabi_memcpy4               
00001a19  __aeabi_memcpy8               
ffffffff  __binit__                     
ffffffff  __c_args__                    
UNDEFED   __mpu_init                    
20000270  __stack                       
20000000  __start___llvm_prf_cnts       
20000000  __stop___llvm_prf_cnts        
00001e29  _c_int00_noargs               
UNDEFED   _system_post_cinit            
00001fdb  _system_pre_init              
00001fdf  abort                         
ffffffff  binit                         
2000129a  chipid                        
0000151d  clear_LEDs                    
2000129c  cmdBufferRd                   
200012a0  cmdBufferWr                   
00001589  dibuja_pantalla               
20001298  estado                        
20000000  g_pfnRAMVectors               
00000000  g_pfnVectors                  
00001493  leds                          
00001261  main                          
00001a19  memcpy                        


GLOBAL SYMBOLS: SORTED BY Symbol Address 

address   name                          
-------   ----                          
00000000  __TI_static_base__            
00000000  g_pfnVectors                  
00000209  HAL_Init_SPI                  
0000031f  HAL_SPI_ReadWrite             
0000035b  HAL_SPI_CSLow                 
0000036d  HAL_SPI_CSHigh                
00000381  HAL_SPI_PDlow                 
00000393  HAL_SPI_PDhigh                
000003a7  Delay                         
000003b1  FT800_SPI_SendAddressWR       
00000407  FT800_SPI_SendAddressRD       
0000046b  FT800_SPI_Write32             
000004c1  FT800_SPI_Write16             
000004f3  FT800_SPI_Write8              
00000561  FT800_SPI_Read32              
00000605  FT800_SPI_Read8               
00000631  FT800_SPI_HostCommand         
0000067b  FT800_SPI_HostCommandDummyRead
000006b7  FT800_IncCMDOffset            
000006e9  ComEsperaFin                  
0000072d  EscribeRam32                  
0000075b  EscribeRam16                  
00000789  EscribeRam8                   
000007bb  EscribeRamTxt                 
000007dd  Comando                       
0000080b  ComVertex2ff                  
00000853  ComColor                      
0000088d  ComTXT                        
000008df  ComNum                        
0000091b  ComTeclas                     
00000979  Ejecuta_Lista                 
00000993  PadFIFO                       
000009c5  Dibuja                        
000009f1  Inicia_pantalla               
00000bed  Nueva_pantalla                
00000c39  Lee_pantalla                  
00000c6d  Lee_Reg                       
00000c89  Esc_Reg                       
00000ca5  ComScrollbar                  
00000cef  ComFgcolor                    
00000d31  ComBgcolor                    
00000d89  ComButton                     
00000e1d  Boton                         
00000eb1  ComLine                       
00000efd  ComRect                       
00000f97  ComCirculo                    
00000fd3  Espera_pant                   
00000ff7  ComLineWidth                  
00001000  __STACK_SIZE                  
00001009  ComPointSize                  
0000101b  Com_Punto                     
00001053  Calibra_touch                 
000010bf  ComGradient                   
000010fd  VolNota                       
0000111b  TocaNota                      
00001151  FinNota                       
0000117d  Fadeout                       
000011c1  Fadein                        
00001261  main                          
00001471  SysCtlSleepFake               
00001481  IntTimer1                     
00001493  leds                          
0000151d  clear_LEDs                    
00001589  dibuja_pantalla               
000016ad  SysCtlClockFreqSet            
000018ad  GPIOPadConfigSet              
00001a19  __aeabi_memcpy                
00001a19  __aeabi_memcpy4               
00001a19  __aeabi_memcpy8               
00001a19  memcpy                        
00001ab5  IntEnable                     
00001b1d  __TI_decompress_lzss          
00001b85  TimerConfigure                
00001be5  GPIOPinConfigure              
00001c7d  SysCtlPeripheralClockGating   
00001d0d  __TI_auto_init_nobinit_nopinit
00001d51  SSIConfigSetExpClk            
00001d8d  IntRegister                   
00001dc1  SysCtlPeripheralEnable        
00001df5  SysCtlPeripheralSleepEnable   
00001e29  _c_int00_noargs               
00001e5d  GPIODirModeSet                
00001ea9  __TI_zero_init_nomemset       
00001ec5  GPIOPinTypeGPIOOutput         
00001edf  TimerIntRegister              
00001ef7  GPIOPinTypeGPIOInput          
00001f0d  GPIOPinTypeSSI                
00001f23  TimerLoadSet                  
00001f35  TimerPrescaleSet              
00001f47  IntMasterEnable               
00001f57  TimerEnable                   
00001f65  __TI_decompress_none          
00001f73  CPUcpsie                      
00001f7f  SSIDataGet                    
00001f8b  ResetISR                      
00001f97  SSIDataPut                    
00001fa1  SSIEnable                     
00001fab  SSIBusy                       
00001fb3  TimerIntEnable                
00001fbb  GPIOPinRead                   
00001fc1  GPIOPinWrite                  
00001fc7  SysCtlDelay                   
00001fcd  TimerClockSourceSet           
00001fd3  CPUwfi                        
00001fd3  SysCtlSleep                   
00001fd7  TimerIntClear                 
00001fdb  _system_pre_init              
00001fdf  C$$EXIT                       
00001fdf  abort                         
00002360  REG_CAL                       
00002398  __TI_Handler_Table_Base       
000023a4  __TI_Handler_Table_Limit      
000023c0  __TI_CINIT_Base               
000023d8  __TI_CINIT_Limit              
20000000  __start___llvm_prf_cnts       
20000000  __stop___llvm_prf_cnts        
20000000  g_pfnRAMVectors               
20000270  __stack                       
20000470  __STACK_TOP                   
20001270  BufferXY                      
20001270  __STACK_END                   
20001274  CS_PIN                        
20001278  CS_PORT                       
2000127c  PD_PIN                        
20001280  PD_PORT                       
20001284  POSX                          
20001288  POSY                          
2000128c  PeriodoTimer                  
20001290  RELOJ                         
20001294  SSI_BASE                      
20001298  estado                        
20001299  Flag_ints                     
2000129a  chipid                        
2000129c  cmdBufferRd                   
200012a0  cmdBufferWr                   
200012a4  CMD_Offset                    
ffffffff  __TI_pprof_out_hndl           
ffffffff  __TI_prof_data_size           
ffffffff  __TI_prof_data_start          
ffffffff  __binit__                     
ffffffff  __c_args__                    
ffffffff  binit                         
UNDEFED   __mpu_init                    
UNDEFED   _system_post_cinit            

[144 symbols]
