******************************************************************************
                  TI ARM Linker PC v20.2.6                     
******************************************************************************
>> Linked Thu Sep 29 20:16:47 2022

OUTPUT FILE NAME:   <PRACTICA_1.out>
ENTRY POINT SYMBOL: "_c_int00_noargs"  address: 00000ab5


MEMORY CONFIGURATION

         name            origin    length      used     unused   attr    fill
----------------------  --------  ---------  --------  --------  ----  --------
  FLASH                 00000000   00100000  0000104a  000fefb6  R  X
  SRAM                  20000000   00040000  00001308  0003ecf8  RW X


SEGMENT ALLOCATION MAP

run origin  load origin   length   init length attrs members
----------  ----------- ---------- ----------- ----- -------
00000000    00000000    00001050   00001050    r-x
  00000000    00000000    00000208   00000208    r-- .intvecs
  00000208    00000208    000009f2   000009f2    r-x .text
  00000bfc    00000bfc    00000400   00000400    r-- .const
  00001000    00001000    00000050   00000050    r-- .cinit
20000000    20000000    0000130c   00000000    rw-
  20000000    20000000    0000026c   00000000    rw- .vtable
  20000270    20000270    00001000   00000000    rw- .stack
  20001270    20001270    00000094   00000000    rw- .data
  20001304    20001304    00000008   00000000    rw- .bss


SECTION ALLOCATION MAP

 output                                  attributes/
section   page    origin      length       input sections
--------  ----  ----------  ----------   ----------------
.intvecs   0    00000000    00000208     
                  00000000    00000208     tm4c1294ncpdt_startup_ccs.obj (.intvecs)

.text      0    00000208    000009f2     
                  00000208    00000244     ejercicio_2.obj (.text)
                  0000044c    00000200     driverlib.lib : sysctl.obj (.text:SysCtlClockFreqSet)
                  0000064c    0000016c                   : gpio.obj (.text:GPIOPadConfigSet)
                  000007b8    0000009c     rtsv7M4_T_le_v4SPD16_eabi.lib : memcpy_t2.asm.obj (.text)
                  00000854    00000068     driverlib.lib : interrupt.obj (.text:IntEnable)
                  000008bc    00000068     rtsv7M4_T_le_v4SPD16_eabi.lib : copy_decompress_lzss.c.obj (.text:decompress:lzss:__TI_decompress_lzss)
                  00000924    00000058     driverlib.lib : gpio.obj (.text:GPIOIntTypeSet)
                  0000097c    00000048                   : sysctl.obj (.text:_SysCtlFrequencyGet)
                  000009c4    00000044                   : gpio.obj (.text:_GPIOIntNumberGet)
                  00000a08    00000044     rtsv7M4_T_le_v4SPD16_eabi.lib : autoinit.c.obj (.text:__TI_auto_init_nobinit_nopinit:__TI_auto_init_nobinit_nopinit)
                  00000a4c    00000034     driverlib.lib : interrupt.obj (.text:IntRegister)
                  00000a80    00000034                   : sysctl.obj (.text:SysCtlPeripheralEnable)
                  00000ab4    00000034     rtsv7M4_T_le_v4SPD16_eabi.lib : boot_cortex_m.c.obj (.text:_c_int00_noargs:_c_int00_noargs)
                  00000ae8    0000002c     driverlib.lib : gpio.obj (.text:GPIODirModeSet)
                  00000b14    00000020                   : sysctl.obj (.text:_SysCtlMemTimingGet)
                  00000b34    0000001c     rtsv7M4_T_le_v4SPD16_eabi.lib : copy_zero_init.c.obj (.text:decompress:ZI:__TI_zero_init_nomemset:__TI_zero_init_nomemset)
                  00000b50    0000001a     driverlib.lib : gpio.obj (.text:GPIOPinTypeGPIOOutput)
                  00000b6a    00000018                   : gpio.obj (.text:GPIOIntRegister)
                  00000b82    00000016                   : gpio.obj (.text:GPIOPinTypeGPIOInput)
                  00000b98    00000010                   : interrupt.obj (.text:IntMasterEnable)
                  00000ba8    0000000e     rtsv7M4_T_le_v4SPD16_eabi.lib : copy_decompress_none.c.obj (.text:decompress:none:__TI_decompress_none)
                  00000bb6    0000000c     driverlib.lib : cpu.obj (.text:CPUcpsie)
                  00000bc2    0000000c                   : gpio.obj (.text:GPIOIntEnable)
                  00000bce    0000000c     tm4c1294ncpdt_startup_ccs.obj (.text)
                  00000bda    00000006     driverlib.lib : gpio.obj (.text:GPIOIntClear)
                  00000be0    00000006                   : gpio.obj (.text:GPIOPinRead)
                  00000be6    00000006                   : gpio.obj (.text:GPIOPinWrite)
                  00000bec    00000006                   : sysctl.obj (.text:SysCtlDelay)
                  00000bf2    00000004     rtsv7M4_T_le_v4SPD16_eabi.lib : pre_init.c.obj (.text:_system_pre_init)
                  00000bf6    00000004                                   : exit.c.obj (.text:abort:abort)

.const     0    00000bfc    00000400     
                  00000bfc    000001b0     driverlib.lib : sysctl.obj (.const:g_pppui32XTALtoVCO)
                  00000dac    000000d8                   : gpio.obj (.const:g_ppui32GPIOIntMapSnowflake)
                  00000e84    000000c0                   : gpio.obj (.const:g_ppui32GPIOIntMapBlizzard)
                  00000f44    0000006c                   : sysctl.obj (.const:g_pui32Xtals)
                  00000fb0    00000030                   : sysctl.obj (.const:g_sXTALtoMEMTIM)
                  00000fe0    00000014                   : interrupt.obj (.const:g_pui32EnRegs)
                  00000ff4    00000008                   : sysctl.obj (.const:g_pui32VCOFrequencies)

.cinit     0    00001000    00000050     
                  00001000    0000001b     (.cinit..data.load) [load image, compression = lzss]
                  0000101b    00000001     --HOLE-- [fill = 0]
                  0000101c    0000000c     (__TI_handler_table)
                  00001028    00000008     (.cinit..bss.load) [load image, compression = zero_init]
                  00001030    00000008     (.cinit..vtable.load) [load image, compression = zero_init]
                  00001038    00000018     (__TI_cinit_table)

.init_array 
*          0    00000000    00000000     UNINITIALIZED

.vtable    0    20000000    0000026c     UNINITIALIZED
                  20000000    0000026c     driverlib.lib : interrupt.obj (.vtable)

.data      0    20001270    00000094     UNINITIALIZED
                  20001270    00000090     ejercicio_2.obj (.data:LED_states)
                  20001300    00000004     ejercicio_2.obj (.data)

.bss       0    20001304    00000008     UNINITIALIZED
                  20001304    00000004     (.common:estado)
                  20001308    00000004     (.common:mode)

.stack     0    20000270    00001000     UNINITIALIZED
                  20000270    00000004     rtsv7M4_T_le_v4SPD16_eabi.lib : boot_cortex_m.c.obj (.stack)
                  20000274    00000ffc     --HOLE--

__llvm_prf_cnts 
*          0    20000000    00000000     UNINITIALIZED

MODULE SUMMARY

       Module                          code   ro data   rw data
       ------                          ----   -------   -------
    .\
       ejercicio_2.obj                 580    0         156    
       tm4c1294ncpdt_startup_ccs.obj   12     520       0      
    +--+-------------------------------+------+---------+---------+
       Total:                          592    520       156    
                                                               
    D:/CodeComposer/ti/TivaWare_C_Series-2.2.0.295/driverlib/ccs/Debug/driverlib.lib
       sysctl.obj                      674    596       0      
       gpio.obj                        666    408       0      
       interrupt.obj                   172    20        620    
       cpu.obj                         12     0         0      
    +--+-------------------------------+------+---------+---------+
       Total:                          1524   1024      620    
                                                               
    D:\CodeComposer\ccs\tools\compiler\ti-cgt-arm_20.2.6.LTS\lib\rtsv7M4_T_le_v4SPD16_eabi.lib
       memcpy_t2.asm.obj               156    0         0      
       copy_decompress_lzss.c.obj      104    0         0      
       autoinit.c.obj                  68     0         0      
       boot_cortex_m.c.obj             52     0         0      
       copy_zero_init.c.obj            28     0         0      
       copy_decompress_none.c.obj      14     0         0      
       exit.c.obj                      4      0         0      
       pre_init.c.obj                  4      0         0      
    +--+-------------------------------+------+---------+---------+
       Total:                          430    0         0      
                                                               
       Stack:                          0      0         4096   
       Linker Generated:               0      79        0      
    +--+-------------------------------+------+---------+---------+
       Grand Total:                    2546   1623      4872   


LINKER GENERATED COPY TABLES

__TI_cinit_table @ 00001038 records: 3, size/record: 8, table size: 24
	.data: load addr=00001000, load size=0000001b bytes, run addr=20001270, run size=00000094 bytes, compression=lzss
	.bss: load addr=00001028, load size=00000008 bytes, run addr=20001304, run size=00000008 bytes, compression=zero_init
	.vtable: load addr=00001030, load size=00000008 bytes, run addr=20000000, run size=0000026c bytes, compression=zero_init


LINKER GENERATED HANDLER TABLE

__TI_handler_table @ 0000101c records: 3, size/record: 4, table size: 12
	index: 0, handler: __TI_zero_init
	index: 1, handler: __TI_decompress_lzss
	index: 2, handler: __TI_decompress_none


GLOBAL SYMBOLS: SORTED ALPHABETICALLY BY Name 

address   name                          
-------   ----                          
00000bf7  C$$EXIT                       
00000bb7  CPUcpsie                      
00000ae9  GPIODirModeSet                
00000bdb  GPIOIntClear                  
00000bc3  GPIOIntEnable                 
00000b6b  GPIOIntRegister               
00000925  GPIOIntTypeSet                
0000064d  GPIOPadConfigSet              
00000be1  GPIOPinRead                   
00000b83  GPIOPinTypeGPIOInput          
00000b51  GPIOPinTypeGPIOOutput         
00000be7  GPIOPinWrite                  
00000855  IntEnable                     
00000b99  IntMasterEnable               
00000a4d  IntRegister                   
20001270  LED_states                    
00000bcf  ResetISR                      
0000044d  SysCtlClockFreqSet            
00000bed  SysCtlDelay                   
00000a81  SysCtlPeripheralEnable        
20001270  __STACK_END                   
00001000  __STACK_SIZE                  
20000470  __STACK_TOP                   
00001038  __TI_CINIT_Base               
00001050  __TI_CINIT_Limit              
0000101c  __TI_Handler_Table_Base       
00001028  __TI_Handler_Table_Limit      
00000a09  __TI_auto_init_nobinit_nopinit
000008bd  __TI_decompress_lzss          
00000ba9  __TI_decompress_none          
ffffffff  __TI_pprof_out_hndl           
ffffffff  __TI_prof_data_size           
ffffffff  __TI_prof_data_start          
00000000  __TI_static_base__            
00000b35  __TI_zero_init_nomemset       
000007b9  __aeabi_memcpy                
000007b9  __aeabi_memcpy4               
000007b9  __aeabi_memcpy8               
ffffffff  __binit__                     
ffffffff  __c_args__                    
UNDEFED   __mpu_init                    
20000270  __stack                       
20000000  __start___llvm_prf_cnts       
20000000  __stop___llvm_prf_cnts        
00000ab5  _c_int00_noargs               
UNDEFED   _system_post_cinit            
00000bf3  _system_pre_init              
00000bf7  abort                         
ffffffff  binit                         
20001304  estado                        
20000000  g_pfnRAMVectors               
00000000  g_pfnVectors                  
00000209  main                          
000007b9  memcpy                        
20001308  mode                          
20001300  reloj                         
0000036f  rutina_interrupcion           
00000321  update_LEDs                   


GLOBAL SYMBOLS: SORTED BY Symbol Address 

address   name                          
-------   ----                          
00000000  __TI_static_base__            
00000000  g_pfnVectors                  
00000209  main                          
00000321  update_LEDs                   
0000036f  rutina_interrupcion           
0000044d  SysCtlClockFreqSet            
0000064d  GPIOPadConfigSet              
000007b9  __aeabi_memcpy                
000007b9  __aeabi_memcpy4               
000007b9  __aeabi_memcpy8               
000007b9  memcpy                        
00000855  IntEnable                     
000008bd  __TI_decompress_lzss          
00000925  GPIOIntTypeSet                
00000a09  __TI_auto_init_nobinit_nopinit
00000a4d  IntRegister                   
00000a81  SysCtlPeripheralEnable        
00000ab5  _c_int00_noargs               
00000ae9  GPIODirModeSet                
00000b35  __TI_zero_init_nomemset       
00000b51  GPIOPinTypeGPIOOutput         
00000b6b  GPIOIntRegister               
00000b83  GPIOPinTypeGPIOInput          
00000b99  IntMasterEnable               
00000ba9  __TI_decompress_none          
00000bb7  CPUcpsie                      
00000bc3  GPIOIntEnable                 
00000bcf  ResetISR                      
00000bdb  GPIOIntClear                  
00000be1  GPIOPinRead                   
00000be7  GPIOPinWrite                  
00000bed  SysCtlDelay                   
00000bf3  _system_pre_init              
00000bf7  C$$EXIT                       
00000bf7  abort                         
00001000  __STACK_SIZE                  
0000101c  __TI_Handler_Table_Base       
00001028  __TI_Handler_Table_Limit      
00001038  __TI_CINIT_Base               
00001050  __TI_CINIT_Limit              
20000000  __start___llvm_prf_cnts       
20000000  __stop___llvm_prf_cnts        
20000000  g_pfnRAMVectors               
20000270  __stack                       
20000470  __STACK_TOP                   
20001270  LED_states                    
20001270  __STACK_END                   
20001300  reloj                         
20001304  estado                        
20001308  mode                          
ffffffff  __TI_pprof_out_hndl           
ffffffff  __TI_prof_data_size           
ffffffff  __TI_prof_data_start          
ffffffff  __binit__                     
ffffffff  __c_args__                    
ffffffff  binit                         
UNDEFED   __mpu_init                    
UNDEFED   _system_post_cinit            

[58 symbols]
