<?xml version="1.0" encoding="ISO-8859-1" ?>
<link_info>
   <banner>TI ARM Linker PC v20.2.6.LTS</banner>
   <copyright>Copyright (c) 1996-2018 Texas Instruments Incorporated</copyright>
   <link_time>0x63dd2dd9</link_time>
   <link_errors>0x0</link_errors>
   <output_file>PROYECTO.out</output_file>
   <entry_point>
      <name>_c_int00_noargs</name>
      <address>0x167e9</address>
   </entry_point>
   <input_file_list>
      <input_file id="fl-2">
         <path>.\</path>
         <kind>object</kind>
         <file>DigitalHandWritingTrainer.obj</file>
         <name>DigitalHandWritingTrainer.obj</name>
      </input_file>
      <input_file id="fl-3">
         <path>.\</path>
         <kind>object</kind>
         <file>HAL_I2C.obj</file>
         <name>HAL_I2C.obj</name>
      </input_file>
      <input_file id="fl-4">
         <path>.\</path>
         <kind>object</kind>
         <file>PheripheralConfigurationLibrary.obj</file>
         <name>PheripheralConfigurationLibrary.obj</name>
      </input_file>
      <input_file id="fl-5">
         <path>.\</path>
         <kind>object</kind>
         <file>ft800_TIVA.obj</file>
         <name>ft800_TIVA.obj</name>
      </input_file>
      <input_file id="fl-6">
         <path>.\</path>
         <kind>object</kind>
         <file>tm4c1294ncpdt_startup_ccs.obj</file>
         <name>tm4c1294ncpdt_startup_ccs.obj</name>
      </input_file>
      <input_file id="fl-7">
         <path>.\</path>
         <kind>object</kind>
         <file>uartstdio.obj</file>
         <name>uartstdio.obj</name>
      </input_file>
      <input_file id="fl-d">
         <kind>object</kind>
         <file>&lt;internal&gt;</file>
         <name>&lt;internal&gt;</name>
      </input_file>
      <input_file id="fl-e">
         <path>..\</path>
         <kind>archive</kind>
         <file>SENSORLIB2.lib</file>
         <name>HAL_OPT3001.obj</name>
      </input_file>
      <input_file id="fl-f">
         <path>..\</path>
         <kind>archive</kind>
         <file>SENSORLIB2.lib</file>
         <name>bme280.obj</name>
      </input_file>
      <input_file id="fl-10">
         <path>..\</path>
         <kind>archive</kind>
         <file>SENSORLIB2.lib</file>
         <name>bme280_support.obj</name>
      </input_file>
      <input_file id="fl-11">
         <path>..\</path>
         <kind>archive</kind>
         <file>SENSORLIB2.lib</file>
         <name>bmi160_support.obj</name>
      </input_file>
      <input_file id="fl-12">
         <path>..\</path>
         <kind>archive</kind>
         <file>SENSORLIB2.lib</file>
         <name>bmi160.obj</name>
      </input_file>
      <input_file id="fl-13">
         <path>D:\CodeComposer\ti\TivaWare_C_Series-2.2.0.295\driverlib\ccs\Debug\</path>
         <kind>archive</kind>
         <file>driverlib.lib</file>
         <name>eeprom.obj</name>
      </input_file>
      <input_file id="fl-14">
         <path>D:\CodeComposer\ti\TivaWare_C_Series-2.2.0.295\driverlib\ccs\Debug\</path>
         <kind>archive</kind>
         <file>driverlib.lib</file>
         <name>gpio.obj</name>
      </input_file>
      <input_file id="fl-15">
         <path>D:\CodeComposer\ti\TivaWare_C_Series-2.2.0.295\driverlib\ccs\Debug\</path>
         <kind>archive</kind>
         <file>driverlib.lib</file>
         <name>i2c.obj</name>
      </input_file>
      <input_file id="fl-16">
         <path>D:\CodeComposer\ti\TivaWare_C_Series-2.2.0.295\driverlib\ccs\Debug\</path>
         <kind>archive</kind>
         <file>driverlib.lib</file>
         <name>interrupt.obj</name>
      </input_file>
      <input_file id="fl-17">
         <path>D:\CodeComposer\ti\TivaWare_C_Series-2.2.0.295\driverlib\ccs\Debug\</path>
         <kind>archive</kind>
         <file>driverlib.lib</file>
         <name>pwm.obj</name>
      </input_file>
      <input_file id="fl-18">
         <path>D:\CodeComposer\ti\TivaWare_C_Series-2.2.0.295\driverlib\ccs\Debug\</path>
         <kind>archive</kind>
         <file>driverlib.lib</file>
         <name>shamd5.obj</name>
      </input_file>
      <input_file id="fl-19">
         <path>D:\CodeComposer\ti\TivaWare_C_Series-2.2.0.295\driverlib\ccs\Debug\</path>
         <kind>archive</kind>
         <file>driverlib.lib</file>
         <name>ssi.obj</name>
      </input_file>
      <input_file id="fl-1a">
         <path>D:\CodeComposer\ti\TivaWare_C_Series-2.2.0.295\driverlib\ccs\Debug\</path>
         <kind>archive</kind>
         <file>driverlib.lib</file>
         <name>sysctl.obj</name>
      </input_file>
      <input_file id="fl-1b">
         <path>D:\CodeComposer\ti\TivaWare_C_Series-2.2.0.295\driverlib\ccs\Debug\</path>
         <kind>archive</kind>
         <file>driverlib.lib</file>
         <name>systick.obj</name>
      </input_file>
      <input_file id="fl-1c">
         <path>D:\CodeComposer\ti\TivaWare_C_Series-2.2.0.295\driverlib\ccs\Debug\</path>
         <kind>archive</kind>
         <file>driverlib.lib</file>
         <name>timer.obj</name>
      </input_file>
      <input_file id="fl-1d">
         <path>D:\CodeComposer\ti\TivaWare_C_Series-2.2.0.295\driverlib\ccs\Debug\</path>
         <kind>archive</kind>
         <file>driverlib.lib</file>
         <name>uart.obj</name>
      </input_file>
      <input_file id="fl-1e">
         <path>D:\CodeComposer\ti\TivaWare_C_Series-2.2.0.295\driverlib\ccs\Debug\</path>
         <kind>archive</kind>
         <file>driverlib.lib</file>
         <name>cpu.obj</name>
      </input_file>
      <input_file id="fl-d4">
         <path>D:\CodeComposer\ccs\tools\compiler\ti-cgt-arm_20.2.6.LTS\lib\</path>
         <kind>archive</kind>
         <file>rtsv7M4_T_le_v4SPD16_eabi.lib</file>
         <name>s_exp2.c.obj</name>
      </input_file>
      <input_file id="fl-d5">
         <path>D:\CodeComposer\ccs\tools\compiler\ti-cgt-arm_20.2.6.LTS\lib\</path>
         <kind>archive</kind>
         <file>rtsv7M4_T_le_v4SPD16_eabi.lib</file>
         <name>sprintf.c.obj</name>
      </input_file>
      <input_file id="fl-d6">
         <path>D:\CodeComposer\ccs\tools\compiler\ti-cgt-arm_20.2.6.LTS\lib\</path>
         <kind>archive</kind>
         <file>rtsv7M4_T_le_v4SPD16_eabi.lib</file>
         <name>fd_add_t2.asm.obj</name>
      </input_file>
      <input_file id="fl-d7">
         <path>D:\CodeComposer\ccs\tools\compiler\ti-cgt-arm_20.2.6.LTS\lib\</path>
         <kind>archive</kind>
         <file>rtsv7M4_T_le_v4SPD16_eabi.lib</file>
         <name>fd_cmp_t2.asm.obj</name>
      </input_file>
      <input_file id="fl-d8">
         <path>D:\CodeComposer\ccs\tools\compiler\ti-cgt-arm_20.2.6.LTS\lib\</path>
         <kind>archive</kind>
         <file>rtsv7M4_T_le_v4SPD16_eabi.lib</file>
         <name>fd_div_t2.asm.obj</name>
      </input_file>
      <input_file id="fl-d9">
         <path>D:\CodeComposer\ccs\tools\compiler\ti-cgt-arm_20.2.6.LTS\lib\</path>
         <kind>archive</kind>
         <file>rtsv7M4_T_le_v4SPD16_eabi.lib</file>
         <name>fd_mul_t2.asm.obj</name>
      </input_file>
      <input_file id="fl-da">
         <path>D:\CodeComposer\ccs\tools\compiler\ti-cgt-arm_20.2.6.LTS\lib\</path>
         <kind>archive</kind>
         <file>rtsv7M4_T_le_v4SPD16_eabi.lib</file>
         <name>fd_toi_t2.asm.obj</name>
      </input_file>
      <input_file id="fl-db">
         <path>D:\CodeComposer\ccs\tools\compiler\ti-cgt-arm_20.2.6.LTS\lib\</path>
         <kind>archive</kind>
         <file>rtsv7M4_T_le_v4SPD16_eabi.lib</file>
         <name>fd_tos_t2.asm.obj</name>
      </input_file>
      <input_file id="fl-dc">
         <path>D:\CodeComposer\ccs\tools\compiler\ti-cgt-arm_20.2.6.LTS\lib\</path>
         <kind>archive</kind>
         <file>rtsv7M4_T_le_v4SPD16_eabi.lib</file>
         <name>fd_tou_t2.asm.obj</name>
      </input_file>
      <input_file id="fl-dd">
         <path>D:\CodeComposer\ccs\tools\compiler\ti-cgt-arm_20.2.6.LTS\lib\</path>
         <kind>archive</kind>
         <file>rtsv7M4_T_le_v4SPD16_eabi.lib</file>
         <name>fs_tod_t2.asm.obj</name>
      </input_file>
      <input_file id="fl-de">
         <path>D:\CodeComposer\ccs\tools\compiler\ti-cgt-arm_20.2.6.LTS\lib\</path>
         <kind>archive</kind>
         <file>rtsv7M4_T_le_v4SPD16_eabi.lib</file>
         <name>i_tofd_t2.asm.obj</name>
      </input_file>
      <input_file id="fl-df">
         <path>D:\CodeComposer\ccs\tools\compiler\ti-cgt-arm_20.2.6.LTS\lib\</path>
         <kind>archive</kind>
         <file>rtsv7M4_T_le_v4SPD16_eabi.lib</file>
         <name>ll_mul_t2.asm.obj</name>
      </input_file>
      <input_file id="fl-e0">
         <path>D:\CodeComposer\ccs\tools\compiler\ti-cgt-arm_20.2.6.LTS\lib\</path>
         <kind>archive</kind>
         <file>rtsv7M4_T_le_v4SPD16_eabi.lib</file>
         <name>memcpy_t2.asm.obj</name>
      </input_file>
      <input_file id="fl-e1">
         <path>D:\CodeComposer\ccs\tools\compiler\ti-cgt-arm_20.2.6.LTS\lib\</path>
         <kind>archive</kind>
         <file>rtsv7M4_T_le_v4SPD16_eabi.lib</file>
         <name>u_tofd_t2.asm.obj</name>
      </input_file>
      <input_file id="fl-e2">
         <path>D:\CodeComposer\ccs\tools\compiler\ti-cgt-arm_20.2.6.LTS\lib\</path>
         <kind>archive</kind>
         <file>rtsv7M4_T_le_v4SPD16_eabi.lib</file>
         <name>memset_t2.asm.obj</name>
      </input_file>
      <input_file id="fl-e3">
         <path>D:\CodeComposer\ccs\tools\compiler\ti-cgt-arm_20.2.6.LTS\lib\</path>
         <kind>archive</kind>
         <file>rtsv7M4_T_le_v4SPD16_eabi.lib</file>
         <name>u_divt2.asm.obj</name>
      </input_file>
      <input_file id="fl-e4">
         <path>D:\CodeComposer\ccs\tools\compiler\ti-cgt-arm_20.2.6.LTS\lib\</path>
         <kind>archive</kind>
         <file>rtsv7M4_T_le_v4SPD16_eabi.lib</file>
         <name>ll_div_t2.asm.obj</name>
      </input_file>
      <input_file id="fl-e5">
         <path>D:\CodeComposer\ccs\tools\compiler\ti-cgt-arm_20.2.6.LTS\lib\</path>
         <kind>archive</kind>
         <file>rtsv7M4_T_le_v4SPD16_eabi.lib</file>
         <name>ull_div_t2.asm.obj</name>
      </input_file>
      <input_file id="fl-e6">
         <path>D:\CodeComposer\ccs\tools\compiler\ti-cgt-arm_20.2.6.LTS\lib\</path>
         <kind>archive</kind>
         <file>rtsv7M4_T_le_v4SPD16_eabi.lib</file>
         <name>copy_zero_init.c.obj</name>
      </input_file>
      <input_file id="fl-e7">
         <path>D:\CodeComposer\ccs\tools\compiler\ti-cgt-arm_20.2.6.LTS\lib\</path>
         <kind>archive</kind>
         <file>rtsv7M4_T_le_v4SPD16_eabi.lib</file>
         <name>copy_decompress_none.c.obj</name>
      </input_file>
      <input_file id="fl-e8">
         <path>D:\CodeComposer\ccs\tools\compiler\ti-cgt-arm_20.2.6.LTS\lib\</path>
         <kind>archive</kind>
         <file>rtsv7M4_T_le_v4SPD16_eabi.lib</file>
         <name>copy_decompress_lzss.c.obj</name>
      </input_file>
      <input_file id="fl-e9">
         <path>D:\CodeComposer\ccs\tools\compiler\ti-cgt-arm_20.2.6.LTS\lib\</path>
         <kind>archive</kind>
         <file>rtsv7M4_T_le_v4SPD16_eabi.lib</file>
         <name>strcpy.c.obj</name>
      </input_file>
      <input_file id="fl-ea">
         <path>D:\CodeComposer\ccs\tools\compiler\ti-cgt-arm_20.2.6.LTS\lib\</path>
         <kind>archive</kind>
         <file>rtsv7M4_T_le_v4SPD16_eabi.lib</file>
         <name>errno.c.obj</name>
      </input_file>
      <input_file id="fl-eb">
         <path>D:\CodeComposer\ccs\tools\compiler\ti-cgt-arm_20.2.6.LTS\lib\</path>
         <kind>archive</kind>
         <file>rtsv7M4_T_le_v4SPD16_eabi.lib</file>
         <name>boot_cortex_m.c.obj</name>
      </input_file>
      <input_file id="fl-ec">
         <path>D:\CodeComposer\ccs\tools\compiler\ti-cgt-arm_20.2.6.LTS\lib\</path>
         <kind>archive</kind>
         <file>rtsv7M4_T_le_v4SPD16_eabi.lib</file>
         <name>_printfi.c.obj</name>
      </input_file>
      <input_file id="fl-ed">
         <path>D:\CodeComposer\ccs\tools\compiler\ti-cgt-arm_20.2.6.LTS\lib\</path>
         <kind>archive</kind>
         <file>rtsv7M4_T_le_v4SPD16_eabi.lib</file>
         <name>div0.asm.obj</name>
      </input_file>
      <input_file id="fl-ee">
         <path>D:\CodeComposer\ccs\tools\compiler\ti-cgt-arm_20.2.6.LTS\lib\</path>
         <kind>archive</kind>
         <file>rtsv7M4_T_le_v4SPD16_eabi.lib</file>
         <name>autoinit.c.obj</name>
      </input_file>
      <input_file id="fl-ef">
         <path>D:\CodeComposer\ccs\tools\compiler\ti-cgt-arm_20.2.6.LTS\lib\</path>
         <kind>archive</kind>
         <file>rtsv7M4_T_le_v4SPD16_eabi.lib</file>
         <name>pre_init.c.obj</name>
      </input_file>
      <input_file id="fl-f0">
         <path>D:\CodeComposer\ccs\tools\compiler\ti-cgt-arm_20.2.6.LTS\lib\</path>
         <kind>archive</kind>
         <file>rtsv7M4_T_le_v4SPD16_eabi.lib</file>
         <name>cpy_tbl.c.obj</name>
      </input_file>
      <input_file id="fl-f1">
         <path>D:\CodeComposer\ccs\tools\compiler\ti-cgt-arm_20.2.6.LTS\lib\</path>
         <kind>archive</kind>
         <file>rtsv7M4_T_le_v4SPD16_eabi.lib</file>
         <name>exit.c.obj</name>
      </input_file>
      <input_file id="fl-f2">
         <path>D:\CodeComposer\ccs\tools\compiler\ti-cgt-arm_20.2.6.LTS\lib\</path>
         <kind>archive</kind>
         <file>rtsv7M4_T_le_v4SPD16_eabi.lib</file>
         <name>_lock.c.obj</name>
      </input_file>
      <input_file id="fl-f3">
         <path>D:\CodeComposer\ccs\tools\compiler\ti-cgt-arm_20.2.6.LTS\lib\</path>
         <kind>archive</kind>
         <file>rtsv7M4_T_le_v4SPD16_eabi.lib</file>
         <name>_ltoa.c.obj</name>
      </input_file>
      <input_file id="fl-f4">
         <path>D:\CodeComposer\ccs\tools\compiler\ti-cgt-arm_20.2.6.LTS\lib\</path>
         <kind>archive</kind>
         <file>rtsv7M4_T_le_v4SPD16_eabi.lib</file>
         <name>args_main.c.obj</name>
      </input_file>
      <input_file id="fl-f5">
         <path>D:\CodeComposer\ccs\tools\compiler\ti-cgt-arm_20.2.6.LTS\lib\</path>
         <kind>archive</kind>
         <file>rtsv7M4_T_le_v4SPD16_eabi.lib</file>
         <name>atoi.c.obj</name>
      </input_file>
      <input_file id="fl-f6">
         <path>D:\CodeComposer\ccs\tools\compiler\ti-cgt-arm_20.2.6.LTS\lib\</path>
         <kind>archive</kind>
         <file>rtsv7M4_T_le_v4SPD16_eabi.lib</file>
         <name>ctype.c.obj</name>
      </input_file>
      <input_file id="fl-f7">
         <path>D:\CodeComposer\ccs\tools\compiler\ti-cgt-arm_20.2.6.LTS\lib\</path>
         <kind>archive</kind>
         <file>rtsv7M4_T_le_v4SPD16_eabi.lib</file>
         <name>memccpy.c.obj</name>
      </input_file>
      <input_file id="fl-f8">
         <path>D:\CodeComposer\ccs\tools\compiler\ti-cgt-arm_20.2.6.LTS\lib\</path>
         <kind>archive</kind>
         <file>rtsv7M4_T_le_v4SPD16_eabi.lib</file>
         <name>strchr.c.obj</name>
      </input_file>
      <input_file id="fl-f9">
         <path>D:\CodeComposer\ccs\tools\compiler\ti-cgt-arm_20.2.6.LTS\lib\</path>
         <kind>archive</kind>
         <file>rtsv7M4_T_le_v4SPD16_eabi.lib</file>
         <name>strlen.c.obj</name>
      </input_file>
      <input_file id="fl-fa">
         <path>D:\CodeComposer\ccs\tools\compiler\ti-cgt-arm_20.2.6.LTS\lib\</path>
         <kind>archive</kind>
         <file>rtsv7M4_T_le_v4SPD16_eabi.lib</file>
         <name>s_frexp.c.obj</name>
      </input_file>
      <input_file id="fl-fb">
         <path>D:\CodeComposer\ccs\tools\compiler\ti-cgt-arm_20.2.6.LTS\lib\</path>
         <kind>archive</kind>
         <file>rtsv7M4_T_le_v4SPD16_eabi.lib</file>
         <name>s_scalbn.c.obj</name>
      </input_file>
      <input_file id="fl-fc">
         <path>D:\CodeComposer\ccs\tools\compiler\ti-cgt-arm_20.2.6.LTS\lib\</path>
         <kind>archive</kind>
         <file>rtsv7M4_T_le_v4SPD16_eabi.lib</file>
         <name>s_copysign.c.obj</name>
      </input_file>
      <input_file id="fl-fd">
         <path>D:\CodeComposer\ccs\tools\compiler\ti-cgt-arm_20.2.6.LTS\lib\</path>
         <kind>archive</kind>
         <file>rtsv7M4_T_le_v4SPD16_eabi.lib</file>
         <name>wcslen.c.obj</name>
      </input_file>
   </input_file_list>
   <object_component_list>
      <object_component id="oc-12">
         <name>.intvecs</name>
         <load_address>0x0</load_address>
         <run_address>0x0</run_address>
         <size>0x208</size>
         <input_file_ref idref="fl-6"/>
      </object_component>
      <object_component id="oc-3f0">
         <name>.text</name>
         <load_address>0x208</load_address>
         <run_address>0x208</run_address>
         <size>0xd5e0</size>
         <input_file_ref idref="fl-12"/>
      </object_component>
      <object_component id="oc-9b">
         <name>.text</name>
         <load_address>0xd7e8</load_address>
         <run_address>0xd7e8</run_address>
         <size>0x2054</size>
         <input_file_ref idref="fl-2"/>
      </object_component>
      <object_component id="oc-21c">
         <name>.text</name>
         <load_address>0xf83c</load_address>
         <run_address>0xf83c</run_address>
         <size>0x1e28</size>
         <input_file_ref idref="fl-f"/>
      </object_component>
      <object_component id="oc-f6">
         <name>.text</name>
         <load_address>0x11664</load_address>
         <run_address>0x11664</run_address>
         <size>0x1058</size>
         <input_file_ref idref="fl-5"/>
      </object_component>
      <object_component id="oc-222">
         <name>.text</name>
         <load_address>0x126bc</load_address>
         <run_address>0x126bc</run_address>
         <size>0xc44</size>
         <input_file_ref idref="fl-11"/>
      </object_component>
      <object_component id="oc-2f5">
         <name>.text:__TI_printfi</name>
         <load_address>0x13300</load_address>
         <run_address>0x13300</run_address>
         <size>0xa4e</size>
         <input_file_ref idref="fl-ec"/>
      </object_component>
      <object_component id="oc-4fb">
         <name>.text</name>
         <load_address>0x13d4e</load_address>
         <run_address>0x13d4e</run_address>
         <size>0x2</size>
         <input_file_ref idref="fl-ed"/>
      </object_component>
      <object_component id="oc-210">
         <name>.text</name>
         <load_address>0x13d50</load_address>
         <run_address>0x13d50</run_address>
         <size>0x4a0</size>
         <input_file_ref idref="fl-3"/>
      </object_component>
      <object_component id="oc-cc">
         <name>.text</name>
         <load_address>0x141f0</load_address>
         <run_address>0x141f0</run_address>
         <size>0x36c</size>
         <input_file_ref idref="fl-4"/>
      </object_component>
      <object_component id="oc-216">
         <name>.text</name>
         <load_address>0x1455c</load_address>
         <run_address>0x1455c</run_address>
         <size>0x28c</size>
         <input_file_ref idref="fl-10"/>
      </object_component>
      <object_component id="oc-470">
         <name>.text:_pconv_a</name>
         <load_address>0x147e8</load_address>
         <run_address>0x147e8</run_address>
         <size>0x270</size>
         <input_file_ref idref="fl-ec"/>
      </object_component>
      <object_component id="oc-1b1">
         <name>.text:SysCtlClockFreqSet</name>
         <load_address>0x14a58</load_address>
         <run_address>0x14a58</run_address>
         <size>0x200</size>
         <input_file_ref idref="fl-1a"/>
      </object_component>
      <object_component id="oc-406">
         <name>.text:exp2</name>
         <load_address>0x14c58</load_address>
         <run_address>0x14c58</run_address>
         <size>0x200</size>
         <input_file_ref idref="fl-d4"/>
      </object_component>
      <object_component id="oc-45e">
         <name>.text:_pconv_g</name>
         <load_address>0x14e58</load_address>
         <run_address>0x14e58</run_address>
         <size>0x1d0</size>
         <input_file_ref idref="fl-ec"/>
      </object_component>
      <object_component id="oc-10c">
         <name>.text</name>
         <load_address>0x15028</load_address>
         <run_address>0x15028</run_address>
         <size>0x1b6</size>
         <input_file_ref idref="fl-d6"/>
      </object_component>
      <object_component id="oc-34b">
         <name>.text:GPIOPadConfigSet</name>
         <load_address>0x151e0</load_address>
         <run_address>0x151e0</run_address>
         <size>0x16c</size>
         <input_file_ref idref="fl-14"/>
      </object_component>
      <object_component id="oc-46a">
         <name>.text:_pconv_e</name>
         <load_address>0x1534c</load_address>
         <run_address>0x1534c</run_address>
         <size>0x13c</size>
         <input_file_ref idref="fl-ec"/>
      </object_component>
      <object_component id="oc-3d6">
         <name>.text</name>
         <load_address>0x15488</load_address>
         <run_address>0x15488</run_address>
         <size>0x136</size>
         <input_file_ref idref="fl-d8"/>
      </object_component>
      <object_component id="oc-55a">
         <name>.text:fcvt</name>
         <load_address>0x155c0</load_address>
         <run_address>0x155c0</run_address>
         <size>0x124</size>
         <input_file_ref idref="fl-ec"/>
      </object_component>
      <object_component id="oc-56e">
         <name>.text:scalbn</name>
         <load_address>0x156e4</load_address>
         <run_address>0x156e4</run_address>
         <size>0x110</size>
         <input_file_ref idref="fl-fb"/>
      </object_component>
      <object_component id="oc-107">
         <name>.text</name>
         <load_address>0x157f4</load_address>
         <run_address>0x157f4</run_address>
         <size>0xfc</size>
         <input_file_ref idref="fl-d9"/>
      </object_component>
      <object_component id="oc-228">
         <name>.text</name>
         <load_address>0x158f0</load_address>
         <run_address>0x158f0</run_address>
         <size>0xd8</size>
         <input_file_ref idref="fl-e"/>
      </object_component>
      <object_component id="oc-12e">
         <name>.text:EEPROMProgram</name>
         <load_address>0x159c8</load_address>
         <run_address>0x159c8</run_address>
         <size>0xc4</size>
         <input_file_ref idref="fl-13"/>
      </object_component>
      <object_component id="oc-458">
         <name>.text:_ltostr</name>
         <load_address>0x15a8c</load_address>
         <run_address>0x15a8c</run_address>
         <size>0xb1</size>
         <input_file_ref idref="fl-ec"/>
      </object_component>
      <object_component id="oc-3b">
         <name>.text</name>
         <load_address>0x15b3e</load_address>
         <run_address>0x15b3e</run_address>
         <size>0x9c</size>
         <input_file_ref idref="fl-e0"/>
      </object_component>
      <object_component id="oc-500">
         <name>.text</name>
         <load_address>0x15bda</load_address>
         <run_address>0x15bda</run_address>
         <size>0x96</size>
         <input_file_ref idref="fl-e5"/>
      </object_component>
      <object_component id="oc-3db">
         <name>.text:__aeabi_cdcmple</name>
         <load_address>0x15c70</load_address>
         <run_address>0x15c70</run_address>
         <size>0x86</size>
         <input_file_ref idref="fl-d7"/>
      </object_component>
      <object_component id="oc-3e0">
         <name>.text:__aeabi_cdrcmple</name>
         <load_address>0x15cf6</load_address>
         <run_address>0x15cf6</run_address>
         <size>0x86</size>
         <input_file_ref idref="fl-d7"/>
      </object_component>
      <object_component id="oc-8f">
         <name>.text</name>
         <load_address>0x15d7c</load_address>
         <run_address>0x15d7c</run_address>
         <size>0x7a</size>
         <input_file_ref idref="fl-e2"/>
      </object_component>
      <object_component id="oc-553">
         <name>.text:_mcpy</name>
         <load_address>0x15df6</load_address>
         <run_address>0x15df6</run_address>
         <size>0x6e</size>
         <input_file_ref idref="fl-ec"/>
      </object_component>
      <object_component id="oc-111">
         <name>.text</name>
         <load_address>0x15e64</load_address>
         <run_address>0x15e64</run_address>
         <size>0x6e</size>
         <input_file_ref idref="fl-db"/>
      </object_component>
      <object_component id="oc-3ea">
         <name>.text</name>
         <load_address>0x15ed2</load_address>
         <run_address>0x15ed2</run_address>
         <size>0x6e</size>
         <input_file_ref idref="fl-e4"/>
      </object_component>
      <object_component id="oc-1ec">
         <name>.text:IntEnable</name>
         <load_address>0x15f40</load_address>
         <run_address>0x15f40</run_address>
         <size>0x68</size>
         <input_file_ref idref="fl-16"/>
      </object_component>
      <object_component id="oc-15">
         <name>.text:decompress:lzss:__TI_decompress_lzss</name>
         <load_address>0x15fa8</load_address>
         <run_address>0x15fa8</run_address>
         <size>0x68</size>
         <input_file_ref idref="fl-e8"/>
      </object_component>
      <object_component id="oc-568">
         <name>.text:frexp</name>
         <load_address>0x16010</load_address>
         <run_address>0x16010</run_address>
         <size>0x64</size>
         <input_file_ref idref="fl-fa"/>
      </object_component>
      <object_component id="oc-1cf">
         <name>.text:TimerConfigure</name>
         <load_address>0x16074</load_address>
         <run_address>0x16074</run_address>
         <size>0x60</size>
         <input_file_ref idref="fl-1c"/>
      </object_component>
      <object_component id="oc-464">
         <name>.text:_pconv_f</name>
         <load_address>0x160d4</load_address>
         <run_address>0x160d4</run_address>
         <size>0x56</size>
         <input_file_ref idref="fl-ec"/>
      </object_component>
      <object_component id="oc-547">
         <name>.text:__TI_ltoa</name>
         <load_address>0x1612a</load_address>
         <run_address>0x1612a</run_address>
         <size>0x54</size>
         <input_file_ref idref="fl-f3"/>
      </object_component>
      <object_component id="oc-54d">
         <name>.text:_ecpy</name>
         <load_address>0x1617e</load_address>
         <run_address>0x1617e</run_address>
         <size>0x52</size>
         <input_file_ref idref="fl-ec"/>
      </object_component>
      <object_component id="oc-375">
         <name>.text:SysCtlPeripheralReset</name>
         <load_address>0x161d0</load_address>
         <run_address>0x161d0</run_address>
         <size>0x50</size>
         <input_file_ref idref="fl-1a"/>
      </object_component>
      <object_component id="oc-24c">
         <name>.text:GPIOPinConfigure</name>
         <load_address>0x16220</load_address>
         <run_address>0x16220</run_address>
         <size>0x4c</size>
         <input_file_ref idref="fl-14"/>
      </object_component>
      <object_component id="oc-38e">
         <name>.text:I2CMasterInitExpClk</name>
         <load_address>0x1626c</load_address>
         <run_address>0x1626c</run_address>
         <size>0x4c</size>
         <input_file_ref idref="fl-15"/>
      </object_component>
      <object_component id="oc-35f">
         <name>.text:_TimerIntNumberGet</name>
         <load_address>0x162b8</load_address>
         <run_address>0x162b8</run_address>
         <size>0x4c</size>
         <input_file_ref idref="fl-1c"/>
      </object_component>
      <object_component id="oc-452">
         <name>.text:atoi</name>
         <load_address>0x16304</load_address>
         <run_address>0x16304</run_address>
         <size>0x4c</size>
         <input_file_ref idref="fl-f5"/>
      </object_component>
      <object_component id="oc-204">
         <name>.text:SysCtlPeripheralClockGating</name>
         <load_address>0x16350</load_address>
         <run_address>0x16350</run_address>
         <size>0x48</size>
         <input_file_ref idref="fl-1a"/>
      </object_component>
      <object_component id="oc-339">
         <name>.text:_SysCtlFrequencyGet</name>
         <load_address>0x16398</load_address>
         <run_address>0x16398</run_address>
         <size>0x48</size>
         <input_file_ref idref="fl-1a"/>
      </object_component>
      <object_component id="oc-147">
         <name>.text</name>
         <load_address>0x163e0</load_address>
         <run_address>0x163e0</run_address>
         <size>0x48</size>
         <input_file_ref idref="fl-da"/>
      </object_component>
      <object_component id="oc-2d4">
         <name>.text:_SHAMD5DataWriteMultiple</name>
         <load_address>0x16428</load_address>
         <run_address>0x16428</run_address>
         <size>0x46</size>
         <input_file_ref idref="fl-18"/>
      </object_component>
      <object_component id="oc-16c">
         <name>.text:__TI_auto_init_nobinit_nopinit:__TI_auto_init_nobinit_nopinit</name>
         <load_address>0x16470</load_address>
         <run_address>0x16470</run_address>
         <size>0x44</size>
         <input_file_ref idref="fl-ee"/>
      </object_component>
      <object_component id="oc-1db">
         <name>.text</name>
         <load_address>0x164b4</load_address>
         <run_address>0x164b4</run_address>
         <size>0x44</size>
         <input_file_ref idref="fl-dc"/>
      </object_component>
      <object_component id="oc-20a">
         <name>.text:EEPROMInit</name>
         <load_address>0x164f8</load_address>
         <run_address>0x164f8</run_address>
         <size>0x40</size>
         <input_file_ref idref="fl-13"/>
      </object_component>
      <object_component id="oc-2da">
         <name>.text:SHAMD5ResultRead</name>
         <load_address>0x16538</load_address>
         <run_address>0x16538</run_address>
         <size>0x40</size>
         <input_file_ref idref="fl-18"/>
      </object_component>
      <object_component id="oc-134">
         <name>.text:sprintf</name>
         <load_address>0x16578</load_address>
         <run_address>0x16578</run_address>
         <size>0x40</size>
         <input_file_ref idref="fl-d5"/>
      </object_component>
      <object_component id="oc-560">
         <name>.text:_fcpy</name>
         <load_address>0x165b8</load_address>
         <run_address>0x165b8</run_address>
         <size>0x3e</size>
         <input_file_ref idref="fl-ec"/>
      </object_component>
      <object_component id="oc-29c">
         <name>.text:SSIConfigSetExpClk</name>
         <load_address>0x165f6</load_address>
         <run_address>0x165f6</run_address>
         <size>0x3c</size>
         <input_file_ref idref="fl-19"/>
      </object_component>
      <object_component id="oc-2ee">
         <name>.text:_EEPROMSectorMaskSet</name>
         <load_address>0x16634</load_address>
         <run_address>0x16634</run_address>
         <size>0x3c</size>
         <input_file_ref idref="fl-13"/>
      </object_component>
      <object_component id="oc-f0">
         <name>.text:EEPROMRead</name>
         <load_address>0x16670</load_address>
         <run_address>0x16670</run_address>
         <size>0x38</size>
         <input_file_ref idref="fl-13"/>
      </object_component>
      <object_component id="oc-22e">
         <name>.text:SysCtlPeripheralReady</name>
         <load_address>0x166a8</load_address>
         <run_address>0x166a8</run_address>
         <size>0x38</size>
         <input_file_ref idref="fl-1a"/>
      </object_component>
      <object_component id="oc-102">
         <name>.text</name>
         <load_address>0x166e0</load_address>
         <run_address>0x166e0</run_address>
         <size>0x38</size>
         <input_file_ref idref="fl-dd"/>
      </object_component>
      <object_component id="oc-27d">
         <name>.text:IntRegister</name>
         <load_address>0x16718</load_address>
         <run_address>0x16718</run_address>
         <size>0x34</size>
         <input_file_ref idref="fl-16"/>
      </object_component>
      <object_component id="oc-1b7">
         <name>.text:SysCtlPeripheralEnable</name>
         <load_address>0x1674c</load_address>
         <run_address>0x1674c</run_address>
         <size>0x34</size>
         <input_file_ref idref="fl-1a"/>
      </object_component>
      <object_component id="oc-1fe">
         <name>.text:SysCtlPeripheralSleepEnable</name>
         <load_address>0x16780</load_address>
         <run_address>0x16780</run_address>
         <size>0x34</size>
         <input_file_ref idref="fl-1a"/>
      </object_component>
      <object_component id="oc-2e8">
         <name>.text:_EEPROMSectorMaskClear</name>
         <load_address>0x167b4</load_address>
         <run_address>0x167b4</run_address>
         <size>0x34</size>
         <input_file_ref idref="fl-13"/>
      </object_component>
      <object_component id="oc-59">
         <name>.text:_c_int00_noargs:_c_int00_noargs</name>
         <load_address>0x167e8</load_address>
         <run_address>0x167e8</run_address>
         <size>0x34</size>
         <input_file_ref idref="fl-eb"/>
      </object_component>
      <object_component id="oc-3d1">
         <name>.text</name>
         <load_address>0x1681c</load_address>
         <run_address>0x1681c</run_address>
         <size>0x2e</size>
         <input_file_ref idref="fl-de"/>
      </object_component>
      <object_component id="oc-351">
         <name>.text:GPIODirModeSet</name>
         <load_address>0x1684a</load_address>
         <run_address>0x1684a</run_address>
         <size>0x2c</size>
         <input_file_ref idref="fl-14"/>
      </object_component>
      <object_component id="oc-116">
         <name>.text:SHAMD5DataProcess</name>
         <load_address>0x16876</load_address>
         <run_address>0x16876</run_address>
         <size>0x2c</size>
         <input_file_ref idref="fl-18"/>
      </object_component>
      <object_component id="oc-240">
         <name>.text:PWMGenConfigure</name>
         <load_address>0x168a2</load_address>
         <run_address>0x168a2</run_address>
         <size>0x22</size>
         <input_file_ref idref="fl-17"/>
      </object_component>
      <object_component id="oc-234">
         <name>.text:SHAMD5Reset</name>
         <load_address>0x168c4</load_address>
         <run_address>0x168c4</run_address>
         <size>0x22</size>
         <input_file_ref idref="fl-18"/>
      </object_component>
      <object_component id="oc-333">
         <name>.text:_SysCtlMemTimingGet</name>
         <load_address>0x168e8</load_address>
         <run_address>0x168e8</run_address>
         <size>0x20</size>
         <input_file_ref idref="fl-1a"/>
      </object_component>
      <object_component id="oc-142">
         <name>.text</name>
         <load_address>0x16908</load_address>
         <run_address>0x16908</run_address>
         <size>0x20</size>
         <input_file_ref idref="fl-e1"/>
      </object_component>
      <object_component id="oc-26a">
         <name>.text:PWMPulseWidthSet</name>
         <load_address>0x16928</load_address>
         <run_address>0x16928</run_address>
         <size>0x1e</size>
         <input_file_ref idref="fl-17"/>
      </object_component>
      <object_component id="oc-43e">
         <name>.text:SHAMD5DataWrite</name>
         <load_address>0x16946</load_address>
         <run_address>0x16946</run_address>
         <size>0x1e</size>
         <input_file_ref idref="fl-18"/>
      </object_component>
      <object_component id="oc-d2">
         <name>.text:SysTickIntRegister</name>
         <load_address>0x16964</load_address>
         <run_address>0x16964</run_address>
         <size>0x1c</size>
         <input_file_ref idref="fl-1b"/>
      </object_component>
      <object_component id="oc-476">
         <name>.text:memccpy</name>
         <load_address>0x16980</load_address>
         <run_address>0x16980</run_address>
         <size>0x1c</size>
         <input_file_ref idref="fl-f7"/>
      </object_component>
      <object_component id="oc-1bd">
         <name>.text:GPIOPinTypeGPIOOutput</name>
         <load_address>0x1699c</load_address>
         <run_address>0x1699c</run_address>
         <size>0x1a</size>
         <input_file_ref idref="fl-14"/>
      </object_component>
      <object_component id="oc-5e2">
         <name>.text:copysign</name>
         <load_address>0x169b6</load_address>
         <run_address>0x169b6</run_address>
         <size>0x1a</size>
         <input_file_ref idref="fl-fc"/>
      </object_component>
      <object_component id="oc-1e6">
         <name>.text:TimerIntRegister</name>
         <load_address>0x169d0</load_address>
         <run_address>0x169d0</run_address>
         <size>0x18</size>
         <input_file_ref idref="fl-1c"/>
      </object_component>
      <object_component id="oc-2fb">
         <name>.text:_outs</name>
         <load_address>0x169e8</load_address>
         <run_address>0x169e8</run_address>
         <size>0x18</size>
         <input_file_ref idref="fl-d5"/>
      </object_component>
      <object_component id="oc-3e5">
         <name>.text</name>
         <load_address>0x16a00</load_address>
         <run_address>0x16a00</run_address>
         <size>0x18</size>
         <input_file_ref idref="fl-df"/>
      </object_component>
      <object_component id="oc-1c3">
         <name>.text:GPIOPinTypeGPIOInput</name>
         <load_address>0x16a18</load_address>
         <run_address>0x16a18</run_address>
         <size>0x16</size>
         <input_file_ref idref="fl-14"/>
      </object_component>
      <object_component id="oc-388">
         <name>.text:GPIOPinTypeI2C</name>
         <load_address>0x16a2e</load_address>
         <run_address>0x16a2e</run_address>
         <size>0x16</size>
         <input_file_ref idref="fl-14"/>
      </object_component>
      <object_component id="oc-382">
         <name>.text:GPIOPinTypeI2CSCL</name>
         <load_address>0x16a44</load_address>
         <run_address>0x16a44</run_address>
         <size>0x16</size>
         <input_file_ref idref="fl-14"/>
      </object_component>
      <object_component id="oc-252">
         <name>.text:GPIOPinTypePWM</name>
         <load_address>0x16a5a</load_address>
         <run_address>0x16a5a</run_address>
         <size>0x16</size>
         <input_file_ref idref="fl-14"/>
      </object_component>
      <object_component id="oc-296">
         <name>.text:GPIOPinTypeSSI</name>
         <load_address>0x16a70</load_address>
         <run_address>0x16a70</run_address>
         <size>0x16</size>
         <input_file_ref idref="fl-14"/>
      </object_component>
      <object_component id="oc-3a6">
         <name>.text:I2CMasterErr</name>
         <load_address>0x16a86</load_address>
         <run_address>0x16a86</run_address>
         <size>0x16</size>
         <input_file_ref idref="fl-15"/>
      </object_component>
      <object_component id="oc-574">
         <name>.text:strchr</name>
         <load_address>0x16a9c</load_address>
         <run_address>0x16a9c</run_address>
         <size>0x16</size>
         <input_file_ref idref="fl-f8"/>
      </object_component>
      <object_component id="oc-246">
         <name>.text:PWMClockSet</name>
         <load_address>0x16ab4</load_address>
         <run_address>0x16ab4</run_address>
         <size>0x14</size>
         <input_file_ref idref="fl-17"/>
      </object_component>
      <object_component id="oc-e4">
         <name>.text:SysTickEnable</name>
         <load_address>0x16ac8</load_address>
         <run_address>0x16ac8</run_address>
         <size>0x14</size>
         <input_file_ref idref="fl-1b"/>
      </object_component>
      <object_component id="oc-de">
         <name>.text:SysTickIntEnable</name>
         <load_address>0x16adc</load_address>
         <run_address>0x16adc</run_address>
         <size>0x14</size>
         <input_file_ref idref="fl-1b"/>
      </object_component>
      <object_component id="oc-122">
         <name>.text:strcpy</name>
         <load_address>0x16af0</load_address>
         <run_address>0x16af0</run_address>
         <size>0x14</size>
         <input_file_ref idref="fl-e9"/>
      </object_component>
      <object_component id="oc-44c">
         <name>.text:strlen</name>
         <load_address>0x16b04</load_address>
         <run_address>0x16b04</run_address>
         <size>0x14</size>
         <input_file_ref idref="fl-f9"/>
      </object_component>
      <object_component id="oc-25e">
         <name>.text:PWMOutputState</name>
         <load_address>0x16b18</load_address>
         <run_address>0x16b18</run_address>
         <size>0x12</size>
         <input_file_ref idref="fl-17"/>
      </object_component>
      <object_component id="oc-1e0">
         <name>.text:TimerLoadSet</name>
         <load_address>0x16b2a</load_address>
         <run_address>0x16b2a</run_address>
         <size>0x12</size>
         <input_file_ref idref="fl-1c"/>
      </object_component>
      <object_component id="oc-1d5">
         <name>.text:TimerPrescaleSet</name>
         <load_address>0x16b3c</load_address>
         <run_address>0x16b3c</run_address>
         <size>0x12</size>
         <input_file_ref idref="fl-1c"/>
      </object_component>
      <object_component id="oc-47c">
         <name>.text:wcslen</name>
         <load_address>0x16b4e</load_address>
         <run_address>0x16b4e</run_address>
         <size>0x12</size>
         <input_file_ref idref="fl-fd"/>
      </object_component>
      <object_component id="oc-ea">
         <name>.text:IntMasterEnable</name>
         <load_address>0x16b60</load_address>
         <run_address>0x16b60</run_address>
         <size>0x10</size>
         <input_file_ref idref="fl-16"/>
      </object_component>
      <object_component id="oc-258">
         <name>.text:PWMGenPeriodSet</name>
         <load_address>0x16b70</load_address>
         <run_address>0x16b70</run_address>
         <size>0x10</size>
         <input_file_ref idref="fl-17"/>
      </object_component>
      <object_component id="oc-d8">
         <name>.text:SysTickPeriodSet</name>
         <load_address>0x16b80</load_address>
         <run_address>0x16b80</run_address>
         <size>0x10</size>
         <input_file_ref idref="fl-1b"/>
      </object_component>
      <object_component id="oc-36f">
         <name>.text:_EEPROMWaitForDone</name>
         <load_address>0x16b90</load_address>
         <run_address>0x16b90</run_address>
         <size>0x10</size>
         <input_file_ref idref="fl-13"/>
      </object_component>
      <object_component id="oc-1f8">
         <name>.text:TimerEnable</name>
         <load_address>0x16ba0</load_address>
         <run_address>0x16ba0</run_address>
         <size>0xe</size>
         <input_file_ref idref="fl-1c"/>
      </object_component>
      <object_component id="oc-1b">
         <name>.text:decompress:none:__TI_decompress_none</name>
         <load_address>0x16bae</load_address>
         <run_address>0x16bae</run_address>
         <size>0xe</size>
         <input_file_ref idref="fl-e7"/>
      </object_component>
      <object_component id="oc-28d">
         <name>.text:CPUcpsie</name>
         <load_address>0x16bbc</load_address>
         <run_address>0x16bbc</run_address>
         <size>0xc</size>
         <input_file_ref idref="fl-1e"/>
      </object_component>
      <object_component id="oc-264">
         <name>.text:PWMGenEnable</name>
         <load_address>0x16bc8</load_address>
         <run_address>0x16bc8</run_address>
         <size>0xc</size>
         <input_file_ref idref="fl-17"/>
      </object_component>
      <object_component id="oc-2b4">
         <name>.text:SSIDataGet</name>
         <load_address>0x16bd4</load_address>
         <run_address>0x16bd4</run_address>
         <size>0xc</size>
         <input_file_ref idref="fl-19"/>
      </object_component>
      <object_component id="oc-4d">
         <name>.text:decompress:ZI:__TI_zero_init</name>
         <load_address>0x16be0</load_address>
         <run_address>0x16be0</run_address>
         <size>0xc</size>
         <input_file_ref idref="fl-e6"/>
      </object_component>
      <object_component id="oc-27">
         <name>.text</name>
         <load_address>0x16bec</load_address>
         <run_address>0x16bec</run_address>
         <size>0xc</size>
         <input_file_ref idref="fl-6"/>
      </object_component>
      <object_component id="oc-394">
         <name>.text:I2CMasterEnable</name>
         <load_address>0x16bf8</load_address>
         <run_address>0x16bf8</run_address>
         <size>0xa</size>
         <input_file_ref idref="fl-15"/>
      </object_component>
      <object_component id="oc-2a8">
         <name>.text:SSIDataPut</name>
         <load_address>0x16c02</load_address>
         <run_address>0x16c02</run_address>
         <size>0xa</size>
         <input_file_ref idref="fl-19"/>
      </object_component>
      <object_component id="oc-2a2">
         <name>.text:SSIEnable</name>
         <load_address>0x16c0c</load_address>
         <run_address>0x16c0c</run_address>
         <size>0xa</size>
         <input_file_ref idref="fl-19"/>
      </object_component>
      <object_component id="oc-301">
         <name>.text:_outc</name>
         <load_address>0x16c16</load_address>
         <run_address>0x16c16</run_address>
         <size>0xa</size>
         <input_file_ref idref="fl-d5"/>
      </object_component>
      <object_component id="oc-3ac">
         <name>.text:I2CMasterBusy</name>
         <load_address>0x16c20</load_address>
         <run_address>0x16c20</run_address>
         <size>0x8</size>
         <input_file_ref idref="fl-15"/>
      </object_component>
      <object_component id="oc-39a">
         <name>.text:I2CMasterSlaveAddrSet</name>
         <load_address>0x16c28</load_address>
         <run_address>0x16c28</run_address>
         <size>0x8</size>
         <input_file_ref idref="fl-15"/>
      </object_component>
      <object_component id="oc-2ae">
         <name>.text:SSIBusy</name>
         <load_address>0x16c30</load_address>
         <run_address>0x16c30</run_address>
         <size>0x8</size>
         <input_file_ref idref="fl-19"/>
      </object_component>
      <object_component id="oc-1f2">
         <name>.text:TimerIntEnable</name>
         <load_address>0x16c38</load_address>
         <run_address>0x16c38</run_address>
         <size>0x8</size>
         <input_file_ref idref="fl-1c"/>
      </object_component>
      <object_component id="oc-482">
         <name>.text:__aeabi_errno_addr</name>
         <load_address>0x16c40</load_address>
         <run_address>0x16c40</run_address>
         <size>0x8</size>
         <input_file_ref idref="fl-ea"/>
      </object_component>
      <object_component id="oc-37c">
         <name>.text:GPIOPinRead</name>
         <load_address>0x16c48</load_address>
         <run_address>0x16c48</run_address>
         <size>0x6</size>
         <input_file_ref idref="fl-14"/>
      </object_component>
      <object_component id="oc-2ba">
         <name>.text:GPIOPinWrite</name>
         <load_address>0x16c4e</load_address>
         <run_address>0x16c4e</run_address>
         <size>0x6</size>
         <input_file_ref idref="fl-14"/>
      </object_component>
      <object_component id="oc-141">
         <name>.text:SysCtlDelay</name>
         <load_address>0x16c54</load_address>
         <run_address>0x16c54</run_address>
         <size>0x6</size>
         <input_file_ref idref="fl-1a"/>
      </object_component>
      <object_component id="oc-1c9">
         <name>.text:TimerClockSourceSet</name>
         <load_address>0x16c5a</load_address>
         <run_address>0x16c5a</run_address>
         <size>0x6</size>
         <input_file_ref idref="fl-1c"/>
      </object_component>
      <object_component id="oc-fc">
         <name>.text:CPUwfi</name>
         <load_address>0x16c60</load_address>
         <run_address>0x16c60</run_address>
         <size>0x4</size>
         <input_file_ref idref="fl-1e"/>
      </object_component>
      <object_component id="oc-3a0">
         <name>.text:I2CMasterControl</name>
         <load_address>0x16c64</load_address>
         <run_address>0x16c64</run_address>
         <size>0x4</size>
         <input_file_ref idref="fl-15"/>
      </object_component>
      <object_component id="oc-3b8">
         <name>.text:I2CMasterDataGet</name>
         <load_address>0x16c68</load_address>
         <run_address>0x16c68</run_address>
         <size>0x4</size>
         <input_file_ref idref="fl-15"/>
      </object_component>
      <object_component id="oc-3b2">
         <name>.text:I2CMasterDataPut</name>
         <load_address>0x16c6c</load_address>
         <run_address>0x16c6c</run_address>
         <size>0x4</size>
         <input_file_ref idref="fl-15"/>
      </object_component>
      <object_component id="oc-23a">
         <name>.text:SHAMD5ConfigSet</name>
         <load_address>0x16c70</load_address>
         <run_address>0x16c70</run_address>
         <size>0x4</size>
         <input_file_ref idref="fl-18"/>
      </object_component>
      <object_component id="oc-2ce">
         <name>.text:SHAMD5HashLengthSet</name>
         <load_address>0x16c74</load_address>
         <run_address>0x16c74</run_address>
         <size>0x4</size>
         <input_file_ref idref="fl-18"/>
      </object_component>
      <object_component id="oc-13b">
         <name>.text:TimerIntClear</name>
         <load_address>0x16c78</load_address>
         <run_address>0x16c78</run_address>
         <size>0x4</size>
         <input_file_ref idref="fl-1c"/>
      </object_component>
      <object_component id="oc-95">
         <name>.text:_system_pre_init</name>
         <load_address>0x16c7c</load_address>
         <run_address>0x16c7c</run_address>
         <size>0x4</size>
         <input_file_ref idref="fl-ef"/>
      </object_component>
      <object_component id="oc-160">
         <name>.text:abort:abort</name>
         <load_address>0x16c80</load_address>
         <run_address>0x16c80</run_address>
         <size>0x4</size>
         <input_file_ref idref="fl-f1"/>
      </object_component>
      <object_component id="oc-157">
         <name>.const:.string:$P$T4$4</name>
         <load_address>0x16c88</load_address>
         <run_address>0x16c88</run_address>
         <size>0x2710</size>
         <input_file_ref idref="fl-2"/>
      </object_component>
      <object_component id="oc-154">
         <name>.const:$P$T3$3</name>
         <load_address>0x19398</load_address>
         <run_address>0x19398</run_address>
         <size>0x1400</size>
         <input_file_ref idref="fl-2"/>
      </object_component>
      <object_component id="oc-52c">
         <name>.const:tbl</name>
         <load_address>0x1a798</load_address>
         <run_address>0x1a798</run_address>
         <size>0x1000</size>
         <input_file_ref idref="fl-d4"/>
      </object_component>
      <object_component id="oc-342">
         <name>.const:g_pppui32XTALtoVCO</name>
         <load_address>0x1b798</load_address>
         <run_address>0x1b798</run_address>
         <size>0x1b0</size>
         <input_file_ref idref="fl-1a"/>
      </object_component>
      <object_component id="oc-541">
         <name>.const:.string:_ctypes_</name>
         <load_address>0x1b948</load_address>
         <run_address>0x1b948</run_address>
         <size>0x101</size>
         <input_file_ref idref="fl-f6"/>
      </object_component>
      <object_component id="oc-51d">
         <name>.const:.string:INVALID_OFFSET</name>
         <load_address>0x1ba49</load_address>
         <run_address>0x1ba49</run_address>
         <size>0x3</size>
         <input_file_ref idref="fl-12"/>
      </object_component>
      <object_component id="oc-413">
         <name>.const:g_pui32GPIOBaseAddrs</name>
         <load_address>0x1ba4c</load_address>
         <run_address>0x1ba4c</run_address>
         <size>0x90</size>
         <input_file_ref idref="fl-14"/>
      </object_component>
      <object_component id="oc-33f">
         <name>.const:g_pui32Xtals</name>
         <load_address>0x1badc</load_address>
         <run_address>0x1badc</run_address>
         <size>0x6c</size>
         <input_file_ref idref="fl-1a"/>
      </object_component>
      <object_component id="oc-4d5">
         <name>.const:g_ppui32TimerIntMap</name>
         <load_address>0x1bb48</load_address>
         <run_address>0x1bb48</run_address>
         <size>0x60</size>
         <input_file_ref idref="fl-1c"/>
      </object_component>
      <object_component id="oc-4d8">
         <name>.const:g_ppui32TimerIntMapSnowflake</name>
         <load_address>0x1bba8</load_address>
         <run_address>0x1bba8</run_address>
         <size>0x40</size>
         <input_file_ref idref="fl-1c"/>
      </object_component>
      <object_component id="oc-11c">
         <name>.const:.string:$P$T0$1</name>
         <load_address>0x1bbe8</load_address>
         <run_address>0x1bbe8</run_address>
         <size>0x32</size>
         <input_file_ref idref="fl-2"/>
      </object_component>
      <object_component id="oc-4bb">
         <name>.const:g_sXTALtoMEMTIM</name>
         <load_address>0x1bc1c</load_address>
         <run_address>0x1bc1c</run_address>
         <size>0x30</size>
         <input_file_ref idref="fl-1a"/>
      </object_component>
      <object_component id="oc-270">
         <name>.const:REG_CAL</name>
         <load_address>0x1bc4c</load_address>
         <run_address>0x1bc4c</run_address>
         <size>0x18</size>
         <input_file_ref idref="fl-4"/>
      </object_component>
      <object_component id="oc-366">
         <name>.const:g_pui32EnRegs</name>
         <load_address>0x1bc64</load_address>
         <run_address>0x1bc64</run_address>
         <size>0x14</size>
         <input_file_ref idref="fl-16"/>
      </object_component>
      <object_component id="oc-151">
         <name>.const:$P$T2$2</name>
         <load_address>0x1bc78</load_address>
         <run_address>0x1bc78</run_address>
         <size>0x10</size>
         <input_file_ref idref="fl-2"/>
      </object_component>
      <object_component id="oc-520">
         <name>.const:yas532_version_ac_coef</name>
         <load_address>0x1bc88</load_address>
         <run_address>0x1bc88</run_address>
         <size>0xc</size>
         <input_file_ref idref="fl-12"/>
      </object_component>
      <object_component id="oc-345">
         <name>.const:g_pui32VCOFrequencies</name>
         <load_address>0x1bc94</load_address>
         <run_address>0x1bc94</run_address>
         <size>0x8</size>
         <input_file_ref idref="fl-1a"/>
      </object_component>
      <object_component id="oc-524">
         <name>.const:v_calib_data$2</name>
         <load_address>0x1bc9c</load_address>
         <run_address>0x1bc9c</run_address>
         <size>0x8</size>
         <input_file_ref idref="fl-12"/>
      </object_component>
      <object_component id="oc-3c5">
         <name>.const:.string:$P$T0$1</name>
         <load_address>0x1bca4</load_address>
         <run_address>0x1bca4</run_address>
         <size>0x5</size>
         <input_file_ref idref="fl-10"/>
      </object_component>
      <object_component id="oc-523">
         <name>.const:.string:v_correct_u8$1</name>
         <load_address>0x1bca9</load_address>
         <run_address>0x1bca9</run_address>
         <size>0x5</size>
         <input_file_ref idref="fl-12"/>
      </object_component>
      <object_component id="oc-63a">
         <name>.cinit..data.load</name>
         <load_address>0x1bcb0</load_address>
         <run_address>0x1bcb0</run_address>
         <size>0x2f</size>
      </object_component>
      <object_component id="oc-637">
         <name>__TI_handler_table</name>
         <load_address>0x1bce0</load_address>
         <run_address>0x1bce0</run_address>
         <size>0xc</size>
      </object_component>
      <object_component id="oc-63b">
         <name>.cinit..bss.load</name>
         <load_address>0x1bcf0</load_address>
         <run_address>0x1bcf0</run_address>
         <size>0x8</size>
      </object_component>
      <object_component id="oc-639">
         <name>.cinit..vtable.load</name>
         <load_address>0x1bcf8</load_address>
         <run_address>0x1bcf8</run_address>
         <size>0x8</size>
      </object_component>
      <object_component id="oc-638">
         <name>__TI_cinit_table</name>
         <load_address>0x1bd00</load_address>
         <run_address>0x1bd00</run_address>
         <size>0x18</size>
      </object_component>
      <object_component id="oc-420">
         <name>.vtable</name>
         <uninitialized>true</uninitialized>
         <run_address>0x20000000</run_address>
         <size>0x26c</size>
         <input_file_ref idref="fl-16"/>
      </object_component>
      <object_component id="oc-c9">
         <name>.data</name>
         <load_address>0x2001b4c8</load_address>
         <run_address>0x2001b4c8</run_address>
         <size>0x30</size>
         <input_file_ref idref="fl-2"/>
      </object_component>
      <object_component id="oc-274">
         <name>.data</name>
         <load_address>0x2001b4f8</load_address>
         <run_address>0x2001b4f8</run_address>
         <size>0x24</size>
         <input_file_ref idref="fl-4"/>
      </object_component>
      <object_component id="oc-511">
         <name>.data</name>
         <load_address>0x2001b51c</load_address>
         <run_address>0x2001b51c</run_address>
         <size>0x8</size>
         <input_file_ref idref="fl-12"/>
      </object_component>
      <object_component id="oc-509">
         <name>.data:v_fifo_data_u8</name>
         <load_address>0x2001b0c8</load_address>
         <run_address>0x2001b0c8</run_address>
         <size>0x400</size>
         <input_file_ref idref="fl-12"/>
      </object_component>
      <object_component id="oc-584">
         <name>.data</name>
         <load_address>0x2001b524</load_address>
         <run_address>0x2001b524</run_address>
         <size>0x4</size>
         <input_file_ref idref="fl-ea"/>
      </object_component>
      <object_component id="oc-506">
         <name>.bss</name>
         <uninitialized>true</uninitialized>
         <run_address>0x20015e78</run_address>
         <size>0x4</size>
         <input_file_ref idref="fl-12"/>
      </object_component>
      <object_component id="oc-514">
         <name>.bss:mag_trim</name>
         <uninitialized>true</uninitialized>
         <run_address>0x20015e5c</run_address>
         <size>0x10</size>
         <input_file_ref idref="fl-12"/>
      </object_component>
      <object_component id="oc-517">
         <name>.bss:akm_asa_data</name>
         <uninitialized>true</uninitialized>
         <run_address>0x20015eb8</run_address>
         <size>0x3</size>
         <input_file_ref idref="fl-12"/>
      </object_component>
      <object_component id="oc-51a">
         <name>.bss:yas532_data</name>
         <uninitialized>true</uninitialized>
         <run_address>0x20015d60</run_address>
         <size>0x70</size>
         <input_file_ref idref="fl-12"/>
      </object_component>
      <object_component id="oc-11f">
         <name>.common:RELOJ</name>
         <uninitialized>true</uninitialized>
         <run_address>0x20015e9c</run_address>
         <size>0x4</size>
      </object_component>
      <object_component id="oc-12c">
         <name>.common:atrImagenes</name>
         <uninitialized>true</uninitialized>
         <run_address>0x20015cb0</run_address>
         <size>0xb0</size>
      </object_component>
      <object_component id="oc-14e">
         <name>.common:matrizDibujoRealizado</name>
         <uninitialized>true</uninitialized>
         <run_address>0x2000c26c</run_address>
         <size>0x4000</size>
      </object_component>
      <object_component id="oc-150">
         <name>.common:vector_codificado</name>
         <uninitialized>true</uninitialized>
         <run_address>0x2001426c</run_address>
         <size>0x1000</size>
      </object_component>
      <object_component id="oc-14d">
         <name>.common:matriz_imagen_original</name>
         <uninitialized>true</uninitialized>
         <run_address>0x2001026c</run_address>
         <size>0x4000</size>
      </object_component>
      <object_component id="oc-14f">
         <name>.common:matriz_imagen_din_RGB</name>
         <uninitialized>true</uninitialized>
         <run_address>0x2000026c</run_address>
         <size>0xc000</size>
      </object_component>
      <object_component id="oc-128">
         <name>.common:volumen</name>
         <uninitialized>true</uninitialized>
         <run_address>0x20015eb0</run_address>
         <size>0x4</size>
      </object_component>
      <object_component id="oc-129">
         <name>.common:volumenAnt</name>
         <uninitialized>true</uninitialized>
         <run_address>0x20015eb4</run_address>
         <size>0x4</size>
      </object_component>
      <object_component id="oc-13a">
         <name>.common:string</name>
         <uninitialized>true</uninitialized>
         <run_address>0x20015e48</run_address>
         <size>0x14</size>
      </object_component>
      <object_component id="oc-12b">
         <name>.common:best_scores</name>
         <uninitialized>true</uninitialized>
         <run_address>0x20015e0c</run_address>
         <size>0x28</size>
      </object_component>
      <object_component id="oc-12a">
         <name>.common:progreso_total</name>
         <uninitialized>true</uninitialized>
         <run_address>0x20015eac</run_address>
         <size>0x4</size>
      </object_component>
      <object_component id="oc-3be">
         <name>.common:I2C_Base</name>
         <uninitialized>true</uninitialized>
         <run_address>0x20015e88</run_address>
         <size>0x4</size>
      </object_component>
      <object_component id="oc-14c">
         <name>.common:POSX</name>
         <uninitialized>true</uninitialized>
         <run_address>0x20015e94</run_address>
         <size>0x4</size>
      </object_component>
      <object_component id="oc-12d">
         <name>.common:POSY</name>
         <uninitialized>true</uninitialized>
         <run_address>0x20015e98</run_address>
         <size>0x4</size>
      </object_component>
      <object_component id="oc-2c7">
         <name>.common:BufferXY</name>
         <uninitialized>true</uninitialized>
         <run_address>0x20015e7c</run_address>
         <size>0x4</size>
      </object_component>
      <object_component id="oc-273">
         <name>.common:posicion</name>
         <uninitialized>true</uninitialized>
         <run_address>0x20015ea8</run_address>
         <size>0x4</size>
      </object_component>
      <object_component id="oc-2c6">
         <name>.common:SSI_BASE</name>
         <uninitialized>true</uninitialized>
         <run_address>0x20015ea0</run_address>
         <size>0x4</size>
      </object_component>
      <object_component id="oc-2c0">
         <name>.common:CS_PORT</name>
         <uninitialized>true</uninitialized>
         <run_address>0x20015e84</run_address>
         <size>0x4</size>
      </object_component>
      <object_component id="oc-2c3">
         <name>.common:CS_PIN</name>
         <uninitialized>true</uninitialized>
         <run_address>0x20015e80</run_address>
         <size>0x4</size>
      </object_component>
      <object_component id="oc-2c4">
         <name>.common:PD_PORT</name>
         <uninitialized>true</uninitialized>
         <run_address>0x20015e90</run_address>
         <size>0x4</size>
      </object_component>
      <object_component id="oc-2c5">
         <name>.common:PD_PIN</name>
         <uninitialized>true</uninitialized>
         <run_address>0x20015e8c</run_address>
         <size>0x4</size>
      </object_component>
      <object_component id="oc-3ce">
         <name>.common:p_bme280</name>
         <uninitialized>true</uninitialized>
         <run_address>0x20015ea4</run_address>
         <size>0x4</size>
      </object_component>
      <object_component id="oc-3c2">
         <name>.common:bme280</name>
         <uninitialized>true</uninitialized>
         <run_address>0x20015dd0</run_address>
         <size>0x3c</size>
      </object_component>
      <object_component id="oc-3f6">
         <name>.common:s_bmi160</name>
         <uninitialized>true</uninitialized>
         <run_address>0x20015e34</run_address>
         <size>0x14</size>
      </object_component>
      <object_component id="oc-3f9">
         <name>.common:gyroxyz</name>
         <uninitialized>true</uninitialized>
         <run_address>0x20015e72</run_address>
         <size>0x6</size>
      </object_component>
      <object_component id="oc-3fa">
         <name>.common:accelxyz</name>
         <uninitialized>true</uninitialized>
         <run_address>0x20015e6c</run_address>
         <size>0x6</size>
      </object_component>
      <object_component id="oc-50c">
         <name>.common:accel_fifo</name>
         <uninitialized>true</uninitialized>
         <run_address>0x2001526c</run_address>
         <size>0x36c</size>
      </object_component>
      <object_component id="oc-50f">
         <name>.common:gyro_fifo</name>
         <uninitialized>true</uninitialized>
         <run_address>0x200155d8</run_address>
         <size>0x36c</size>
      </object_component>
      <object_component id="oc-510">
         <name>.common:mag_fifo</name>
         <uninitialized>true</uninitialized>
         <run_address>0x20015944</run_address>
         <size>0x36c</size>
      </object_component>
      <object_component id="oc-24">
         <name>.stack</name>
         <uninitialized>true</uninitialized>
         <run_address>0x20015ec0</run_address>
         <size>0x4</size>
         <input_file_ref idref="fl-eb"/>
      </object_component>
      <object_component id="oc-63d">
         <name>.stack</name>
         <uninitialized>true</uninitialized>
         <run_address>0x20015ec0</run_address>
         <size>0x0</size>
      </object_component>
      <object_component id="oc-b7">
         <name>.debug_info</name>
         <load_address>0x0</load_address>
         <run_address>0x0</run_address>
         <size>0xce1</size>
         <input_file_ref idref="fl-2"/>
      </object_component>
      <object_component id="oc-ca">
         <name>.debug_info</name>
         <load_address>0xce1</load_address>
         <run_address>0xce1</run_address>
         <size>0x26d</size>
         <input_file_ref idref="fl-2"/>
      </object_component>
      <object_component id="oc-11d">
         <name>.debug_info</name>
         <load_address>0xf4e</load_address>
         <run_address>0xf4e</run_address>
         <size>0xde</size>
         <input_file_ref idref="fl-2"/>
      </object_component>
      <object_component id="oc-152">
         <name>.debug_info</name>
         <load_address>0x102c</load_address>
         <run_address>0x102c</run_address>
         <size>0xdf</size>
         <input_file_ref idref="fl-2"/>
      </object_component>
      <object_component id="oc-155">
         <name>.debug_info</name>
         <load_address>0x110b</load_address>
         <run_address>0x110b</run_address>
         <size>0xdf</size>
         <input_file_ref idref="fl-2"/>
      </object_component>
      <object_component id="oc-158">
         <name>.debug_info</name>
         <load_address>0x11ea</load_address>
         <run_address>0x11ea</run_address>
         <size>0xdf</size>
         <input_file_ref idref="fl-2"/>
      </object_component>
      <object_component id="oc-9c">
         <name>.debug_info</name>
         <load_address>0x12c9</load_address>
         <run_address>0x12c9</run_address>
         <size>0x243c</size>
         <input_file_ref idref="fl-2"/>
      </object_component>
      <object_component id="oc-70">
         <name>.debug_info</name>
         <load_address>0x3705</load_address>
         <run_address>0x3705</run_address>
         <size>0x26b</size>
         <input_file_ref idref="fl-2"/>
      </object_component>
      <object_component id="oc-1aa">
         <name>.debug_info</name>
         <load_address>0x3970</load_address>
         <run_address>0x3970</run_address>
         <size>0x186</size>
         <input_file_ref idref="fl-2"/>
      </object_component>
      <object_component id="oc-b2">
         <name>.debug_info</name>
         <load_address>0x3af6</load_address>
         <run_address>0x3af6</run_address>
         <size>0x8b</size>
         <input_file_ref idref="fl-2"/>
      </object_component>
      <object_component id="oc-ad">
         <name>.debug_info</name>
         <load_address>0x3b81</load_address>
         <run_address>0x3b81</run_address>
         <size>0x2a4</size>
         <input_file_ref idref="fl-2"/>
      </object_component>
      <object_component id="oc-75">
         <name>.debug_info</name>
         <load_address>0x3e25</load_address>
         <run_address>0x3e25</run_address>
         <size>0xbb</size>
         <input_file_ref idref="fl-2"/>
      </object_component>
      <object_component id="oc-1a0">
         <name>.debug_info</name>
         <load_address>0x3ee0</load_address>
         <run_address>0x3ee0</run_address>
         <size>0x6c6</size>
         <input_file_ref idref="fl-2"/>
      </object_component>
      <object_component id="oc-278">
         <name>.debug_info</name>
         <load_address>0x45a6</load_address>
         <run_address>0x45a6</run_address>
         <size>0x2c</size>
         <input_file_ref idref="fl-2"/>
      </object_component>
      <object_component id="oc-1a5">
         <name>.debug_info</name>
         <load_address>0x45d2</load_address>
         <run_address>0x45d2</run_address>
         <size>0x35</size>
         <input_file_ref idref="fl-2"/>
      </object_component>
      <object_component id="oc-15b">
         <name>.debug_info</name>
         <load_address>0x4607</load_address>
         <run_address>0x4607</run_address>
         <size>0x163</size>
         <input_file_ref idref="fl-2"/>
      </object_component>
      <object_component id="oc-3bf">
         <name>.debug_info</name>
         <load_address>0x476a</load_address>
         <run_address>0x476a</run_address>
         <size>0x605</size>
         <input_file_ref idref="fl-3"/>
      </object_component>
      <object_component id="oc-212">
         <name>.debug_info</name>
         <load_address>0x4d6f</load_address>
         <run_address>0x4d6f</run_address>
         <size>0xec7</size>
         <input_file_ref idref="fl-3"/>
      </object_component>
      <object_component id="oc-120">
         <name>.debug_info</name>
         <load_address>0x5c36</load_address>
         <run_address>0x5c36</run_address>
         <size>0xcc3</size>
         <input_file_ref idref="fl-4"/>
      </object_component>
      <object_component id="oc-275">
         <name>.debug_info</name>
         <load_address>0x68f9</load_address>
         <run_address>0x68f9</run_address>
         <size>0x227</size>
         <input_file_ref idref="fl-4"/>
      </object_component>
      <object_component id="oc-271">
         <name>.debug_info</name>
         <load_address>0x6b20</load_address>
         <run_address>0x6b20</run_address>
         <size>0xe5</size>
         <input_file_ref idref="fl-4"/>
      </object_component>
      <object_component id="oc-cd">
         <name>.debug_info</name>
         <load_address>0x6c05</load_address>
         <run_address>0x6c05</run_address>
         <size>0xdd7</size>
         <input_file_ref idref="fl-4"/>
      </object_component>
      <object_component id="oc-2c1">
         <name>.debug_info</name>
         <load_address>0x79dc</load_address>
         <run_address>0x79dc</run_address>
         <size>0x607</size>
         <input_file_ref idref="fl-5"/>
      </object_component>
      <object_component id="oc-f7">
         <name>.debug_info</name>
         <load_address>0x7fe3</load_address>
         <run_address>0x7fe3</run_address>
         <size>0x3fe7</size>
         <input_file_ref idref="fl-5"/>
      </object_component>
      <object_component id="oc-2f">
         <name>.debug_info</name>
         <load_address>0xbfca</load_address>
         <run_address>0xbfca</run_address>
         <size>0x2aa</size>
         <input_file_ref idref="fl-6"/>
      </object_component>
      <object_component id="oc-13">
         <name>.debug_info</name>
         <load_address>0xc274</load_address>
         <run_address>0xc274</run_address>
         <size>0xe9</size>
         <input_file_ref idref="fl-6"/>
      </object_component>
      <object_component id="oc-28">
         <name>.debug_info</name>
         <load_address>0xc35d</load_address>
         <run_address>0xc35d</run_address>
         <size>0x268</size>
         <input_file_ref idref="fl-6"/>
      </object_component>
      <object_component id="oc-36">
         <name>.debug_info</name>
         <load_address>0xc5c5</load_address>
         <run_address>0xc5c5</run_address>
         <size>0x84</size>
         <input_file_ref idref="fl-6"/>
      </object_component>
      <object_component id="oc-22c">
         <name>.debug_info</name>
         <load_address>0xc649</load_address>
         <run_address>0xc649</run_address>
         <size>0x4e7</size>
         <input_file_ref idref="fl-e"/>
      </object_component>
      <object_component id="oc-3cf">
         <name>.debug_info</name>
         <load_address>0xcb30</load_address>
         <run_address>0xcb30</run_address>
         <size>0x30d</size>
         <input_file_ref idref="fl-f"/>
      </object_component>
      <object_component id="oc-21d">
         <name>.debug_info</name>
         <load_address>0xce3d</load_address>
         <run_address>0xce3d</run_address>
         <size>0x3f79</size>
         <input_file_ref idref="fl-f"/>
      </object_component>
      <object_component id="oc-3c9">
         <name>.debug_info</name>
         <load_address>0x10db6</load_address>
         <run_address>0x10db6</run_address>
         <size>0x338</size>
         <input_file_ref idref="fl-f"/>
      </object_component>
      <object_component id="oc-3c3">
         <name>.debug_info</name>
         <load_address>0x110ee</load_address>
         <run_address>0x110ee</run_address>
         <size>0x873</size>
         <input_file_ref idref="fl-10"/>
      </object_component>
      <object_component id="oc-3c6">
         <name>.debug_info</name>
         <load_address>0x11961</load_address>
         <run_address>0x11961</run_address>
         <size>0xd7</size>
         <input_file_ref idref="fl-10"/>
      </object_component>
      <object_component id="oc-218">
         <name>.debug_info</name>
         <load_address>0x11a38</load_address>
         <run_address>0x11a38</run_address>
         <size>0xbd6</size>
         <input_file_ref idref="fl-10"/>
      </object_component>
      <object_component id="oc-3f7">
         <name>.debug_info</name>
         <load_address>0x1260e</load_address>
         <run_address>0x1260e</run_address>
         <size>0xd38</size>
         <input_file_ref idref="fl-11"/>
      </object_component>
      <object_component id="oc-226">
         <name>.debug_info</name>
         <load_address>0x13346</load_address>
         <run_address>0x13346</run_address>
         <size>0x1b0e</size>
         <input_file_ref idref="fl-11"/>
      </object_component>
      <object_component id="oc-3fc">
         <name>.debug_info</name>
         <load_address>0x14e54</load_address>
         <run_address>0x14e54</run_address>
         <size>0x6d1</size>
         <input_file_ref idref="fl-11"/>
      </object_component>
      <object_component id="oc-401">
         <name>.debug_info</name>
         <load_address>0x15525</load_address>
         <run_address>0x15525</run_address>
         <size>0x7d</size>
         <input_file_ref idref="fl-11"/>
      </object_component>
      <object_component id="oc-528">
         <name>.debug_info</name>
         <load_address>0x155a2</load_address>
         <run_address>0x155a2</run_address>
         <size>0x28</size>
         <input_file_ref idref="fl-11"/>
      </object_component>
      <object_component id="oc-50d">
         <name>.debug_info</name>
         <load_address>0x155ca</load_address>
         <run_address>0x155ca</run_address>
         <size>0x4a7</size>
         <input_file_ref idref="fl-12"/>
      </object_component>
      <object_component id="oc-51e">
         <name>.debug_info</name>
         <load_address>0x15a71</load_address>
         <run_address>0x15a71</run_address>
         <size>0xdd</size>
         <input_file_ref idref="fl-12"/>
      </object_component>
      <object_component id="oc-507">
         <name>.debug_info</name>
         <load_address>0x15b4e</load_address>
         <run_address>0x15b4e</run_address>
         <size>0xd0</size>
         <input_file_ref idref="fl-12"/>
      </object_component>
      <object_component id="oc-515">
         <name>.debug_info</name>
         <load_address>0x15c1e</load_address>
         <run_address>0x15c1e</run_address>
         <size>0xd0</size>
         <input_file_ref idref="fl-12"/>
      </object_component>
      <object_component id="oc-512">
         <name>.debug_info</name>
         <load_address>0x15cee</load_address>
         <run_address>0x15cee</run_address>
         <size>0x130</size>
         <input_file_ref idref="fl-12"/>
      </object_component>
      <object_component id="oc-518">
         <name>.debug_info</name>
         <load_address>0x15e1e</load_address>
         <run_address>0x15e1e</run_address>
         <size>0xd8</size>
         <input_file_ref idref="fl-12"/>
      </object_component>
      <object_component id="oc-50a">
         <name>.debug_info</name>
         <load_address>0x15ef6</load_address>
         <run_address>0x15ef6</run_address>
         <size>0xdd</size>
         <input_file_ref idref="fl-12"/>
[...]
      </symbol>
      <symbol id="sm-f6b">
         <name>GPIOPinTypeI2C</name>
         <value>0x16a2f</value>
         <object_component_ref idref="oc-388"/>
      </symbol>
      <symbol id="sm-f6c">
         <name>GPIOPinTypeGPIOInput</name>
         <value>0x16a19</value>
         <object_component_ref idref="oc-1c3"/>
      </symbol>
      <symbol id="sm-f6d">
         <name>GPIOPinTypeGPIOOutput</name>
         <value>0x1699d</value>
         <object_component_ref idref="oc-1bd"/>
      </symbol>
      <symbol id="sm-f6e">
         <name>GPIOPinRead</name>
         <value>0x16c49</value>
         <object_component_ref idref="oc-37c"/>
      </symbol>
      <symbol id="sm-f6f">
         <name>GPIODirModeSet</name>
         <value>0x1684b</value>
         <object_component_ref idref="oc-351"/>
      </symbol>
      <symbol id="sm-f70">
         <name>GPIOPinWrite</name>
         <value>0x16c4f</value>
         <object_component_ref idref="oc-2ba"/>
      </symbol>
      <symbol id="sm-f71">
         <name>GPIOPadConfigSet</name>
         <value>0x151e1</value>
         <object_component_ref idref="oc-34b"/>
      </symbol>
      <symbol id="sm-f72">
         <name>GPIOPinTypeSSI</name>
         <value>0x16a71</value>
         <object_component_ref idref="oc-296"/>
      </symbol>
      <symbol id="sm-fbe">
         <name>I2CMasterDataPut</name>
         <value>0x16c6d</value>
         <object_component_ref idref="oc-3b2"/>
      </symbol>
      <symbol id="sm-fbf">
         <name>I2CMasterInitExpClk</name>
         <value>0x1626d</value>
         <object_component_ref idref="oc-38e"/>
      </symbol>
      <symbol id="sm-fc0">
         <name>I2CMasterSlaveAddrSet</name>
         <value>0x16c29</value>
         <object_component_ref idref="oc-39a"/>
      </symbol>
      <symbol id="sm-fc1">
         <name>I2CMasterDataGet</name>
         <value>0x16c69</value>
         <object_component_ref idref="oc-3b8"/>
      </symbol>
      <symbol id="sm-fc2">
         <name>I2CMasterErr</name>
         <value>0x16a87</value>
         <object_component_ref idref="oc-3a6"/>
      </symbol>
      <symbol id="sm-fc3">
         <name>I2CMasterControl</name>
         <value>0x16c65</value>
         <object_component_ref idref="oc-3a0"/>
      </symbol>
      <symbol id="sm-fc4">
         <name>I2CMasterBusy</name>
         <value>0x16c21</value>
         <object_component_ref idref="oc-3ac"/>
      </symbol>
      <symbol id="sm-fc5">
         <name>I2CMasterEnable</name>
         <value>0x16bf9</value>
         <object_component_ref idref="oc-394"/>
      </symbol>
      <symbol id="sm-fff">
         <name>IntEnable</name>
         <value>0x15f41</value>
         <object_component_ref idref="oc-1ec"/>
      </symbol>
      <symbol id="sm-1000">
         <name>IntRegister</name>
         <value>0x16719</value>
         <object_component_ref idref="oc-27d"/>
      </symbol>
      <symbol id="sm-1001">
         <name>g_pfnRAMVectors</name>
         <value>0x20000000</value>
         <object_component_ref idref="oc-420"/>
      </symbol>
      <symbol id="sm-1002">
         <name>IntMasterEnable</name>
         <value>0x16b61</value>
         <object_component_ref idref="oc-ea"/>
      </symbol>
      <symbol id="sm-1039">
         <name>PWMGenPeriodSet</name>
         <value>0x16b71</value>
         <object_component_ref idref="oc-258"/>
      </symbol>
      <symbol id="sm-103a">
         <name>PWMClockSet</name>
         <value>0x16ab5</value>
         <object_component_ref idref="oc-246"/>
      </symbol>
      <symbol id="sm-103b">
         <name>PWMPulseWidthSet</name>
         <value>0x16929</value>
         <object_component_ref idref="oc-26a"/>
      </symbol>
      <symbol id="sm-103c">
         <name>PWMOutputState</name>
         <value>0x16b19</value>
         <object_component_ref idref="oc-25e"/>
      </symbol>
      <symbol id="sm-103d">
         <name>PWMGenEnable</name>
         <value>0x16bc9</value>
         <object_component_ref idref="oc-264"/>
      </symbol>
      <symbol id="sm-103e">
         <name>PWMGenConfigure</name>
         <value>0x168a3</value>
         <object_component_ref idref="oc-240"/>
      </symbol>
      <symbol id="sm-108c">
         <name>SHAMD5DataProcess</name>
         <value>0x16877</value>
         <object_component_ref idref="oc-116"/>
      </symbol>
      <symbol id="sm-108d">
         <name>SHAMD5Reset</name>
         <value>0x168c5</value>
         <object_component_ref idref="oc-234"/>
      </symbol>
      <symbol id="sm-108e">
         <name>SHAMD5DataWrite</name>
         <value>0x16947</value>
         <object_component_ref idref="oc-43e"/>
      </symbol>
      <symbol id="sm-108f">
         <name>SHAMD5ResultRead</name>
         <value>0x16539</value>
         <object_component_ref idref="oc-2da"/>
      </symbol>
      <symbol id="sm-1090">
         <name>SHAMD5HashLengthSet</name>
         <value>0x16c75</value>
         <object_component_ref idref="oc-2ce"/>
      </symbol>
      <symbol id="sm-1091">
         <name>SHAMD5ConfigSet</name>
         <value>0x16c71</value>
         <object_component_ref idref="oc-23a"/>
      </symbol>
      <symbol id="sm-10c1">
         <name>SSIDataPut</name>
         <value>0x16c03</value>
         <object_component_ref idref="oc-2a8"/>
      </symbol>
      <symbol id="sm-10c2">
         <name>SSIDataGet</name>
         <value>0x16bd5</value>
         <object_component_ref idref="oc-2b4"/>
      </symbol>
      <symbol id="sm-10c3">
         <name>SSIConfigSetExpClk</name>
         <value>0x165f7</value>
         <object_component_ref idref="oc-29c"/>
      </symbol>
      <symbol id="sm-10c4">
         <name>SSIEnable</name>
         <value>0x16c0d</value>
         <object_component_ref idref="oc-2a2"/>
      </symbol>
      <symbol id="sm-10c5">
         <name>SSIBusy</name>
         <value>0x16c31</value>
         <object_component_ref idref="oc-2ae"/>
      </symbol>
      <symbol id="sm-1163">
         <name>SysCtlPeripheralClockGating</name>
         <value>0x16351</value>
         <object_component_ref idref="oc-204"/>
      </symbol>
      <symbol id="sm-1164">
         <name>SysCtlDelay</name>
         <value>0x16c55</value>
         <object_component_ref idref="oc-141"/>
      </symbol>
      <symbol id="sm-1165">
         <name>SysCtlPeripheralEnable</name>
         <value>0x1674d</value>
         <object_component_ref idref="oc-1b7"/>
      </symbol>
      <symbol id="sm-1166">
         <name>SysCtlPeripheralSleepEnable</name>
         <value>0x16781</value>
         <object_component_ref idref="oc-1fe"/>
      </symbol>
      <symbol id="sm-1167">
         <name>SysCtlPeripheralReady</name>
         <value>0x166a9</value>
         <object_component_ref idref="oc-22e"/>
      </symbol>
      <symbol id="sm-1168">
         <name>SysCtlClockFreqSet</name>
         <value>0x14a59</value>
         <object_component_ref idref="oc-1b1"/>
      </symbol>
      <symbol id="sm-1169">
         <name>SysCtlPeripheralReset</name>
         <value>0x161d1</value>
         <object_component_ref idref="oc-375"/>
      </symbol>
      <symbol id="sm-1196">
         <name>SysTickEnable</name>
         <value>0x16ac9</value>
         <object_component_ref idref="oc-e4"/>
      </symbol>
      <symbol id="sm-1197">
         <name>SysTickIntRegister</name>
         <value>0x16965</value>
         <object_component_ref idref="oc-d2"/>
      </symbol>
      <symbol id="sm-1198">
         <name>SysTickIntEnable</name>
         <value>0x16add</value>
         <object_component_ref idref="oc-de"/>
      </symbol>
      <symbol id="sm-1199">
         <name>SysTickPeriodSet</name>
         <value>0x16b81</value>
         <object_component_ref idref="oc-d8"/>
      </symbol>
      <symbol id="sm-1204">
         <name>TimerLoadSet</name>
         <value>0x16b2b</value>
         <object_component_ref idref="oc-1e0"/>
      </symbol>
      <symbol id="sm-1205">
         <name>TimerIntRegister</name>
         <value>0x169d1</value>
         <object_component_ref idref="oc-1e6"/>
      </symbol>
      <symbol id="sm-1206">
         <name>TimerEnable</name>
         <value>0x16ba1</value>
         <object_component_ref idref="oc-1f8"/>
      </symbol>
      <symbol id="sm-1207">
         <name>TimerPrescaleSet</name>
         <value>0x16b3d</value>
         <object_component_ref idref="oc-1d5"/>
      </symbol>
      <symbol id="sm-1208">
         <name>TimerIntEnable</name>
         <value>0x16c39</value>
         <object_component_ref idref="oc-1f2"/>
      </symbol>
      <symbol id="sm-1209">
         <name>TimerClockSourceSet</name>
         <value>0x16c5b</value>
         <object_component_ref idref="oc-1c9"/>
      </symbol>
      <symbol id="sm-120a">
         <name>TimerConfigure</name>
         <value>0x16075</value>
         <object_component_ref idref="oc-1cf"/>
      </symbol>
      <symbol id="sm-120b">
         <name>TimerIntClear</name>
         <value>0x16c79</value>
         <object_component_ref idref="oc-13b"/>
      </symbol>
      <symbol id="sm-121e">
         <name>CPUcpsie</name>
         <value>0x16bbd</value>
         <object_component_ref idref="oc-28d"/>
      </symbol>
      <symbol id="sm-121f">
         <name>CPUwfi</name>
         <value>0x16c61</value>
         <object_component_ref idref="oc-fc"/>
      </symbol>
      <symbol id="sm-1261">
         <name>exp2l</name>
         <value>0x14c59</value>
         <object_component_ref idref="oc-406"/>
      </symbol>
      <symbol id="sm-1262">
         <name>exp2</name>
         <value>0x14c59</value>
         <object_component_ref idref="oc-406"/>
      </symbol>
      <symbol id="sm-1289">
         <name>sprintf</name>
         <value>0x16579</value>
         <object_component_ref idref="oc-134"/>
      </symbol>
      <symbol id="sm-12a0">
         <name>__aeabi_dsub</name>
         <value>0x15029</value>
         <object_component_ref idref="oc-10c"/>
      </symbol>
      <symbol id="sm-12a1">
         <name>__aeabi_dadd</name>
         <value>0x15033</value>
         <object_component_ref idref="oc-10c"/>
      </symbol>
      <symbol id="sm-12c3">
         <name>__aeabi_cdcmpeq</name>
         <value>0x15c71</value>
         <object_component_ref idref="oc-3db"/>
      </symbol>
      <symbol id="sm-12c4">
         <name>__aeabi_cdcmple</name>
         <value>0x15c71</value>
         <object_component_ref idref="oc-3db"/>
      </symbol>
      <symbol id="sm-12c5">
         <name>__aeabi_cdrcmple</name>
         <value>0x15cf7</value>
         <object_component_ref idref="oc-3e0"/>
      </symbol>
      <symbol id="sm-12d9">
         <name>__aeabi_ddiv</name>
         <value>0x15489</value>
         <object_component_ref idref="oc-3d6"/>
      </symbol>
      <symbol id="sm-12e4">
         <name>__aeabi_dmul</name>
         <value>0x157f5</value>
         <object_component_ref idref="oc-107"/>
      </symbol>
      <symbol id="sm-12ee">
         <name>__aeabi_d2iz</name>
         <value>0x163e1</value>
         <object_component_ref idref="oc-147"/>
      </symbol>
      <symbol id="sm-12fa">
         <name>__aeabi_d2f</name>
         <value>0x15e65</value>
         <object_component_ref idref="oc-111"/>
      </symbol>
      <symbol id="sm-1304">
         <name>__aeabi_d2uiz</name>
         <value>0x164b5</value>
         <object_component_ref idref="oc-1db"/>
      </symbol>
      <symbol id="sm-130f">
         <name>__aeabi_f2d</name>
         <value>0x166e1</value>
         <object_component_ref idref="oc-102"/>
      </symbol>
      <symbol id="sm-1319">
         <name>__aeabi_i2d</name>
         <value>0x1681d</value>
         <object_component_ref idref="oc-3d1"/>
      </symbol>
      <symbol id="sm-1322">
         <name>__aeabi_lmul</name>
         <value>0x16a01</value>
         <object_component_ref idref="oc-3e5"/>
      </symbol>
      <symbol id="sm-133d">
         <name>memcpy</name>
         <value>0x15b3f</value>
         <object_component_ref idref="oc-3b"/>
      </symbol>
      <symbol id="sm-133e">
         <name>__aeabi_memcpy</name>
         <value>0x15b3f</value>
         <object_component_ref idref="oc-3b"/>
      </symbol>
      <symbol id="sm-133f">
         <name>__aeabi_memcpy8</name>
         <value>0x15b3f</value>
         <object_component_ref idref="oc-3b"/>
      </symbol>
      <symbol id="sm-1340">
         <name>__aeabi_memcpy4</name>
         <value>0x15b3f</value>
         <object_component_ref idref="oc-3b"/>
      </symbol>
      <symbol id="sm-134a">
         <name>__aeabi_ui2d</name>
         <value>0x16909</value>
         <object_component_ref idref="oc-142"/>
      </symbol>
      <symbol id="sm-1359">
         <name>__aeabi_memset</name>
         <value>0x15d7f</value>
         <object_component_ref idref="oc-8f"/>
      </symbol>
      <symbol id="sm-135a">
         <name>memset</name>
         <value>0x15d85</value>
         <object_component_ref idref="oc-8f"/>
      </symbol>
      <symbol id="sm-135b">
         <name>__aeabi_memset8</name>
         <value>0x15d7f</value>
         <object_component_ref idref="oc-8f"/>
      </symbol>
      <symbol id="sm-135c">
         <name>__aeabi_memset4</name>
         <value>0x15d7f</value>
         <object_component_ref idref="oc-8f"/>
      </symbol>
      <symbol id="sm-135d">
         <name>__aeabi_memclr8</name>
         <value>0x15d7d</value>
         <object_component_ref idref="oc-8f"/>
      </symbol>
      <symbol id="sm-135e">
         <name>__aeabi_memclr4</name>
         <value>0x15d7d</value>
         <object_component_ref idref="oc-8f"/>
      </symbol>
      <symbol id="sm-135f">
         <name>__aeabi_memclr</name>
         <value>0x15d7d</value>
         <object_component_ref idref="oc-8f"/>
      </symbol>
      <symbol id="sm-136e">
         <name>__aeabi_ldivmod</name>
         <value>0x15ed3</value>
         <object_component_ref idref="oc-3ea"/>
      </symbol>
      <symbol id="sm-137b">
         <name>__aeabi_uldivmod</name>
         <value>0x15bdb</value>
         <object_component_ref idref="oc-500"/>
      </symbol>
      <symbol id="sm-1392">
         <name>__TI_zero_init</name>
         <value>0x16be1</value>
         <object_component_ref idref="oc-4d"/>
      </symbol>
      <symbol id="sm-13a9">
         <name>__TI_decompress_none</name>
         <value>0x16baf</value>
         <object_component_ref idref="oc-1b"/>
      </symbol>
      <symbol id="sm-13cc">
         <name>__TI_decompress_lzss</name>
         <value>0x15fa9</value>
         <object_component_ref idref="oc-15"/>
      </symbol>
      <symbol id="sm-13da">
         <name>strcpy</name>
         <value>0x16af1</value>
         <object_component_ref idref="oc-122"/>
      </symbol>
      <symbol id="sm-13f0">
         <name>__aeabi_errno_addr</name>
         <value>0x16c41</value>
         <object_component_ref idref="oc-482"/>
      </symbol>
      <symbol id="sm-13f1">
         <name>errno</name>
         <value>0x2001b524</value>
         <object_component_ref idref="oc-584"/>
      </symbol>
      <symbol id="sm-1404">
         <name>__stack</name>
         <value>0x20015ec0</value>
         <object_component_ref idref="oc-24"/>
      </symbol>
      <symbol id="sm-1405">
         <name>_c_int00_noargs</name>
         <value>0x167e9</value>
         <object_component_ref idref="oc-59"/>
      </symbol>
      <symbol id="sm-156a">
         <name>__TI_printfi</name>
         <value>0x13301</value>
         <object_component_ref idref="oc-2f5"/>
      </symbol>
      <symbol id="sm-1574">
         <name>__aeabi_idiv0</name>
         <value>0x13d4f</value>
         <object_component_ref idref="oc-4fb"/>
      </symbol>
      <symbol id="sm-1575">
         <name>__aeabi_ldiv0</name>
         <value>0x13d4f</value>
         <object_component_ref idref="oc-4fb"/>
      </symbol>
      <symbol id="sm-159d">
         <name>__TI_auto_init_nobinit_nopinit</name>
         <value>0x16471</value>
         <object_component_ref idref="oc-16c"/>
      </symbol>
      <symbol id="sm-15a7">
         <name>_system_pre_init</name>
         <value>0x16c7d</value>
         <object_component_ref idref="oc-95"/>
      </symbol>
      <symbol id="sm-15b3">
         <name>C$$EXIT</name>
         <value>0x16c81</value>
         <object_component_ref idref="oc-160"/>
      </symbol>
      <symbol id="sm-15b4">
         <name>abort</name>
         <value>0x16c81</value>
         <object_component_ref idref="oc-160"/>
      </symbol>
      <symbol id="sm-15c4">
         <name>__TI_ltoa</name>
         <value>0x1612b</value>
         <object_component_ref idref="oc-547"/>
      </symbol>
      <symbol id="sm-15db">
         <name>atoi</name>
         <value>0x16305</value>
         <object_component_ref idref="oc-452"/>
      </symbol>
      <symbol id="sm-15e6">
         <name>_ctypes_</name>
         <value>0x1b948</value>
         <object_component_ref idref="oc-541"/>
      </symbol>
      <symbol id="sm-15f6">
         <name>memccpy</name>
         <value>0x16981</value>
         <object_component_ref idref="oc-476"/>
      </symbol>
      <symbol id="sm-1606">
         <name>strchr</name>
         <value>0x16a9d</value>
         <object_component_ref idref="oc-574"/>
      </symbol>
      <symbol id="sm-1614">
         <name>strlen</name>
         <value>0x16b05</value>
         <object_component_ref idref="oc-44c"/>
      </symbol>
      <symbol id="sm-1634">
         <name>frexpl</name>
         <value>0x16011</value>
         <object_component_ref idref="oc-568"/>
      </symbol>
      <symbol id="sm-1635">
         <name>frexp</name>
         <value>0x16011</value>
         <object_component_ref idref="oc-568"/>
      </symbol>
      <symbol id="sm-1652">
         <name>scalbn</name>
         <value>0x156e5</value>
         <object_component_ref idref="oc-56e"/>
      </symbol>
      <symbol id="sm-1653">
         <name>scalbnl</name>
         <value>0x156e5</value>
         <object_component_ref idref="oc-56e"/>
      </symbol>
      <symbol id="sm-1654">
         <name>ldexpl</name>
         <value>0x156e5</value>
         <object_component_ref idref="oc-56e"/>
      </symbol>
      <symbol id="sm-1655">
         <name>ldexp</name>
         <value>0x156e5</value>
         <object_component_ref idref="oc-56e"/>
      </symbol>
      <symbol id="sm-165f">
         <name>copysign</name>
         <value>0x169b7</value>
         <object_component_ref idref="oc-5e2"/>
      </symbol>
      <symbol id="sm-1660">
         <name>copysignl</name>
         <value>0x169b7</value>
         <object_component_ref idref="oc-5e2"/>
      </symbol>
      <symbol id="sm-1679">
         <name>wcslen</name>
         <value>0x16b4f</value>
         <object_component_ref idref="oc-47c"/>
      </symbol>
      <symbol id="sm-167a">
         <name>__TI_static_base__</name>
         <value>0x0</value>
      </symbol>
      <symbol id="sm-167d">
         <name>__mpu_init</name>
         <value>0x0</value>
      </symbol>
      <symbol id="sm-167e">
         <name>_system_post_cinit</name>
         <value>0x0</value>
      </symbol>
      <symbol id="sm-167f">
         <name>SysCtlSleep</name>
         <value>0x16c61</value>
      </symbol>
   </symbol_table>
   <title>Link successful</title>
</link_info>
